<html>
<body>
<pre>
<h1>礦ision Build Log</h1>
<h2>Tool Versions:</h2>
IDE-Version: μVision V5.18.0.0
Copyright (C) 2016 ARM Ltd and ARM Germany GmbH. All rights reserved.
License Information: FFFF SS, DD, LIC=V8556-DT9MP-MQZ0F-6TA2B-25WIN-F8TAU
 
Tool Versions:
Toolchain:       MDK-ARM Professional  Version: 5.18
Toolchain Path:  C:\Keil_v5\ARM\ARMCC\Bin
C Compiler:      Armcc.exe V5.06 update 1 (build 61)
Assembler:       Armasm.exe V5.06 update 1 (build 61)
Linker/Locator:  ArmLink.exe V5.06 update 1 (build 61)
Library Manager: ArmAr.exe V5.06 update 1 (build 61)
Hex Converter:   FromElf.exe V5.06 update 1 (build 61)
CPU DLL:         SARMCM3.DLL V5.18
Dialog DLL:      DCM.DLL V1.13.6.0
Target DLL:      UL2CM3.DLL V1.157.5.0
Dialog DLL:      TCM.DLL V1.14.8.0
 
<h2>Project:</h2>
C:\Users\x1c\Desktop\software\Code\STM32\CCBD_Teacher\CCBD_Teacher.uvprojx
Project File Date:  05/17/2018

<h2>Output:</h2>
*** Using Compiler 'V5.06 update 1 (build 61)', folder: 'C:\Keil_v5\ARM\ARMCC\Bin'
Rebuild Project 'CCBD_Teacher' - Target '智慧实训室_集控中心板'
compiling Bsp.c...
compiling delay.c...
compiling UserMain.c...
compiling UART_dataTransfer.c...
C:\Users\x1c\Desktop\software\Code\STM32\CCBD_Teacher\Member_Transfer\UART_dataTransfer.c(131): warning:  #177-D: variable "frame_head" was declared but never referenced
  	const	uint8_t frame_head = 0x7e;
C:\Users\x1c\Desktop\software\Code\STM32\CCBD_Teacher\Member_Transfer\UART_dataTransfer.c(132): warning:  #177-D: variable "frame_tail" was declared but never referenced
  	const uint8_t frame_tail[2] = {0x0d,0x0a};
C:\Users\x1c\Desktop\software\Code\STM32\CCBD_Teacher\Member_Transfer\UART_dataTransfer.c(133): warning:  #177-D: variable "dats_type" was declared but never referenced
  	uint8_t dats_type;
C:\Users\x1c\Desktop\software\Code\STM32\CCBD_Teacher\Member_Transfer\UART_dataTransfer.c(134): warning:  #177-D: variable "dats_length" was declared but never referenced
  	uint8_t dats_length;
C:\Users\x1c\Desktop\software\Code\STM32\CCBD_Teacher\Member_Transfer\UART_dataTransfer.c(135): warning:  #177-D: variable "FRAMEBUF_Android" was declared but never referenced
  	uint8_t FRAMEBUF_Android[FRAME_SIZEAndrod];
C:\Users\x1c\Desktop\software\Code\STM32\CCBD_Teacher\Member_Transfer\UART_dataTransfer.c(136): warning:  #177-D: variable "COREDATS_Android" was declared but never referenced
  	uint8_t COREDATS_Android[COREDATS_SIZEAndrod];
C:\Users\x1c\Desktop\software\Code\STM32\CCBD_Teacher\Member_Transfer\UART_dataTransfer.c(137): warning:  #177-D: variable "DATSBUF_TX" was declared but never referenced
  	uint8_t DATSBUF_TX[FRAME_SIZEAndrod];
C:\Users\x1c\Desktop\software\Code\STM32\CCBD_Teacher\Member_Transfer\UART_dataTransfer.c(148): warning:  #177-D: variable "frame_head" was declared but never referenced
  	const uint8_t frame_head = 0x7e;
C:\Users\x1c\Desktop\software\Code\STM32\CCBD_Teacher\Member_Transfer\UART_dataTransfer.c(149): warning:  #177-D: variable "frame_tail" was declared but never referenced
  	const uint8_t frame_tail[2] = {0x0d,0x0a};
C:\Users\x1c\Desktop\software\Code\STM32\CCBD_Teacher\Member_Transfer\UART_dataTransfer.c(150): warning:  #177-D: variable "dev_addr" was declared but never referenced
  	uint8_t dev_addr;
C:\Users\x1c\Desktop\software\Code\STM32\CCBD_Teacher\Member_Transfer\UART_dataTransfer.c(151): warning:  #177-D: variable "dats_length" was declared but never referenced
  	uint8_t dats_length;
C:\Users\x1c\Desktop\software\Code\STM32\CCBD_Teacher\Member_Transfer\UART_dataTransfer.c(152): warning:  #177-D: variable "FRAMEBUF_Dev485" was declared but never referenced
  	uint8_t FRAMEBUF_Dev485[FRAME_SIZEDev485];
C:\Users\x1c\Desktop\software\Code\STM32\CCBD_Teacher\Member_Transfer\UART_dataTransfer.c(153): warning:  #177-D: variable "COREDATS_Dev485" was declared but never referenced
  	uint8_t COREDATS_Dev485[COREDATS_SIZEDev485];
C:\Users\x1c\Desktop\software\Code\STM32\CCBD_Teacher\Member_Transfer\UART_dataTransfer.c(154): warning:  #177-D: variable "DATSBUF_TX" was declared but never referenced
  	uint8_t DATSBUF_TX[FRAME_SIZEAndrod];
C:\Users\x1c\Desktop\software\Code\STM32\CCBD_Teacher\Member_Transfer\UART_dataTransfer.c(165): warning:  #177-D: variable "frame_head" was declared but never referenced
  	const uint8_t frame_head[2] = {0x55,0xaa};
C:\Users\x1c\Desktop\software\Code\STM32\CCBD_Teacher\Member_Transfer\UART_dataTransfer.c(166): warning:  #177-D: variable "frame_tail" was declared but never referenced
  	uint8_t frame_tail[2];
C:\Users\x1c\Desktop\software\Code\STM32\CCBD_Teacher\Member_Transfer\UART_dataTransfer.c(168): warning:  #177-D: variable "COREDATS_RFID" was declared but never referenced
  	uint8_t COREDATS_RFID[COREDATS_SIZERFID];
C:\Users\x1c\Desktop\software\Code\STM32\CCBD_Teacher\Member_Transfer\UART_dataTransfer.c(169): warning:  #177-D: variable "DATSBUF_TX" was declared but never referenced
  	uint8_t DATSBUF_TX[FRAME_SIZEAndrod];
C:\Users\x1c\Desktop\software\Code\STM32\CCBD_Teacher\Member_Transfer\UART_dataTransfer.c(186): warning:  #177-D: variable "FRAMEBUF_Zigbee" was declared but never referenced
  	uint8_t FRAMEBUF_Zigbee[FRAME_SIZEZigbee];
C:\Users\x1c\Desktop\software\Code\STM32\CCBD_Teacher\Member_Transfer\UART_dataTransfer.c(187): warning:  #177-D: variable "COREDATS_Zigbee" was declared but never referenced
  	uint8_t COREDATS_Zigbee[COREDATS_SIZEZigbee];
C:\Users\x1c\Desktop\software\Code\STM32\CCBD_Teacher\Member_Transfer\UART_dataTransfer.c(188): warning:  #177-D: variable "DATSBUF_TX" was declared but never referenced
  	uint8_t DATSBUF_TX[FRAME_SIZEAndrod];
Member_Transfer\UART_dataTransfer.c: 21 warnings, 0 errors
compiling sourceControl.c...
compiling RTX_Conf_CM.c...
compiling USART_STM32F10x.c...
compiling CAN_STM32F10x.c...
compiling misc.c...
compiling stm32f10x_gpio.c...
compiling stm32f10x_rcc.c...
compiling stm32f10x_usart.c...
assembling startup_stm32f10x_hd.s...
compiling GPIO_STM32F10x.c...
compiling system_stm32f10x.c...
linking...
Program Size: Code=14456 RO-data=1004 RW-data=108 ZI-data=4980  
".\Objects\CCBD.axf" - 0 Error(s), 21 Warning(s).

<h2>Software Packages used:</h2>

Package Vendor: ARM
                http://www.keil.com/pack/ARM.CMSIS.4.5.0.pack
                ::CMSIS:RTOS:1.0 (API)
                CMSIS (Cortex Microcontroller Software Interface Standard)
   * Component: RTOS Version: 1.0
   * Component: CAN Version: 1.00
   * Component: CORE Version: 4.3.0
   * Component: Keil RTX Version: 4.80.0

Package Vendor: Keil
                http://www.keil.com/pack/Keil.STM32F1xx_DFP.2.2.0.pack
                Keil::Device:StdPeriph Drivers:RCC:3.5.0
                STMicroelectronics STM32F1 Series Device Support, Drivers and Examples
   * Component: RCC Version: 3.5.0
   * Component: GPIO Version: 3.5.0
   * Component: USART Version: 3.5.0
   * Component: GPIO Version: 1.3
   * Component: CAN Version: 1.6
   * Component: Startup Version: 1.0.0
   * Component: Framework Version: 3.5.1

<h2>Collection of Component include folders:</h2>
  C:\Users\x1c\Desktop\software\Code\STM32\CCBD_Teacher\RTE
  C:\Users\x1c\Desktop\software\Code\STM32\CCBD_Teacher\RTE\Device\STM32F103RC
  C:\Keil_v5\ARM\PACK\ARM\CMSIS\4.5.0\CMSIS\Driver\Include
  C:\Keil_v5\ARM\PACK\ARM\CMSIS\4.5.0\CMSIS\Include
  C:\Keil_v5\ARM\PACK\ARM\CMSIS\4.5.0\CMSIS\RTOS\RTX\INC
  C:\Keil_v5\ARM\PACK\Keil\STM32F1xx_DFP\2.2.0\Device\Include
  C:\Keil_v5\ARM\PACK\Keil\STM32F1xx_DFP\2.2.0\Device\StdPeriph_Driver\inc
  C:\Keil_v5\ARM\PACK\Keil\STM32F1xx_DFP\2.2.0\RTE_Driver

<h2>Collection of Component Files used:</h2>

   * Component: ::CMSIS:RTOS:1.0 (API)

   * Component: ::CMSIS Driver:CAN:1.00 (API)
      Include file:  CMSIS\Driver\Include\Driver_CAN.h

   * Component: ARM::CMSIS:CORE:4.3.0

   * Component: ARM::CMSIS:RTOS:Keil RTX:4.80.0
      Source file:   CMSIS\RTOS\RTX\Templates\RTX_Conf_CM.c
      Source file:   CMSIS\RTOS\RTX\UserCodeTemplates\MsgQueue.c
      Source file:   CMSIS\RTOS\RTX\UserCodeTemplates\Mutex.c
      Source file:   CMSIS\RTOS\RTX\UserCodeTemplates\Thread.c
      Source file:   CMSIS\RTOS\RTX\UserCodeTemplates\Timer.c
      Source file:   CMSIS\RTOS\RTX\UserCodeTemplates\main.c
      Source file:   CMSIS\RTOS\RTX\UserCodeTemplates\MailQueue.c
      Source file:   CMSIS\RTOS\RTX\UserCodeTemplates\MemPool.c
      Source file:   CMSIS\RTOS\RTX\UserCodeTemplates\Semaphore.c
      Include file:  CMSIS\RTOS\RTX\INC\cmsis_os.h
      Source file:   CMSIS\RTOS\RTX\SRC\ARM\SVC_Table.s
      Include file:  CMSIS\RTOS\RTX\UserCodeTemplates\osObjects.h
      Library file:  CMSIS\RTOS\RTX\LIB\ARM\RTX_CM3.lib

   * Component: Keil::Device:StdPeriph Drivers:RCC:3.5.0
      Include file:  Device\StdPeriph_Driver\inc\stm32f10x_rcc.h
      Source file:   Device\StdPeriph_Driver\src\stm32f10x_rcc.c

   * Component: Keil::Device:StdPeriph Drivers:GPIO:3.5.0
      Source file:   Device\StdPeriph_Driver\src\stm32f10x_gpio.c
      Include file:  Device\StdPeriph_Driver\inc\stm32f10x_gpio.h

   * Component: Keil::Device:StdPeriph Drivers:USART:3.5.0
      Include file:  Device\StdPeriph_Driver\inc\stm32f10x_usart.h
      Source file:   Device\StdPeriph_Driver\src\stm32f10x_usart.c

   * Component: Keil::Device:GPIO:1.3
      Include file:  RTE_Driver\GPIO_STM32F10x.h
      Source file:   RTE_Driver\GPIO_STM32F10x.c

   * Component: Keil::CMSIS Driver:CAN:1.6
      Source file:   RTE_Driver\CAN_STM32F10x.c

   * Component: Keil::Device:Startup:1.0.0
      Source file:   Device\Source\ARM\STM32F1xx_OPT.s
      Source file:   Device\Source\ARM\startup_stm32f10x_hd.s
      Source file:   Device\Source\system_stm32f10x.c
      Include file:  RTE_Driver\Config\RTE_Device.h

   * Component: Keil::Device:StdPeriph Drivers:Framework:3.5.1
      Include file:  Device\StdPeriph_Driver\templates\stm32f10x_it.h
      Source file:   Device\StdPeriph_Driver\templates\stm32f10x_conf.h
      Source file:   Device\StdPeriph_Driver\src\misc.c
      Include file:  Device\StdPeriph_Driver\inc\misc.h
      Source file:   Device\StdPeriph_Driver\templates\stm32f10x_it.c
Build Time Elapsed:  00:00:05
</pre>
</body>
</html>
