Component: ARM Compiler 5.06 update 1 (build 61) Tool: armlink [4d35a8]

==============================================================================

Section Cross References

    main.o(i.main) refers to rt_cmsis.o(i.osKernelInitialize) for osKernelInitialize
    main.o(i.main) refers to delay.o(i.bsp_delayinit) for bsp_delayinit
    main.o(i.main) refers to prtapp_sh95.o(i.devApp95HF_ThreadActive) for devApp95HF_ThreadActive
    main.o(i.main) refers to rt_cmsis.o(i.osKernelStart) for osKernelStart
    stm32f10x_it.o(i.EXTI15_10_IRQHandler) refers to stm32f10x_exti.o(i.EXTI_GetITStatus) for EXTI_GetITStatus
    stm32f10x_it.o(i.EXTI15_10_IRQHandler) refers to stm32f10x_exti.o(i.EXTI_ClearITPendingBit) for EXTI_ClearITPendingBit
    stm32f10x_it.o(i.EXTI15_10_IRQHandler) refers to stm32f10x_it.o(.data) for RF_DataExpected
    delay.o(i.delay_us) refers to system_stm32f10x.o(.data) for SystemCoreClock
    prtapp_sh95.o(i.USART2_dev95HF_Init) refers to rt_cmsis.o(i.osDelay) for osDelay
    prtapp_sh95.o(i.USART2_dev95HF_Init) refers to usart_stm32f10x.o(.constdata) for Driver_USART2
    prtapp_sh95.o(i.USART2_dev95HF_Init) refers to prtapp_sh95.o(i.USART2_callback) for USART2_callback
    prtapp_sh95.o(i.USART2_dev95HF_Init) refers to rsart_mcu.o(i.USART2_callback) for USART2_callback
    prtapp_sh95.o(i.dev95HF_Init) refers to hw_config.o(i.Interrupts_Config) for Interrupts_Config
    prtapp_sh95.o(i.dev95HF_Init) refers to prtapp_sh95.o(i.USART2_dev95HF_Init) for USART2_dev95HF_Init
    prtapp_sh95.o(i.dev95HF_Init) refers to rt_cmsis.o(i.osDelay) for osDelay
    prtapp_sh95.o(i.dev95HF_Init) refers to drv_led.o(i.LED_Config) for LED_Config
    prtapp_sh95.o(i.dev95HF_Init) refers to lib_configmanager.o(i.ConfigManager_HWInit) for ConfigManager_HWInit
    prtapp_sh95.o(i.dev95HF_Init) refers to drv_led.o(i.LED_On) for LED_On
    prtapp_sh95.o(i.dev95HF_Init) refers to drv_led.o(i.LED_Off) for LED_Off
    prtapp_sh95.o(i.dev95HF_Init) refers to usart_stm32f10x.o(.constdata) for Driver_USART2
    prtapp_sh95.o(i.devApp95HF_Thread) refers to prtapp_sh95.o(i.prtApp_95HF) for prtApp_95HF
    prtapp_sh95.o(i.devApp95HF_ThreadActive) refers to prtapp_sh95.o(i.dev95HF_Init) for dev95HF_Init
    prtapp_sh95.o(i.devApp95HF_ThreadActive) refers to rt_cmsis.o(i.osThreadCreate) for osThreadCreate
    prtapp_sh95.o(i.devApp95HF_ThreadActive) refers to prtapp_sh95.o(.constdata) for os_thread_def_devApp95HF_Thread
    prtapp_sh95.o(i.devApp95HF_ThreadActive) refers to prtapp_sh95.o(.data) for tid_devApp95HF_Thread
    prtapp_sh95.o(i.prtApp_95HF) refers to _printf_percent.o(.ARM.Collect$$_printf_percent$$00000000) for _printf_percent
    prtapp_sh95.o(i.prtApp_95HF) refers to _printf_s.o(.ARM.Collect$$_printf_percent$$00000014) for _printf_s
    prtapp_sh95.o(i.prtApp_95HF) refers to _printf_str.o(.text) for _printf_str
    prtapp_sh95.o(i.prtApp_95HF) refers to lib_configmanager.o(i.ConfigManager_TagHunting) for ConfigManager_TagHunting
    prtapp_sh95.o(i.prtApp_95HF) refers to drv_led.o(i.LED_Off) for LED_Off
    prtapp_sh95.o(i.prtApp_95HF) refers to rt_memclr_w.o(.text) for __aeabi_memclr4
    prtapp_sh95.o(i.prtApp_95HF) refers to drv_led.o(i.LED_On) for LED_On
    prtapp_sh95.o(i.prtApp_95HF) refers to prtapp_sh95.o(i.Hex2Char) for Hex2Char
    prtapp_sh95.o(i.prtApp_95HF) refers to memcmp.o(.text) for memcmp
    prtapp_sh95.o(i.prtApp_95HF) refers to noretval__2sprintf.o(.text) for __2sprintf
    prtapp_sh95.o(i.prtApp_95HF) refers to strlen.o(.text) for strlen
    prtapp_sh95.o(i.prtApp_95HF) refers to rt_memcpy_v6.o(.text) for __aeabi_memcpy
    prtapp_sh95.o(i.prtApp_95HF) refers to rt_cmsis.o(i.osDelay) for osDelay
    prtapp_sh95.o(i.prtApp_95HF) refers to prtapp_sh95.o(.constdata) for .constdata
    prtapp_sh95.o(i.prtApp_95HF) refers to lib_configmanager.o(.bss) for TagUID
    prtapp_sh95.o(i.prtApp_95HF) refers to usart_stm32f10x.o(.constdata) for Driver_USART2
    prtapp_sh95.o(i.prtApp_95HF) refers to lib_iso14443apcd.o(.bss) for ISO14443A_Card
    prtapp_sh95.o(i.prtApp_95HF) refers to lib_iso18092pcd.o(.bss) for FELICA_Card
    prtapp_sh95.o(i.prtApp_95HF) refers to lib_iso14443bpcd.o(.bss) for ISO14443B_Card
    prtapp_sh95.o(.constdata) refers to prtapp_sh95.o(i.devApp95HF_Thread) for devApp95HF_Thread
    hw_config.o(i.Interrupts_Config) refers to misc.o(i.NVIC_PriorityGroupConfig) for NVIC_PriorityGroupConfig
    hw_config.o(i.Interrupts_Config) refers to misc.o(i.NVIC_Init) for NVIC_Init
    hw_config.o(i.delayHighPriority_ms) refers to rt_cmsis.o(i.osDelay) for osDelay
    drv_95hf.o(i.drv95HF_DisableInterrupt) refers to drv_interrupt.o(i.drvInt_Disable_95HF_IRQ) for drvInt_Disable_95HF_IRQ
    drv_95hf.o(i.drv95HF_DisableInterrupt) refers to drv_95hf.o(.data) for drv95HFConfig
    drv_95hf.o(i.drv95HF_EnableInterrupt) refers to drv_interrupt.o(i.drvInt_Enable_Reply_IRQ) for drvInt_Enable_Reply_IRQ
    drv_95hf.o(i.drv95HF_EnableInterrupt) refers to drv_95hf.o(.data) for drv95HFConfig
[...]
    lib_iso14443apcd.o(i.ISO14443A_HLTA) refers to lib_pcd.o(i.PCD_SendRecv) for PCD_SendRecv
    lib_iso14443apcd.o(i.ISO14443A_Init) refers to lib_iso14443apcd.o(i.ISO14443A_InitStructure) for ISO14443A_InitStructure
    lib_iso14443apcd.o(i.ISO14443A_Init) refers to lib_iso14443apcd.o(i.ISO14443A_ConfigFDTforAnticollision) for ISO14443A_ConfigFDTforAnticollision
    lib_iso14443apcd.o(i.ISO14443A_Init) refers to delay.o(i.delay_us) for delay_us
    lib_iso14443apcd.o(i.ISO14443A_Init) refers to lib_pcd.o(.data) for TechnoSelected
    lib_iso14443apcd.o(i.ISO14443A_InitStructure) refers to lib_iso14443apcd.o(.bss) for ISO14443A_Card
    lib_iso14443apcd.o(i.ISO14443A_IsPresent) refers to lib_iso14443apcd.o(i.ISO14443A_REQA) for ISO14443A_REQA
    lib_iso14443apcd.o(i.ISO14443A_IsPresent) refers to lib_pcd.o(i.PCD_IsReaderResultCodeOk) for PCD_IsReaderResultCodeOk
    lib_iso14443apcd.o(i.ISO14443A_IsPresent) refers to drv_95hf.o(.bss) for u95HFBuffer
    lib_iso14443apcd.o(i.ISO14443A_IsPresent) refers to lib_iso14443apcd.o(.bss) for ISO14443A_Card
    lib_iso14443apcd.o(i.ISO14443A_MultiAnticollision) refers to lib_iso14443apcd.o(i.ISO14443A_ACLevel1) for ISO14443A_ACLevel1
    lib_iso14443apcd.o(i.ISO14443A_MultiAnticollision) refers to lib_iso14443apcd.o(i.ISO14443A_ACLevel2) for ISO14443A_ACLevel2
    lib_iso14443apcd.o(i.ISO14443A_MultiAnticollision) refers to lib_iso14443apcd.o(i.ISO14443A_ACLevel3) for ISO14443A_ACLevel3
    lib_iso14443apcd.o(i.ISO14443A_MultiAnticollision) refers to lib_iso14443apcd.o(i.ISO14443A_HLTA) for ISO14443A_HLTA
    lib_iso14443apcd.o(i.ISO14443A_MultiAnticollision) refers to lib_iso14443apcd.o(.bss) for u95HFBufferAntiCol
    lib_iso14443apcd.o(i.ISO14443A_MultiTagHunting) refers to rt_cmsis.o(i.osDelay) for osDelay
    lib_iso14443apcd.o(i.ISO14443A_MultiTagHunting) refers to lib_iso14443apcd.o(i.ISO14443A_InitStructure) for ISO14443A_InitStructure
    lib_iso14443apcd.o(i.ISO14443A_MultiTagHunting) refers to lib_iso14443apcd.o(i.ISO14443A_IsPresent) for ISO14443A_IsPresent
    lib_iso14443apcd.o(i.ISO14443A_MultiTagHunting) refers to delay.o(i.delay_us) for delay_us
    lib_iso14443apcd.o(i.ISO14443A_MultiTagHunting) refers to lib_iso14443apcd.o(i.ISO14443A_MultiAnticollision) for ISO14443A_MultiAnticollision
    lib_iso14443apcd.o(i.ISO14443A_MultiTagHunting) refers to rt_memcpy_v6.o(.text) for __aeabi_memcpy
    lib_iso14443apcd.o(i.ISO14443A_MultiTagHunting) refers to lib_iso14443apcd.o(.data) for RemainingID
    lib_iso14443apcd.o(i.ISO14443A_MultiTagHunting) refers to lib_iso14443apcd.o(.bss) for ISO14443A_Card
    lib_iso14443apcd.o(i.ISO14443A_MultiTagPart2) refers to rt_memcpy_v6.o(.text) for __aeabi_memcpy
    lib_iso14443apcd.o(i.ISO14443A_MultiTagPart2) refers to lib_iso14443apcd.o(.data) for RemainingID
    lib_iso14443apcd.o(i.ISO14443A_MultiTagPart2) refers to lib_iso14443apcd.o(.bss) for MultiIDPart2
    lib_iso14443apcd.o(i.ISO14443A_RATS) refers to lib_pcd.o(i.PCD_SendRecv) for PCD_SendRecv
    lib_iso14443apcd.o(i.ISO14443A_RATS) refers to lib_pcd.o(i.PCD_IsReaderResultCodeOk) for PCD_IsReaderResultCodeOk
    lib_iso14443apcd.o(i.ISO14443A_RATS) refers to lib_pcd.o(i.PCD_IsCRCOk) for PCD_IsCRCOk
    lib_iso14443apcd.o(i.ISO14443A_RATS) refers to lib_iso14443apcd.o(i.FSCIToFSC) for FSCIToFSC
    lib_iso14443apcd.o(i.ISO14443A_RATS) refers to lib_iso14443apcd.o(.data) for FSC
    lib_iso14443apcd.o(i.ISO14443A_REQA) refers to lib_pcd.o(i.PCD_SendRecv) for PCD_SendRecv
    lib_iso14443apcd.o(i.ISO14443A_REQA) refers to lib_iso14443apcd.o(i.ISO14443A_CompleteStructure) for ISO14443A_CompleteStructure
    lib_iso14443apcd.o(i.ISO14443A_REQA) refers to lib_iso14443apcd.o(.bss) for ISO14443A_Card
    lib_iso14443apcd.o(i.TOPAZ_ID) refers to lib_pcd.o(i.PCD_CheckSendReceive) for PCD_CheckSendReceive
    lib_iso14443apcd.o(i.TOPAZ_ID) refers to lib_iso14443apcd.o(.constdata) for TOPAZ
    lib_iso14443apcd.o(i.TOPAZ_ID) refers to lib_configmanager.o(.data) for devicemode
    lib_iso14443bpcd.o(i.ISO14443BReadARConfigB) refers to lib_pcd.o(i.PCD_WriteRegister) for PCD_WriteRegister
    lib_iso14443bpcd.o(i.ISO14443BReadARConfigB) refers to lib_pcd.o(i.PCD_ReadRegister) for PCD_ReadRegister
    lib_iso14443bpcd.o(i.ISO14443B_Anticollision) refers to lib_iso14443bpcd.o(i.ISO14443B_AttriB) for ISO14443B_AttriB
    lib_iso14443bpcd.o(i.ISO14443B_Anticollision) refers to lib_pcd.o(i.PCD_ProtocolSelect) for PCD_ProtocolSelect
    lib_iso14443bpcd.o(i.ISO14443B_Anticollision) refers to drv_95hf.o(.bss) for u95HFBuffer
    lib_iso14443bpcd.o(i.ISO14443B_Anticollision) refers to lib_configmanager.o(.data) for devicemode
    lib_iso14443bpcd.o(i.ISO14443B_AttriB) refers to lib_pcd.o(i.PCD_SendRecv) for PCD_SendRecv
    lib_iso14443bpcd.o(i.ISO14443B_AttriB) refers to lib_pcd.o(i.PCD_IsCRCOk) for PCD_IsCRCOk
    lib_iso14443bpcd.o(i.ISO14443B_AttriB) refers to lib_iso14443bpcd.o(.constdata) for .constdata
    lib_iso14443bpcd.o(i.ISO14443B_AttriB) refers to lib_iso14443bpcd.o(.bss) for ISO14443B_Card
    lib_iso14443bpcd.o(i.ISO14443B_CompleteStruture) refers to rt_memcpy_v6.o(.text) for __aeabi_memcpy
    lib_iso14443bpcd.o(i.ISO14443B_CompleteStruture) refers to lib_iso14443bpcd.o(.bss) for ISO14443B_Card
    lib_iso14443bpcd.o(i.ISO14443B_Init) refers to lib_iso14443bpcd.o(i.ISO14443B_InitStructure) for ISO14443B_InitStructure
    lib_iso14443bpcd.o(i.ISO14443B_Init) refers to lib_pcd.o(i.PCD_ProtocolSelect) for PCD_ProtocolSelect
    lib_iso14443bpcd.o(i.ISO14443B_Init) refers to lib_iso14443bpcd.o(i.ISO14443B_WriteAndCheckARConfigB) for ISO14443B_WriteAndCheckARConfigB
    lib_iso14443bpcd.o(i.ISO14443B_Init) refers to delay.o(i.delay_us) for delay_us
    lib_iso14443bpcd.o(i.ISO14443B_Init) refers to drv_95hf.o(.bss) for u95HFBuffer
    lib_iso14443bpcd.o(i.ISO14443B_Init) refers to lib_configmanager.o(.data) for IcVers
    lib_iso14443bpcd.o(i.ISO14443B_Init) refers to lib_pcd.o(.data) for TechnoSelected
    lib_iso14443bpcd.o(i.ISO14443B_InitStructure) refers to rt_memclr.o(.text) for __aeabi_memclr
    lib_iso14443bpcd.o(i.ISO14443B_InitStructure) refers to lib_iso14443bpcd.o(.bss) for ISO14443B_Card
    lib_iso14443bpcd.o(i.ISO14443B_IsCardIntheField) refers to lib_pcd.o(i.PCD_SendRecv) for PCD_SendRecv
    lib_iso14443bpcd.o(i.ISO14443B_IsCardIntheField) refers to drv_95hf.o(.bss) for u95HFBuffer
    lib_iso14443bpcd.o(i.ISO14443B_IsPresent) refers to lib_iso14443bpcd.o(i.ISO14443B_Init) for ISO14443B_Init
    lib_iso14443bpcd.o(i.ISO14443B_IsPresent) refers to lib_iso14443bpcd.o(i.ISO14443B_ReqB) for ISO14443B_ReqB
    lib_iso14443bpcd.o(i.ISO14443B_IsPresent) refers to drv_95hf.o(.bss) for u95HFBuffer
    lib_iso14443bpcd.o(i.ISO14443B_ReqB) refers to lib_pcd.o(i.PCD_SendRecv) for PCD_SendRecv
    lib_iso14443bpcd.o(i.ISO14443B_ReqB) refers to lib_iso14443bpcd.o(i.ISO14443B_CompleteStruture) for ISO14443B_CompleteStruture
    lib_iso14443bpcd.o(i.ISO14443B_ReqB) refers to lib_iso14443bpcd.o(.bss) for ISO14443B_Card
    lib_iso14443bpcd.o(i.ISO14443B_WriteARConfigB) refers to lib_pcd.o(i.PCD_WriteRegister) for PCD_WriteRegister
    lib_iso14443bpcd.o(i.ISO14443B_WriteARConfigB) refers to drv_95hf.o(.bss) for u95HFBuffer
    lib_iso14443bpcd.o(i.ISO14443B_WriteAndCheckARConfigB) refers to lib_iso14443bpcd.o(i.ISO14443B_WriteARConfigB) for ISO14443B_WriteARConfigB
    lib_iso14443bpcd.o(i.ISO14443B_WriteAndCheckARConfigB) refers to lib_iso14443bpcd.o(i.ISO14443BReadARConfigB) for ISO14443BReadARConfigB
    lib_iso14443bpcd.o(i.ISO14443B_WriteAndCheckARConfigB) refers to drv_95hf.o(.bss) for u95HFBuffer
    lib_iso15693pcd.o(i.ISO15693_ExtendedGetSystemInfo) refers to lib_iso15693pcd.o(i.ISO15693_GetAddressOrNbSlotsFlag) for ISO15693_GetAddressOrNbSlotsFlag
    lib_iso15693pcd.o(i.ISO15693_ExtendedGetSystemInfo) refers to lib_pcd.o(i.PCD_SendRecv) for PCD_SendRecv
    lib_iso15693pcd.o(i.ISO15693_ExtendedGetSystemInfo) refers to lib_pcd.o(i.PCD_IsReaderResultCodeOk) for PCD_IsReaderResultCodeOk
    lib_iso15693pcd.o(i.ISO15693_ExtendedReadMultipleBlock) refers to lib_iso15693pcd.o(i.ISO15693_GetAddressOrNbSlotsFlag) for ISO15693_GetAddressOrNbSlotsFlag
    lib_iso15693pcd.o(i.ISO15693_ExtendedReadMultipleBlock) refers to lib_pcd.o(i.PCD_SendRecv) for PCD_SendRecv
    lib_iso15693pcd.o(i.ISO15693_ExtendedReadMultipleBlock) refers to lib_pcd.o(i.PCD_IsReaderResultCodeOk) for PCD_IsReaderResultCodeOk
    lib_iso15693pcd.o(i.ISO15693_ExtendedReadSingleBlock) refers to lib_iso15693pcd.o(i.ISO15693_GetAddressOrNbSlotsFlag) for ISO15693_GetAddressOrNbSlotsFlag
    lib_iso15693pcd.o(i.ISO15693_ExtendedReadSingleBlock) refers to lib_pcd.o(i.PCD_SendRecv) for PCD_SendRecv
    lib_iso15693pcd.o(i.ISO15693_ExtendedReadSingleBlock) refers to lib_pcd.o(i.PCD_IsReaderResultCodeOk) for PCD_IsReaderResultCodeOk
    lib_iso15693pcd.o(i.ISO15693_ExtendedWriteSingleBlock) refers to lib_iso15693pcd.o(i.ISO15693_GetAddressOrNbSlotsFlag) for ISO15693_GetAddressOrNbSlotsFlag
    lib_iso15693pcd.o(i.ISO15693_ExtendedWriteSingleBlock) refers to rt_memcpy_v6.o(.text) for __aeabi_memcpy
    lib_iso15693pcd.o(i.ISO15693_ExtendedWriteSingleBlock) refers to lib_iso15693pcd.o(i.ISO15693_GetOptionFlag) for ISO15693_GetOptionFlag
    lib_iso15693pcd.o(i.ISO15693_ExtendedWriteSingleBlock) refers to lib_pcd.o(i.PCD_SendRecv) for PCD_SendRecv
    lib_iso15693pcd.o(i.ISO15693_ExtendedWriteSingleBlock) refers to rt_cmsis.o(i.osDelay) for osDelay
    lib_iso15693pcd.o(i.ISO15693_ExtendedWriteSingleBlock) refers to lib_iso15693pcd.o(i.ISO15693_SendEOF) for ISO15693_SendEOF
    lib_iso15693pcd.o(i.ISO15693_ExtendedWriteSingleBlock) refers to lib_pcd.o(i.PCD_IsReaderResultCodeOk) for PCD_IsReaderResultCodeOk
    lib_iso15693pcd.o(i.ISO15693_GetSystemInfo) refers to lib_iso15693pcd.o(i.ISO15693_GetAddressOrNbSlotsFlag) for ISO15693_GetAddressOrNbSlotsFlag
    lib_iso15693pcd.o(i.ISO15693_GetSystemInfo) refers to lib_pcd.o(i.PCD_SendRecv) for PCD_SendRecv
    lib_iso15693pcd.o(i.ISO15693_GetSystemInfo) refers to lib_pcd.o(i.PCD_IsReaderResultCodeOk) for PCD_IsReaderResultCodeOk
    lib_iso15693pcd.o(i.ISO15693_GetTagIdentification) refers to lib_iso15693pcd.o(i.ISO15693_Init) for ISO15693_Init
    lib_iso15693pcd.o(i.ISO15693_GetTagIdentification) refers to lib_iso15693pcd.o(i.ISO15693_GetSystemInfo) for ISO15693_GetSystemInfo
    lib_iso15693pcd.o(i.ISO15693_GetUID) refers to lib_iso15693pcd.o(i.ISO15693_Init) for ISO15693_Init
    lib_iso15693pcd.o(i.ISO15693_GetUID) refers to rt_cmsis.o(i.osDelay) for osDelay
    lib_iso15693pcd.o(i.ISO15693_GetUID) refers to lib_iso15693pcd.o(i.ISO15693_CreateRequestFlag) for ISO15693_CreateRequestFlag
    lib_iso15693pcd.o(i.ISO15693_GetUID) refers to lib_iso15693pcd.o(i.ISO15693_Inventory) for ISO15693_Inventory
    lib_iso15693pcd.o(i.ISO15693_GetUID) refers to lib_configmanager.o(.data) for devicemode
    lib_iso15693pcd.o(i.ISO15693_Init) refers to lib_pcd.o(i.PCD_ProtocolSelect) for PCD_ProtocolSelect
    lib_iso15693pcd.o(i.ISO15693_Init) refers to lib_pcd.o(i.PCD_WriteRegister) for PCD_WriteRegister
    lib_iso15693pcd.o(i.ISO15693_Init) refers to lib_pcd.o(i.PCD_IsReaderResultCodeOk) for PCD_IsReaderResultCodeOk
    lib_iso15693pcd.o(i.ISO15693_Init) refers to lib_pcd.o(.data) for TechnoSelected
    lib_iso15693pcd.o(i.ISO15693_Inventory) refers to lib_iso15693pcd.o(i.ISO15693_IsInventoryFlag) for ISO15693_IsInventoryFlag
    lib_iso15693pcd.o(i.ISO15693_Inventory) refers to lib_iso15693pcd.o(i.ISO15693_GetSelectOrAFIFlag) for ISO15693_GetSelectOrAFIFlag
    lib_iso15693pcd.o(i.ISO15693_Inventory) refers to lib_pcd.o(i.PCD_SendRecv) for PCD_SendRecv
    lib_iso15693pcd.o(i.ISO15693_Inventory) refers to lib_pcd.o(i.PCD_IsReaderResultCodeOk) for PCD_IsReaderResultCodeOk
    lib_iso15693pcd.o(i.ISO15693_Inventory16Slots) refers to lib_iso15693pcd.o(i.ISO15693_Inventory) for ISO15693_Inventory
    lib_iso15693pcd.o(i.ISO15693_Inventory16Slots) refers to lib_iso15693pcd.o(i.ISO15693_IsCollisionDetected) for ISO15693_IsCollisionDetected
    lib_iso15693pcd.o(i.ISO15693_Inventory16Slots) refers to rt_memcpy_v6.o(.text) for __aeabi_memcpy
    lib_iso15693pcd.o(i.ISO15693_Inventory16Slots) refers to hw_config.o(i.delayHighPriority_ms) for delayHighPriority_ms
    lib_iso15693pcd.o(i.ISO15693_Inventory16Slots) refers to lib_iso15693pcd.o(i.ISO15693_SendEOF) for ISO15693_SendEOF
    lib_iso15693pcd.o(i.ISO15693_InventoryOneSlot) refers to lib_iso15693pcd.o(i.ISO15693_Inventory) for ISO15693_Inventory
    lib_iso15693pcd.o(i.ISO15693_IsCorrectCRC16Residue) refers to lib_iso15693pcd.o(i.ISO15693_CRC16) for ISO15693_CRC16
    lib_iso15693pcd.o(i.ISO15693_ReadBytesTagData) refers to lib_iso15693pcd.o(i.ISO15693_ReadSingleTagData) for ISO15693_ReadSingleTagData
    lib_iso15693pcd.o(i.ISO15693_ReadBytesTagData) refers to lib_iso15693pcd.o(i.ISO15693_ReadMultipleTagData) for ISO15693_ReadMultipleTagData
    lib_iso15693pcd.o(i.ISO15693_ReadMultipleBlock) refers to lib_iso15693pcd.o(i.ISO15693_GetAddressOrNbSlotsFlag) for ISO15693_GetAddressOrNbSlotsFlag
    lib_iso15693pcd.o(i.ISO15693_ReadMultipleBlock) refers to lib_iso15693pcd.o(i.ISO15693_GetProtocolExtensionFlag) for ISO15693_GetProtocolExtensionFlag
    lib_iso15693pcd.o(i.ISO15693_ReadMultipleBlock) refers to lib_pcd.o(i.PCD_SendRecv) for PCD_SendRecv
    lib_iso15693pcd.o(i.ISO15693_ReadMultipleBlock) refers to lib_pcd.o(i.PCD_IsReaderResultCodeOk) for PCD_IsReaderResultCodeOk
    lib_iso15693pcd.o(i.ISO15693_ReadMultipleTagData) refers to lib_iso15693pcd.o(i.ISO15693_ReadMultipleBlock) for ISO15693_ReadMultipleBlock
    lib_iso15693pcd.o(i.ISO15693_ReadMultipleTagData) refers to lib_iso15693pcd.o(i.ISO15693_ExtendedReadMultipleBlock) for ISO15693_ExtendedReadMultipleBlock
    lib_iso15693pcd.o(i.ISO15693_ReadMultipleTagData) refers to rt_memcpy_v6.o(.text) for __aeabi_memcpy
    lib_iso15693pcd.o(i.ISO15693_ReadSingleBlock) refers to lib_iso15693pcd.o(i.ISO15693_GetAddressOrNbSlotsFlag) for ISO15693_GetAddressOrNbSlotsFlag
    lib_iso15693pcd.o(i.ISO15693_ReadSingleBlock) refers to lib_iso15693pcd.o(i.ISO15693_GetProtocolExtensionFlag) for ISO15693_GetProtocolExtensionFlag
    lib_iso15693pcd.o(i.ISO15693_ReadSingleBlock) refers to lib_pcd.o(i.PCD_SendRecv) for PCD_SendRecv
    lib_iso15693pcd.o(i.ISO15693_ReadSingleBlock) refers to lib_pcd.o(i.PCD_IsReaderResultCodeOk) for PCD_IsReaderResultCodeOk
    lib_iso15693pcd.o(i.ISO15693_ReadSingleTagData) refers to lib_iso15693pcd.o(i.ISO15693_ReadSingleBlock) for ISO15693_ReadSingleBlock
    lib_iso15693pcd.o(i.ISO15693_ReadSingleTagData) refers to lib_iso15693pcd.o(i.ISO15693_ExtendedReadSingleBlock) for ISO15693_ExtendedReadSingleBlock
    lib_iso15693pcd.o(i.ISO15693_RunAntiCollision) refers to rt_memclr_w.o(.text) for __aeabi_memclr4
    lib_iso15693pcd.o(i.ISO15693_RunAntiCollision) refers to lib_iso15693pcd.o(i.ISO15693_InventoryOneSlot) for ISO15693_InventoryOneSlot
    lib_iso15693pcd.o(i.ISO15693_RunAntiCollision) refers to lib_iso15693pcd.o(i.ISO15693_IsATagInTheField) for ISO15693_IsATagInTheField
    lib_iso15693pcd.o(i.ISO15693_RunAntiCollision) refers to lib_iso15693pcd.o(i.ISO15693_SplitInventoryResponse) for ISO15693_SplitInventoryResponse
    lib_iso15693pcd.o(i.ISO15693_RunAntiCollision) refers to lib_iso15693pcd.o(i.ISO15693_StayQuiet) for ISO15693_StayQuiet
    lib_iso15693pcd.o(i.ISO15693_RunAntiCollision) refers to hw_config.o(i.delayHighPriority_ms) for delayHighPriority_ms
    lib_iso15693pcd.o(i.ISO15693_RunAntiCollision) refers to lib_iso15693pcd.o(i.ISO15693_Inventory16Slots) for ISO15693_Inventory16Slots
    lib_iso15693pcd.o(i.ISO15693_RunAntiCollision) refers to drv_95hf.o(.bss) for u95HFBuffer
    lib_iso15693pcd.o(i.ISO15693_RunInventory16slots) refers to rt_memclr_w.o(.text) for __aeabi_memclr4
    lib_iso15693pcd.o(i.ISO15693_RunInventory16slots) refers to lib_iso15693pcd.o(i.ISO15693_Inventory16Slots) for ISO15693_Inventory16Slots
    lib_iso15693pcd.o(i.ISO15693_RunInventory16slots) refers to lib_iso15693pcd.o(i.ISO15693_SplitInventoryResponse) for ISO15693_SplitInventoryResponse
    lib_iso15693pcd.o(i.ISO15693_RunInventory16slots) refers to drv_95hf.o(.bss) for u95HFBuffer
    lib_iso15693pcd.o(i.ISO15693_SendEOF) refers to lib_pcd.o(i.PCD_SendEOF) for PCD_SendEOF
    lib_iso15693pcd.o(i.ISO15693_SendEOF) refers to lib_pcd.o(i.PCD_IsReaderResultCodeOk) for PCD_IsReaderResultCodeOk
    lib_iso15693pcd.o(i.ISO15693_SplitInventoryResponse) refers to lib_iso15693pcd.o(i.ISO15693_IsCorrectCRC16Residue) for ISO15693_IsCorrectCRC16Residue
    lib_iso15693pcd.o(i.ISO15693_StayQuiet) refers to lib_iso15693pcd.o(i.ISO15693_IsAddressOrNbSlotsFlag) for ISO15693_IsAddressOrNbSlotsFlag
    lib_iso15693pcd.o(i.ISO15693_StayQuiet) refers to lib_pcd.o(i.PCD_SendRecv) for PCD_SendRecv
    lib_iso15693pcd.o(i.ISO15693_TagSave) refers to lib_pcd.o(i.PCD_SendRecv) for PCD_SendRecv
    lib_iso15693pcd.o(i.ISO15693_TagSave) refers to rt_memcpy_v6.o(.text) for __aeabi_memcpy
    lib_iso15693pcd.o(i.ISO15693_WriteBytes_TagData) refers to lib_iso15693pcd.o(i.ISO15693_TagSave) for ISO15693_TagSave
    lib_iso15693pcd.o(i.ISO15693_WriteBytes_TagData) refers to rt_memcpy_v6.o(.text) for __aeabi_memcpy
    lib_iso15693pcd.o(i.ISO15693_WriteBytes_TagData) refers to lib_iso15693pcd.o(i.ISO15693_WriteTagData) for ISO15693_WriteTagData
    lib_iso15693pcd.o(i.ISO15693_WriteSingleBlock) refers to lib_iso15693pcd.o(i.ISO15693_GetAddressOrNbSlotsFlag) for ISO15693_GetAddressOrNbSlotsFlag
    lib_iso15693pcd.o(i.ISO15693_WriteSingleBlock) refers to lib_iso15693pcd.o(i.ISO15693_GetProtocolExtensionFlag) for ISO15693_GetProtocolExtensionFlag
    lib_iso15693pcd.o(i.ISO15693_WriteSingleBlock) refers to rt_memcpy_v6.o(.text) for __aeabi_memcpy
    lib_iso15693pcd.o(i.ISO15693_WriteSingleBlock) refers to lib_iso15693pcd.o(i.ISO15693_GetOptionFlag) for ISO15693_GetOptionFlag
    lib_iso15693pcd.o(i.ISO15693_WriteSingleBlock) refers to lib_pcd.o(i.PCD_SendRecv) for PCD_SendRecv
    lib_iso15693pcd.o(i.ISO15693_WriteSingleBlock) refers to rt_cmsis.o(i.osDelay) for osDelay
    lib_iso15693pcd.o(i.ISO15693_WriteSingleBlock) refers to lib_iso15693pcd.o(i.ISO15693_SendEOF) for ISO15693_SendEOF
    lib_iso15693pcd.o(i.ISO15693_WriteSingleBlock) refers to lib_pcd.o(i.PCD_IsReaderResultCodeOk) for PCD_IsReaderResultCodeOk
    lib_iso15693pcd.o(i.ISO15693_WriteTagData) refers to lib_iso15693pcd.o(i.ISO15693_WriteSingleBlock) for ISO15693_WriteSingleBlock
    lib_iso15693pcd.o(i.ISO15693_WriteTagData) refers to lib_iso15693pcd.o(i.ISO15693_ExtendedWriteSingleBlock) for ISO15693_ExtendedWriteSingleBlock
    lib_iso18092pcd.o(i.FELICA_CardTest) refers to lib_pcd.o(i.PCD_CheckSendReceive) for PCD_CheckSendReceive
    lib_iso18092pcd.o(i.FELICA_CardTest) refers to lib_iso18092pcd.o(.constdata) for REQC
    lib_iso18092pcd.o(i.FELICA_Init) refers to lib_pcd.o(i.PCD_ProtocolSelect) for PCD_ProtocolSelect
    lib_iso18092pcd.o(i.FELICA_Init) refers to lib_pcd.o(i.PCD_WriteRegister) for PCD_WriteRegister
    lib_iso18092pcd.o(i.FELICA_Init) refers to delay.o(i.delay_us) for delay_us
    lib_iso18092pcd.o(i.FELICA_Init) refers to lib_pcd.o(.data) for TechnoSelected
    lib_iso18092pcd.o(i.FELICA_Initialization) refers to lib_iso18092pcd.o(i.FELICA_Init) for FELICA_Init
    lib_iso18092pcd.o(i.FELICA_IsPresent) refers to rt_memclr_w.o(.text) for __aeabi_memclr4
    lib_iso18092pcd.o(i.FELICA_IsPresent) refers to lib_iso18092pcd.o(i.FELICA_REQC) for FELICA_REQC
    lib_iso18092pcd.o(i.FELICA_IsPresent) refers to rt_memcpy_v6.o(.text) for __aeabi_memcpy
    lib_iso18092pcd.o(i.FELICA_IsPresent) refers to lib_iso18092pcd.o(.bss) for FELICA_Card
    lib_iso18092pcd.o(i.FELICA_IsPresent) refers to lib_configmanager.o(.data) for devicemode
    lib_iso18092pcd.o(i.FELICA_REQC) refers to lib_pcd.o(i.PCD_CheckSendReceive) for PCD_CheckSendReceive
    lib_iso18092pcd.o(i.FELICA_REQC) refers to lib_iso18092pcd.o(.constdata) for REQC
    lib_pcd.o(i.PCD_CheckSendReceive) refers to drv_95hf.o(i.drv95HF_SendReceive) for drv95HF_SendReceive
    lib_pcd.o(i.PCD_CheckSendReceive) refers to lib_pcd.o(i.PCD_IsReaderResultCodeOk) for PCD_IsReaderResultCodeOk
    lib_pcd.o(i.PCD_Echo) refers to drv_95hf.o(i.drv95HF_SendReceive) for drv95HF_SendReceive
    lib_pcd.o(i.PCD_FieldOff) refers to lib_pcd.o(i.PCD_ProtocolSelect) for PCD_ProtocolSelect
    lib_pcd.o(i.PCD_FieldOn) refers to lib_pcd.o(i.PCD_ProtocolSelect) for PCD_ProtocolSelect
    lib_pcd.o(i.PCD_Idle) refers to rt_memcpy_v6.o(.text) for __aeabi_memcpy
    lib_pcd.o(i.PCD_Idle) refers to drv_95hf.o(i.drv95HF_SendSPICommand) for drv95HF_SendSPICommand
    lib_pcd.o(i.PCD_PORsequence) refers to drv_95hf.o(i.drv95HF_ResetSPI) for drv95HF_ResetSPI
    lib_pcd.o(i.PCD_PORsequence) refers to lib_pcd.o(i.PCD_Echo) for PCD_Echo
    lib_pcd.o(i.PCD_PORsequence) refers to drv_95hf.o(.data) for drv95HFConfig
    lib_pcd.o(i.PCD_PORsequence) refers to drv_95hf.o(.bss) for u95HFBuffer
    lib_pcd.o(i.PCD_ProtocolSelect) refers to lib_pcd.o(i.PCD_Echo) for PCD_Echo
    lib_pcd.o(i.PCD_ProtocolSelect) refers to lib_pcd.o(i.PCD_PORsequence) for PCD_PORsequence
    lib_pcd.o(i.PCD_ProtocolSelect) refers to lib_pcd.o(i.IsAnAvailableProtocol) for IsAnAvailableProtocol
    lib_pcd.o(i.PCD_ProtocolSelect) refers to rt_memcpy_v6.o(.text) for __aeabi_memcpy
    lib_pcd.o(i.PCD_ProtocolSelect) refers to drv_95hf.o(i.drv95HF_SendReceive) for drv95HF_SendReceive
    lib_pcd.o(i.PCD_ProtocolSelect) refers to drv_95hf.o(.bss) for u95HFBuffer
    lib_pcd.o(i.PCD_ReadRegister) refers to drv_95hf.o(i.drv95HF_SendReceive) for drv95HF_SendReceive
    lib_pcd.o(i.PCD_ReadRegister) refers to lib_pcd.o(i.PCD_IsReaderResultCodeOk) for PCD_IsReaderResultCodeOk
    lib_pcd.o(i.PCD_SendEOF) refers to drv_95hf.o(i.drv95HF_SendReceive) for drv95HF_SendReceive
    lib_pcd.o(i.PCD_SendRecv) refers to rt_memcpy_v6.o(.text) for __aeabi_memcpy
    lib_pcd.o(i.PCD_SendRecv) refers to drv_95hf.o(i.drv95HF_SendReceive) for drv95HF_SendReceive
    lib_pcd.o(i.PCD_SendRecv) refers to lib_pcd.o(i.PCD_IsReaderResultCodeOk) for PCD_IsReaderResultCodeOk
    lib_pcd.o(i.PCD_TagDetectCalibration) refers to drv_95hf.o(i.drv95HF_SendReceive) for drv95HF_SendReceive
    lib_pcd.o(i.PCD_WaitforTagDetection) refers to drv_95hf.o(i.drv95HF_SendReceive) for drv95HF_SendReceive
    lib_pcd.o(i.PCD_WaitforTagDetection) refers to drv_95hf.o(.data) for EnableTimeOut
    lib_pcd.o(i.PCD_WriteRegister) refers to rt_memcpy_v6.o(.text) for __aeabi_memcpy
    lib_pcd.o(i.PCD_WriteRegister) refers to drv_95hf.o(i.drv95HF_SendReceive) for drv95HF_SendReceive
    drv_led.o(i.LED_AllOff) refers to drv_led.o(.constdata) for GPIO_PIN
    drv_led.o(i.LED_AllOff) refers to drv_led.o(.data) for GPIO_PORT
    drv_led.o(i.LED_Config) refers to stm32f10x_rcc.o(i.RCC_APB2PeriphClockCmd) for RCC_APB2PeriphClockCmd
    drv_led.o(i.LED_Config) refers to stm32f10x_gpio.o(i.GPIO_Init) for GPIO_Init
    drv_led.o(i.LED_Config) refers to drv_led.o(.constdata) for GPIO_CLK
    drv_led.o(i.LED_Config) refers to drv_led.o(.data) for GPIO_PORT
    drv_led.o(i.LED_Off) refers to drv_led.o(.constdata) for GPIO_PIN
    drv_led.o(i.LED_Off) refers to drv_led.o(.data) for GPIO_PORT
    drv_led.o(i.LED_On) refers to drv_led.o(.constdata) for GPIO_PIN
    drv_led.o(i.LED_On) refers to drv_led.o(.data) for GPIO_PORT
    usart_stm32f10x.o(i.USART2_Control) refers to usart_stm32f10x.o(i.USART_Control) for USART_Control
    usart_stm32f10x.o(i.USART2_Control) refers to usart_stm32f10x.o(.constdata) for USART2_Resources
    usart_stm32f10x.o(i.USART2_GetCapabilities) refers to usart_stm32f10x.o(i.USART_GetCapabilities) for USART_GetCapabilities
    usart_stm32f10x.o(i.USART2_GetCapabilities) refers to usart_stm32f10x.o(.constdata) for USART2_Resources
    usart_stm32f10x.o(i.USART2_GetModemStatus) refers to usart_stm32f10x.o(i.USART_GetModemStatus) for USART_GetModemStatus
    usart_stm32f10x.o(i.USART2_GetModemStatus) refers to usart_stm32f10x.o(.constdata) for USART2_Resources
    usart_stm32f10x.o(i.USART2_GetRxCount) refers to usart_stm32f10x.o(i.USART_GetRxCount) for USART_GetRxCount
    usart_stm32f10x.o(i.USART2_GetRxCount) refers to usart_stm32f10x.o(.constdata) for USART2_Resources
    usart_stm32f10x.o(i.USART2_GetStatus) refers to usart_stm32f10x.o(i.USART_GetStatus) for USART_GetStatus
    usart_stm32f10x.o(i.USART2_GetStatus) refers to usart_stm32f10x.o(.constdata) for USART2_Resources
    usart_stm32f10x.o(i.USART2_GetTxCount) refers to usart_stm32f10x.o(i.USART_GetTxCount) for USART_GetTxCount
    usart_stm32f10x.o(i.USART2_GetTxCount) refers to usart_stm32f10x.o(.constdata) for USART2_Resources
    usart_stm32f10x.o(i.USART2_IRQHandler) refers to usart_stm32f10x.o(i.USART_IRQHandler) for USART_IRQHandler
    usart_stm32f10x.o(i.USART2_IRQHandler) refers to usart_stm32f10x.o(.constdata) for USART2_Resources
    usart_stm32f10x.o(i.USART2_Initialize) refers to usart_stm32f10x.o(i.USART_Initialize) for USART_Initialize
    usart_stm32f10x.o(i.USART2_Initialize) refers to usart_stm32f10x.o(.constdata) for USART2_Resources
    usart_stm32f10x.o(i.USART2_PowerControl) refers to usart_stm32f10x.o(i.USART_PowerControl) for USART_PowerControl
    usart_stm32f10x.o(i.USART2_PowerControl) refers to usart_stm32f10x.o(.constdata) for USART2_Resources
    usart_stm32f10x.o(i.USART2_Receive) refers to usart_stm32f10x.o(i.USART_Receive) for USART_Receive
    usart_stm32f10x.o(i.USART2_Receive) refers to usart_stm32f10x.o(.constdata) for USART2_Resources
    usart_stm32f10x.o(i.USART2_Send) refers to usart_stm32f10x.o(i.USART_Send) for USART_Send
    usart_stm32f10x.o(i.USART2_Send) refers to usart_stm32f10x.o(.constdata) for USART2_Resources
    usart_stm32f10x.o(i.USART2_SetModemControl) refers to usart_stm32f10x.o(i.USART_SetModemControl) for USART_SetModemControl
    usart_stm32f10x.o(i.USART2_SetModemControl) refers to usart_stm32f10x.o(.constdata) for USART2_Resources
    usart_stm32f10x.o(i.USART2_Transfer) refers to usart_stm32f10x.o(i.USART_Transfer) for USART_Transfer
    usart_stm32f10x.o(i.USART2_Transfer) refers to usart_stm32f10x.o(.constdata) for USART2_Resources
    usart_stm32f10x.o(i.USART2_Uninitialize) refers to usart_stm32f10x.o(i.USART_Uninitialize) for USART_Uninitialize
    usart_stm32f10x.o(i.USART2_Uninitialize) refers to usart_stm32f10x.o(.constdata) for USART2_Resources
    usart_stm32f10x.o(i.USART_Control) refers to gpio_stm32f10x.o(i.GPIO_PinConfigure) for GPIO_PinConfigure
    usart_stm32f10x.o(i.USART_Initialize) refers to rt_memclr_w.o(.text) for __aeabi_memclr4
    usart_stm32f10x.o(i.USART_Initialize) refers to gpio_stm32f10x.o(i.GPIO_AFConfigure) for GPIO_AFConfigure
    usart_stm32f10x.o(i.USART_Initialize) refers to gpio_stm32f10x.o(i.GPIO_PortClock) for GPIO_PortClock
    usart_stm32f10x.o(i.USART_PowerControl) refers to usart_stm32f10x.o(i.USART_PeripheralReset) for USART_PeripheralReset
    usart_stm32f10x.o(i.USART_Receive) refers to usart_stm32f10x.o(i.USART_Send) for USART_Send
    usart_stm32f10x.o(i.USART_Send) refers to usart_stm32f10x.o(i.USART_Receive) for USART_Receive
    usart_stm32f10x.o(i.USART_Transfer) refers to usart_stm32f10x.o(i.USART_Receive) for USART_Receive
    usart_stm32f10x.o(i.USART_Transfer) refers to usart_stm32f10x.o(i.USART_Send) for USART_Send
    usart_stm32f10x.o(i.USART_Uninitialize) refers to gpio_stm32f10x.o(i.GPIO_PinConfigure) for GPIO_PinConfigure
    usart_stm32f10x.o(i.USART_Uninitialize) refers to gpio_stm32f10x.o(i.GPIO_AFConfigure) for GPIO_AFConfigure
    usart_stm32f10x.o(i.USARTx_GetVersion) refers to usart_stm32f10x.o(.constdata) for usart_driver_version
    usart_stm32f10x.o(.constdata) refers to usart_stm32f10x.o(.bss) for USART2_Info
    usart_stm32f10x.o(.constdata) refers to usart_stm32f10x.o(i.USARTx_GetVersion) for USARTx_GetVersion
    usart_stm32f10x.o(.constdata) refers to usart_stm32f10x.o(i.USART2_GetCapabilities) for USART2_GetCapabilities
    usart_stm32f10x.o(.constdata) refers to usart_stm32f10x.o(i.USART2_Initialize) for USART2_Initialize
    usart_stm32f10x.o(.constdata) refers to usart_stm32f10x.o(i.USART2_Uninitialize) for USART2_Uninitialize
    usart_stm32f10x.o(.constdata) refers to usart_stm32f10x.o(i.USART2_PowerControl) for USART2_PowerControl
    usart_stm32f10x.o(.constdata) refers to usart_stm32f10x.o(i.USART2_Send) for USART2_Send
    usart_stm32f10x.o(.constdata) refers to usart_stm32f10x.o(i.USART2_Receive) for USART2_Receive
    usart_stm32f10x.o(.constdata) refers to usart_stm32f10x.o(i.USART2_Transfer) for USART2_Transfer
    usart_stm32f10x.o(.constdata) refers to usart_stm32f10x.o(i.USART2_GetTxCount) for USART2_GetTxCount
    usart_stm32f10x.o(.constdata) refers to usart_stm32f10x.o(i.USART2_GetRxCount) for USART2_GetRxCount
    usart_stm32f10x.o(.constdata) refers to usart_stm32f10x.o(i.USART2_Control) for USART2_Control
    usart_stm32f10x.o(.constdata) refers to usart_stm32f10x.o(i.USART2_GetStatus) for USART2_GetStatus
    usart_stm32f10x.o(.constdata) refers to usart_stm32f10x.o(i.USART2_SetModemControl) for USART2_SetModemControl
    usart_stm32f10x.o(.constdata) refers to usart_stm32f10x.o(i.USART2_GetModemStatus) for USART2_GetModemStatus
    rsart_mcu.o(i.Thread_USRAT_data) refers to rsart_mcu.o(i.USART2_Init) for USART2_Init
    rsart_mcu.o(i.Thread_USRAT_data) refers to rt_cmsis.o(i.osPoolCreate) for osPoolCreate
    rsart_mcu.o(i.Thread_USRAT_data) refers to rt_cmsis.o(i.osMessageCreate) for osMessageCreate
    rsart_mcu.o(i.Thread_USRAT_data) refers to rt_cmsis.o(i.osThreadCreate) for osThreadCreate
    rsart_mcu.o(i.Thread_USRAT_data) refers to rsart_mcu.o(.constdata) for os_pool_def_usart_app_pool
    rsart_mcu.o(i.Thread_USRAT_data) refers to rsart_mcu.o(.data) for usart_app_pool
    rsart_mcu.o(i.USART2_Init) refers to rt_cmsis.o(i.osDelay) for osDelay
    rsart_mcu.o(i.USART2_Init) refers to usart_stm32f10x.o(.constdata) for Driver_USART2
    rsart_mcu.o(i.USART2_Init) refers to prtapp_sh95.o(i.USART2_callback) for USART2_callback
    rsart_mcu.o(i.USART2_Init) refers to rsart_mcu.o(i.USART2_callback) for USART2_callback
    rsart_mcu.o(.constdata) refers to rsart_mcu.o(i.Thread_usart_app) for Thread_usart_app
    rsart_mcu.o(.constdata) refers to rsart_mcu.o(.bss) for os_pool_m_usart_app_pool
    rtx_conf_cm.o(.emb_text) refers to rt_cmsis.o(i.osKernelInitialize) for osKernelInitialize
    rtx_conf_cm.o(.emb_text) refers to rt_cmsis.o(i.osThreadCreate) for osThreadCreate
    rtx_conf_cm.o(.emb_text) refers to rt_cmsis.o(i.osKernelStart) for osKernelStart
    rtx_conf_cm.o(.emb_text) refers to exit.o(.text) for exit
    rtx_conf_cm.o(.emb_text) refers to rtx_conf_cm.o(.data) for os_thread_def_main
    rtx_conf_cm.o(i.__user_perthread_libspace) refers to rt_task.o(i.rt_tsk_self) for rt_tsk_self
    rtx_conf_cm.o(i.__user_perthread_libspace) refers to rt_cmsis.o(.data) for os_running
    rtx_conf_cm.o(i.__user_perthread_libspace) refers to rtx_conf_cm.o(.bss) for .bss
    rtx_conf_cm.o(i.__user_perthread_libspace) refers to libspace.o(.bss) for __libspace_start
    rtx_conf_cm.o(i._mutex_acquire) refers to rt_cmsis.o(.data) for os_running
    rtx_conf_cm.o(i._mutex_acquire) refers to rt_mutex.o(i.rt_mut_wait) for rt_mut_wait
    rtx_conf_cm.o(i._mutex_initialize) refers to rt_mutex.o(i.rt_mut_init) for rt_mut_init
    rtx_conf_cm.o(i._mutex_initialize) refers to rtx_conf_cm.o(.data) for .data
    rtx_conf_cm.o(i._mutex_initialize) refers to rtx_conf_cm.o(.bss) for .bss
    rtx_conf_cm.o(i._mutex_release) refers to rt_cmsis.o(.data) for os_running
    rtx_conf_cm.o(i._mutex_release) refers to rt_mutex.o(i.rt_mut_release) for rt_mut_release
    rtx_conf_cm.o(.constdata) refers to rt_cmsis.o(i.osTimerThread) for osTimerThread
    rtx_conf_cm.o(.constdata) refers to rtx_conf_cm.o(.bss) for os_messageQ_q_osTimerMessageQ
    rtx_conf_cm.o(.data) refers to main.o(i.main) for main
    can_stm32f10x.o(i.CAN1_Control) refers to can_stm32f10x.o(i.CANx_Control) for CANx_Control
    can_stm32f10x.o(i.CAN1_GetStatus) refers to can_stm32f10x.o(i.CANx_GetStatus) for CANx_GetStatus
    can_stm32f10x.o(i.CAN1_Initialize) refers to can_stm32f10x.o(i.CANx_Initialize) for CANx_Initialize
    can_stm32f10x.o(i.CAN1_MessageRead) refers to can_stm32f10x.o(i.CANx_MessageRead) for CANx_MessageRead
    can_stm32f10x.o(i.CAN1_MessageSend) refers to can_stm32f10x.o(i.CANx_MessageSend) for CANx_MessageSend
    can_stm32f10x.o(i.CAN1_ObjectConfigure) refers to can_stm32f10x.o(i.CANx_ObjectConfigure) for CANx_ObjectConfigure
    can_stm32f10x.o(i.CAN1_ObjectGetCapabilities) refers to can_stm32f10x.o(i.CANx_ObjectGetCapabilities) for CANx_ObjectGetCapabilities
    can_stm32f10x.o(i.CAN1_ObjectSetFilter) refers to can_stm32f10x.o(i.CANx_ObjectSetFilter) for CANx_ObjectSetFilter
    can_stm32f10x.o(i.CAN1_PowerControl) refers to can_stm32f10x.o(i.CANx_PowerControl) for CANx_PowerControl
    can_stm32f10x.o(i.CAN1_RX1_IRQHandler) refers to can_stm32f10x.o(.data) for can_obj_cfg
    can_stm32f10x.o(i.CAN1_SCE_IRQHandler) refers to can_stm32f10x.o(.data) for CAN_SignalUnitEvent
    can_stm32f10x.o(i.CAN1_SetBitrate) refers to can_stm32f10x.o(i.CANx_SetBitrate) for CANx_SetBitrate
    can_stm32f10x.o(i.CAN1_SetMode) refers to can_stm32f10x.o(i.CANx_SetMode) for CANx_SetMode
    can_stm32f10x.o(i.CAN1_Uninitialize) refers to can_stm32f10x.o(i.CANx_Uninitialize) for CANx_Uninitialize
    can_stm32f10x.o(i.CAN_GetCapabilities) refers to can_stm32f10x.o(.constdata) for can_driver_capabilities
    can_stm32f10x.o(i.CAN_GetVersion) refers to can_stm32f10x.o(.constdata) for can_driver_version
    can_stm32f10x.o(i.CANx_Control) refers to can_stm32f10x.o(.data) for can_driver_powered
    can_stm32f10x.o(i.CANx_Control) refers to can_stm32f10x.o(.constdata) for ptr_CANx
    can_stm32f10x.o(i.CANx_GetStatus) refers to can_stm32f10x.o(.constdata) for ptr_CANx
    can_stm32f10x.o(i.CANx_Initialize) refers to gpio_stm32f10x.o(i.GPIO_PortClock) for GPIO_PortClock
    can_stm32f10x.o(i.CANx_Initialize) refers to gpio_stm32f10x.o(i.GPIO_AFConfigure) for GPIO_AFConfigure
    can_stm32f10x.o(i.CANx_Initialize) refers to gpio_stm32f10x.o(i.GPIO_PinConfigure) for GPIO_PinConfigure
    can_stm32f10x.o(i.CANx_Initialize) refers to can_stm32f10x.o(.data) for can_driver_initialized
    can_stm32f10x.o(i.CANx_MessageRead) refers to rt_memcpy_v6.o(.text) for __aeabi_memcpy
    can_stm32f10x.o(i.CANx_MessageRead) refers to can_stm32f10x.o(.data) for can_driver_powered
    can_stm32f10x.o(i.CANx_MessageRead) refers to can_stm32f10x.o(.constdata) for ptr_CANx
    can_stm32f10x.o(i.CANx_MessageSend) refers to can_stm32f10x.o(.data) for can_driver_powered
    can_stm32f10x.o(i.CANx_MessageSend) refers to can_stm32f10x.o(.constdata) for ptr_CANx
    can_stm32f10x.o(i.CANx_ObjectConfigure) refers to can_stm32f10x.o(.data) for can_driver_powered
    can_stm32f10x.o(i.CANx_ObjectGetCapabilities) refers to can_stm32f10x.o(.constdata) for can_object_capabilities_tx
    can_stm32f10x.o(i.CANx_ObjectSetFilter) refers to can_stm32f10x.o(i.CANx_AddFilter) for CANx_AddFilter
    can_stm32f10x.o(i.CANx_ObjectSetFilter) refers to can_stm32f10x.o(i.CANx_RemoveFilter) for CANx_RemoveFilter
    can_stm32f10x.o(i.CANx_ObjectSetFilter) refers to can_stm32f10x.o(.data) for can_driver_powered
    can_stm32f10x.o(i.CANx_PowerControl) refers to can_stm32f10x.o(i.NVIC_DisableIRQ) for NVIC_DisableIRQ
    can_stm32f10x.o(i.CANx_PowerControl) refers to can_stm32f10x.o(i.NVIC_ClearPendingIRQ) for NVIC_ClearPendingIRQ
    can_stm32f10x.o(i.CANx_PowerControl) refers to can_stm32f10x.o(i.NVIC_EnableIRQ) for NVIC_EnableIRQ
    can_stm32f10x.o(i.CANx_PowerControl) refers to can_stm32f10x.o(.constdata) for ptr_CANx
    can_stm32f10x.o(i.CANx_PowerControl) refers to can_stm32f10x.o(.data) for can_driver_powered
    can_stm32f10x.o(i.CANx_SetBitrate) refers to can_stm32f10x.o(i.CAN_GetClock) for CAN_GetClock
    can_stm32f10x.o(i.CANx_SetBitrate) refers to can_stm32f10x.o(.data) for can_driver_powered
    can_stm32f10x.o(i.CANx_SetBitrate) refers to can_stm32f10x.o(.constdata) for ptr_CANx
    can_stm32f10x.o(i.CANx_SetMode) refers to can_stm32f10x.o(.constdata) for ptr_CANx
    can_stm32f10x.o(i.CANx_SetMode) refers to can_stm32f10x.o(.data) for CAN_SignalUnitEvent
    can_stm32f10x.o(i.CANx_Uninitialize) refers to gpio_stm32f10x.o(i.GPIO_PinConfigure) for GPIO_PinConfigure
    can_stm32f10x.o(i.CANx_Uninitialize) refers to gpio_stm32f10x.o(i.GPIO_AFConfigure) for GPIO_AFConfigure
    can_stm32f10x.o(i.CANx_Uninitialize) refers to can_stm32f10x.o(.data) for can_driver_initialized
    can_stm32f10x.o(i.USB_HP_CAN1_TX_IRQHandler) refers to can_stm32f10x.o(.data) for can_obj_cfg
    can_stm32f10x.o(i.USB_LP_CAN1_RX0_IRQHandler) refers to can_stm32f10x.o(.data) for can_obj_cfg
    can_stm32f10x.o(.constdata) refers to can_stm32f10x.o(i.CAN_GetVersion) for CAN_GetVersion
    can_stm32f10x.o(.constdata) refers to can_stm32f10x.o(i.CAN_GetCapabilities) for CAN_GetCapabilities
    can_stm32f10x.o(.constdata) refers to can_stm32f10x.o(i.CAN1_Initialize) for CAN1_Initialize
    can_stm32f10x.o(.constdata) refers to can_stm32f10x.o(i.CAN1_Uninitialize) for CAN1_Uninitialize
    can_stm32f10x.o(.constdata) refers to can_stm32f10x.o(i.CAN1_PowerControl) for CAN1_PowerControl
    can_stm32f10x.o(.constdata) refers to can_stm32f10x.o(i.CAN_GetClock) for CAN_GetClock
    can_stm32f10x.o(.constdata) refers to can_stm32f10x.o(i.CAN1_SetBitrate) for CAN1_SetBitrate
    can_stm32f10x.o(.constdata) refers to can_stm32f10x.o(i.CAN1_SetMode) for CAN1_SetMode
    can_stm32f10x.o(.constdata) refers to can_stm32f10x.o(i.CAN1_ObjectGetCapabilities) for CAN1_ObjectGetCapabilities
    can_stm32f10x.o(.constdata) refers to can_stm32f10x.o(i.CAN1_ObjectSetFilter) for CAN1_ObjectSetFilter
    can_stm32f10x.o(.constdata) refers to can_stm32f10x.o(i.CAN1_ObjectConfigure) for CAN1_ObjectConfigure
    can_stm32f10x.o(.constdata) refers to can_stm32f10x.o(i.CAN1_MessageSend) for CAN1_MessageSend
    can_stm32f10x.o(.constdata) refers to can_stm32f10x.o(i.CAN1_MessageRead) for CAN1_MessageRead
    can_stm32f10x.o(.constdata) refers to can_stm32f10x.o(i.CAN1_Control) for CAN1_Control
    can_stm32f10x.o(.constdata) refers to can_stm32f10x.o(i.CAN1_GetStatus) for CAN1_GetStatus
    stm32f10x_can.o(i.CAN_DeInit) refers to stm32f10x_rcc.o(i.RCC_APB1PeriphResetCmd) for RCC_APB1PeriphResetCmd
    stm32f10x_can.o(i.CAN_GetITStatus) refers to stm32f10x_can.o(i.CheckITStatus) for CheckITStatus
    stm32f10x_flash.o(i.FLASH_EnableWriteProtection) refers to stm32f10x_flash.o(i.FLASH_WaitForLastOperation) for FLASH_WaitForLastOperation
    stm32f10x_flash.o(i.FLASH_EraseAllBank1Pages) refers to stm32f10x_flash.o(i.FLASH_WaitForLastBank1Operation) for FLASH_WaitForLastBank1Operation
    stm32f10x_flash.o(i.FLASH_EraseAllPages) refers to stm32f10x_flash.o(i.FLASH_WaitForLastOperation) for FLASH_WaitForLastOperation
    stm32f10x_flash.o(i.FLASH_EraseOptionBytes) refers to stm32f10x_flash.o(i.FLASH_GetReadOutProtectionStatus) for FLASH_GetReadOutProtectionStatus
    stm32f10x_flash.o(i.FLASH_EraseOptionBytes) refers to stm32f10x_flash.o(i.FLASH_WaitForLastOperation) for FLASH_WaitForLastOperation
    stm32f10x_flash.o(i.FLASH_ErasePage) refers to stm32f10x_flash.o(i.FLASH_WaitForLastOperation) for FLASH_WaitForLastOperation
    stm32f10x_flash.o(i.FLASH_ProgramHalfWord) refers to stm32f10x_flash.o(i.FLASH_WaitForLastOperation) for FLASH_WaitForLastOperation
    stm32f10x_flash.o(i.FLASH_ProgramOptionByteData) refers to stm32f10x_flash.o(i.FLASH_WaitForLastOperation) for FLASH_WaitForLastOperation
    stm32f10x_flash.o(i.FLASH_ProgramWord) refers to stm32f10x_flash.o(i.FLASH_WaitForLastOperation) for FLASH_WaitForLastOperation
    stm32f10x_flash.o(i.FLASH_ReadOutProtection) refers to stm32f10x_flash.o(i.FLASH_WaitForLastOperation) for FLASH_WaitForLastOperation
    stm32f10x_flash.o(i.FLASH_UserOptionByteConfig) refers to stm32f10x_flash.o(i.FLASH_WaitForLastOperation) for FLASH_WaitForLastOperation
    stm32f10x_flash.o(i.FLASH_WaitForLastBank1Operation) refers to stm32f10x_flash.o(i.FLASH_GetBank1Status) for FLASH_GetBank1Status
    stm32f10x_flash.o(i.FLASH_WaitForLastOperation) refers to stm32f10x_flash.o(i.FLASH_GetBank1Status) for FLASH_GetBank1Status
    stm32f10x_gpio.o(i.GPIO_AFIODeInit) refers to stm32f10x_rcc.o(i.RCC_APB2PeriphResetCmd) for RCC_APB2PeriphResetCmd
    stm32f10x_gpio.o(i.GPIO_DeInit) refers to stm32f10x_rcc.o(i.RCC_APB2PeriphResetCmd) for RCC_APB2PeriphResetCmd
    stm32f10x_rcc.o(i.RCC_GetClocksFreq) refers to stm32f10x_rcc.o(.data) for APBAHBPrescTable
    stm32f10x_rcc.o(i.RCC_WaitForHSEStartUp) refers to stm32f10x_rcc.o(i.RCC_GetFlagStatus) for RCC_GetFlagStatus
    stm32f10x_spi.o(i.I2S_Init) refers to stm32f10x_rcc.o(i.RCC_GetClocksFreq) for RCC_GetClocksFreq
    stm32f10x_spi.o(i.SPI_I2S_DeInit) refers to stm32f10x_rcc.o(i.RCC_APB2PeriphResetCmd) for RCC_APB2PeriphResetCmd
    stm32f10x_spi.o(i.SPI_I2S_DeInit) refers to stm32f10x_rcc.o(i.RCC_APB1PeriphResetCmd) for RCC_APB1PeriphResetCmd
    stm32f10x_tim.o(i.TIM_DeInit) refers to stm32f10x_rcc.o(i.RCC_APB2PeriphResetCmd) for RCC_APB2PeriphResetCmd
    stm32f10x_tim.o(i.TIM_DeInit) refers to stm32f10x_rcc.o(i.RCC_APB1PeriphResetCmd) for RCC_APB1PeriphResetCmd
    stm32f10x_tim.o(i.TIM_ETRClockMode1Config) refers to stm32f10x_tim.o(i.TIM_ETRConfig) for TIM_ETRConfig
    stm32f10x_tim.o(i.TIM_ETRClockMode2Config) refers to stm32f10x_tim.o(i.TIM_ETRConfig) for TIM_ETRConfig
    stm32f10x_tim.o(i.TIM_ICInit) refers to stm32f10x_tim.o(i.TI1_Config) for TI1_Config
    stm32f10x_tim.o(i.TIM_ICInit) refers to stm32f10x_tim.o(i.TIM_SetIC1Prescaler) for TIM_SetIC1Prescaler
    stm32f10x_tim.o(i.TIM_ICInit) refers to stm32f10x_tim.o(i.TI2_Config) for TI2_Config
    stm32f10x_tim.o(i.TIM_ICInit) refers to stm32f10x_tim.o(i.TIM_SetIC2Prescaler) for TIM_SetIC2Prescaler
    stm32f10x_tim.o(i.TIM_ICInit) refers to stm32f10x_tim.o(i.TI3_Config) for TI3_Config
    stm32f10x_tim.o(i.TIM_ICInit) refers to stm32f10x_tim.o(i.TIM_SetIC3Prescaler) for TIM_SetIC3Prescaler
    stm32f10x_tim.o(i.TIM_ICInit) refers to stm32f10x_tim.o(i.TI4_Config) for TI4_Config
    stm32f10x_tim.o(i.TIM_ICInit) refers to stm32f10x_tim.o(i.TIM_SetIC4Prescaler) for TIM_SetIC4Prescaler
    stm32f10x_tim.o(i.TIM_ITRxExternalClockConfig) refers to stm32f10x_tim.o(i.TIM_SelectInputTrigger) for TIM_SelectInputTrigger
    stm32f10x_tim.o(i.TIM_PWMIConfig) refers to stm32f10x_tim.o(i.TI1_Config) for TI1_Config
    stm32f10x_tim.o(i.TIM_PWMIConfig) refers to stm32f10x_tim.o(i.TIM_SetIC1Prescaler) for TIM_SetIC1Prescaler
    stm32f10x_tim.o(i.TIM_PWMIConfig) refers to stm32f10x_tim.o(i.TI2_Config) for TI2_Config
    stm32f10x_tim.o(i.TIM_PWMIConfig) refers to stm32f10x_tim.o(i.TIM_SetIC2Prescaler) for TIM_SetIC2Prescaler
    stm32f10x_tim.o(i.TIM_TIxExternalClockConfig) refers to stm32f10x_tim.o(i.TI2_Config) for TI2_Config
    stm32f10x_tim.o(i.TIM_TIxExternalClockConfig) refers to stm32f10x_tim.o(i.TI1_Config) for TI1_Config
    stm32f10x_tim.o(i.TIM_TIxExternalClockConfig) refers to stm32f10x_tim.o(i.TIM_SelectInputTrigger) for TIM_SelectInputTrigger
    stm32f10x_usart.o(i.USART_DeInit) refers to stm32f10x_rcc.o(i.RCC_APB2PeriphResetCmd) for RCC_APB2PeriphResetCmd
    stm32f10x_usart.o(i.USART_DeInit) refers to stm32f10x_rcc.o(i.RCC_APB1PeriphResetCmd) for RCC_APB1PeriphResetCmd
    stm32f10x_usart.o(i.USART_Init) refers to stm32f10x_rcc.o(i.RCC_GetClocksFreq) for RCC_GetClocksFreq
    dma_stm32f10x.o(i.DMA1_Channel1_IRQHandler) refers to dma_stm32f10x.o(i.DMA1_Channel1_Event) for DMA1_Channel1_Event
    dma_stm32f10x.o(i.DMA1_Channel2_IRQHandler) refers to dma_stm32f10x.o(i.DMA1_Channel2_Event) for DMA1_Channel2_Event
    dma_stm32f10x.o(i.DMA1_Channel3_IRQHandler) refers to dma_stm32f10x.o(i.DMA1_Channel3_Event) for DMA1_Channel3_Event
    dma_stm32f10x.o(i.DMA1_Channel4_IRQHandler) refers to dma_stm32f10x.o(i.DMA1_Channel4_Event) for DMA1_Channel4_Event
    dma_stm32f10x.o(i.DMA1_Channel5_IRQHandler) refers to dma_stm32f10x.o(i.DMA1_Channel5_Event) for DMA1_Channel5_Event
    dma_stm32f10x.o(i.DMA1_Channel6_IRQHandler) refers to dma_stm32f10x.o(i.DMA1_Channel6_Event) for DMA1_Channel6_Event
    dma_stm32f10x.o(i.DMA1_Channel7_IRQHandler) refers to dma_stm32f10x.o(i.DMA1_Channel7_Event) for DMA1_Channel7_Event
    dma_stm32f10x.o(i.DMA_ChannelInitialize) refers to dma_stm32f10x.o(i.NVIC_ClearPendingIRQ) for NVIC_ClearPendingIRQ
    dma_stm32f10x.o(i.DMA_ChannelInitialize) refers to dma_stm32f10x.o(i.NVIC_EnableIRQ) for NVIC_EnableIRQ
    dma_stm32f10x.o(i.DMA_ChannelInitialize) refers to dma_stm32f10x.o(.data) for DMA1_Channel
    dma_stm32f10x.o(i.DMA_ChannelUninitialize) refers to dma_stm32f10x.o(i.NVIC_DisableIRQ) for NVIC_DisableIRQ
    dma_stm32f10x.o(i.DMA_ChannelUninitialize) refers to dma_stm32f10x.o(.data) for DMA1_Channel
    gpio_stm32f10x.o(i.GPIO_PinConfigure) refers to gpio_stm32f10x.o(i.GPIO_GetPortClockState) for GPIO_GetPortClockState
    gpio_stm32f10x.o(i.GPIO_PinConfigure) refers to gpio_stm32f10x.o(i.GPIO_PortClock) for GPIO_PortClock
    startup_stm32f10x_md.o(STACK) refers (Special) to heapauxi.o(.text) for __use_two_region_memory
    startup_stm32f10x_md.o(HEAP) refers (Special) to heapauxi.o(.text) for __use_two_region_memory
    startup_stm32f10x_md.o(RESET) refers (Special) to heapauxi.o(.text) for __use_two_region_memory
    startup_stm32f10x_md.o(RESET) refers to startup_stm32f10x_md.o(STACK) for __initial_sp
    startup_stm32f10x_md.o(RESET) refers to startup_stm32f10x_md.o(.text) for Reset_Handler
    startup_stm32f10x_md.o(RESET) refers to stm32f10x_it.o(i.NMI_Handler) for NMI_Handler
    startup_stm32f10x_md.o(RESET) refers to stm32f10x_it.o(i.HardFault_Handler) for HardFault_Handler
    startup_stm32f10x_md.o(RESET) refers to stm32f10x_it.o(i.MemManage_Handler) for MemManage_Handler
    startup_stm32f10x_md.o(RESET) refers to stm32f10x_it.o(i.BusFault_Handler) for BusFault_Handler
    startup_stm32f10x_md.o(RESET) refers to stm32f10x_it.o(i.UsageFault_Handler) for UsageFault_Handler
    startup_stm32f10x_md.o(RESET) refers to hal_cm3.o(.emb_text) for SVC_Handler
    startup_stm32f10x_md.o(RESET) refers to stm32f10x_it.o(i.DebugMon_Handler) for DebugMon_Handler
    startup_stm32f10x_md.o(RESET) refers to dma_stm32f10x.o(i.DMA1_Channel1_IRQHandler) for DMA1_Channel1_IRQHandler
    startup_stm32f10x_md.o(RESET) refers to dma_stm32f10x.o(i.DMA1_Channel2_IRQHandler) for DMA1_Channel2_IRQHandler
    startup_stm32f10x_md.o(RESET) refers to dma_stm32f10x.o(i.DMA1_Channel3_IRQHandler) for DMA1_Channel3_IRQHandler
    startup_stm32f10x_md.o(RESET) refers to dma_stm32f10x.o(i.DMA1_Channel4_IRQHandler) for DMA1_Channel4_IRQHandler
    startup_stm32f10x_md.o(RESET) refers to dma_stm32f10x.o(i.DMA1_Channel5_IRQHandler) for DMA1_Channel5_IRQHandler
    startup_stm32f10x_md.o(RESET) refers to dma_stm32f10x.o(i.DMA1_Channel6_IRQHandler) for DMA1_Channel6_IRQHandler
    startup_stm32f10x_md.o(RESET) refers to dma_stm32f10x.o(i.DMA1_Channel7_IRQHandler) for DMA1_Channel7_IRQHandler
    startup_stm32f10x_md.o(RESET) refers to can_stm32f10x.o(i.USB_HP_CAN1_TX_IRQHandler) for USB_HP_CAN1_TX_IRQHandler
    startup_stm32f10x_md.o(RESET) refers to can_stm32f10x.o(i.USB_LP_CAN1_RX0_IRQHandler) for USB_LP_CAN1_RX0_IRQHandler
    startup_stm32f10x_md.o(RESET) refers to can_stm32f10x.o(i.CAN1_RX1_IRQHandler) for CAN1_RX1_IRQHandler
    startup_stm32f10x_md.o(RESET) refers to can_stm32f10x.o(i.CAN1_SCE_IRQHandler) for CAN1_SCE_IRQHandler
    startup_stm32f10x_md.o(RESET) refers to usart_stm32f10x.o(i.USART2_IRQHandler) for USART2_IRQHandler
    startup_stm32f10x_md.o(RESET) refers to stm32f10x_it.o(i.EXTI15_10_IRQHandler) for EXTI15_10_IRQHandler
    startup_stm32f10x_md.o(.text) refers (Special) to heapauxi.o(.text) for __use_two_region_memory
    startup_stm32f10x_md.o(.text) refers to system_stm32f10x.o(i.SystemInit) for SystemInit
    startup_stm32f10x_md.o(.text) refers to __main.o(!!!main) for __main
    startup_stm32f10x_md.o(.text) refers to startup_stm32f10x_md.o(HEAP) for Heap_Mem
    startup_stm32f10x_md.o(.text) refers to startup_stm32f10x_md.o(STACK) for Stack_Mem
    system_stm32f10x.o(i.SetSysClock) refers to system_stm32f10x.o(i.SetSysClockTo72) for SetSysClockTo72
    system_stm32f10x.o(i.SystemCoreClockUpdate) refers to system_stm32f10x.o(.data) for SystemCoreClock
    system_stm32f10x.o(i.SystemInit) refers to system_stm32f10x.o(i.SetSysClock) for SetSysClock
    rt_cmsis.o(i.isrMessageGet) refers to rt_mailbox.o(i.isr_mbx_receive) for isr_mbx_receive
    rt_cmsis.o(i.isrMessagePut) refers to rt_mailbox.o(i.rt_mbx_check) for rt_mbx_check
    rt_cmsis.o(i.isrMessagePut) refers to rt_mailbox.o(i.isr_mbx_send) for isr_mbx_send
    rt_cmsis.o(i.isrSemaphoreRelease) refers to rt_cmsis.o(i.rt_id2obj) for rt_id2obj
    rt_cmsis.o(i.isrSemaphoreRelease) refers to rt_semaphore.o(i.isr_sem_send) for isr_sem_send
    rt_cmsis.o(i.isrSignalSet) refers to rt_cmsis.o(i.rt_tid2ptcb) for rt_tid2ptcb
    rt_cmsis.o(i.isrSignalSet) refers to rt_event.o(i.isr_evt_set) for isr_evt_set
    rt_cmsis.o(i.osDelay) refers to rt_cmsis.o(i.svcDelay) for svcDelay
    rt_cmsis.o(i.osKernelInitialize) refers to rt_cmsis.o(i.svcKernelInitialize) for svcKernelInitialize
    rt_cmsis.o(i.osKernelRunning) refers to rt_cmsis.o(i.svcKernelRunning) for svcKernelRunning
    rt_cmsis.o(i.osKernelRunning) refers to rt_cmsis.o(.data) for .data
    rt_cmsis.o(i.osKernelStart) refers to rtx_conf_cm.o(.constdata) for os_flags
    rt_cmsis.o(i.osKernelStart) refers to rt_cmsis.o(i.svcKernelStart) for svcKernelStart
    rt_cmsis.o(i.osKernelSysTick) refers to rt_cmsis.o(i.svcKernelSysTick) for svcKernelSysTick
    rt_cmsis.o(i.osMailAlloc) refers to rt_cmsis.o(i.sysMailAlloc) for sysMailAlloc
    rt_cmsis.o(i.osMailCAlloc) refers to rt_cmsis.o(i.sysMailAlloc) for sysMailAlloc
    rt_cmsis.o(i.osMailCAlloc) refers to rt_cmsis.o(i.rt_clr_box) for rt_clr_box
    rt_cmsis.o(i.osMailCreate) refers to rt_cmsis.o(i.svcMailCreate) for svcMailCreate
    rt_cmsis.o(i.osMailCreate) refers to rt_cmsis.o(.data) for .data
    rt_cmsis.o(i.osMailFree) refers to rt_cmsis.o(i.sysMailFree) for sysMailFree
    rt_cmsis.o(i.osMailGet) refers to rt_cmsis.o(i.osMessageGet) for osMessageGet
    rt_cmsis.o(i.osMailPut) refers to rt_cmsis.o(i.osMessagePut) for osMessagePut
    rt_cmsis.o(i.osMessageCreate) refers to rt_cmsis.o(i.svcMessageCreate) for svcMessageCreate
    rt_cmsis.o(i.osMessageCreate) refers to rt_cmsis.o(.data) for .data
    rt_cmsis.o(i.osMessageGet) refers to rt_cmsis.o(i.isrMessageGet) for isrMessageGet
    rt_cmsis.o(i.osMessageGet) refers to rt_cmsis.o(i.svcMessageGet) for svcMessageGet
    rt_cmsis.o(i.osMessagePut) refers to rt_cmsis.o(i.isrMessagePut) for isrMessagePut
    rt_cmsis.o(i.osMessagePut) refers to rt_cmsis.o(i.svcMessagePut) for svcMessagePut
    rt_cmsis.o(i.osMutexCreate) refers to rt_cmsis.o(i.svcMutexCreate) for svcMutexCreate
    rt_cmsis.o(i.osMutexCreate) refers to rt_cmsis.o(.data) for .data
    rt_cmsis.o(i.osMutexDelete) refers to rt_cmsis.o(i.svcMutexDelete) for svcMutexDelete
    rt_cmsis.o(i.osMutexRelease) refers to rt_cmsis.o(i.svcMutexRelease) for svcMutexRelease
    rt_cmsis.o(i.osMutexWait) refers to rt_cmsis.o(i.svcMutexWait) for svcMutexWait
    rt_cmsis.o(i.osPoolAlloc) refers to rt_cmsis.o(i.sysPoolAlloc) for sysPoolAlloc
    rt_cmsis.o(i.osPoolCAlloc) refers to rt_cmsis.o(i.rt_clr_box) for rt_clr_box
    rt_cmsis.o(i.osPoolCAlloc) refers to rt_cmsis.o(i.sysPoolAlloc) for sysPoolAlloc
    rt_cmsis.o(i.osPoolCreate) refers to rt_cmsis.o(i.svcPoolCreate) for svcPoolCreate
    rt_cmsis.o(i.osPoolCreate) refers to rt_cmsis.o(.data) for .data
    rt_cmsis.o(i.osPoolFree) refers to rt_cmsis.o(i.sysPoolFree) for sysPoolFree
    rt_cmsis.o(i.osSemaphoreCreate) refers to rt_cmsis.o(i.svcSemaphoreCreate) for svcSemaphoreCreate
    rt_cmsis.o(i.osSemaphoreCreate) refers to rt_cmsis.o(.data) for .data
    rt_cmsis.o(i.osSemaphoreDelete) refers to rt_cmsis.o(i.svcSemaphoreDelete) for svcSemaphoreDelete
    rt_cmsis.o(i.osSemaphoreRelease) refers to rt_cmsis.o(i.isrSemaphoreRelease) for isrSemaphoreRelease
    rt_cmsis.o(i.osSemaphoreRelease) refers to rt_cmsis.o(i.svcSemaphoreRelease) for svcSemaphoreRelease
    rt_cmsis.o(i.osSemaphoreWait) refers to rt_cmsis.o(i.svcSemaphoreWait) for svcSemaphoreWait
    rt_cmsis.o(i.osSignalClear) refers to rt_cmsis.o(i.svcSignalClear) for svcSignalClear
    rt_cmsis.o(i.osSignalSet) refers to rt_cmsis.o(i.isrSignalSet) for isrSignalSet
    rt_cmsis.o(i.osSignalSet) refers to rt_cmsis.o(i.svcSignalSet) for svcSignalSet
    rt_cmsis.o(i.osSignalWait) refers to rt_cmsis.o(i.svcSignalWait) for svcSignalWait
    rt_cmsis.o(i.osThreadCreate) refers to rt_cmsis.o(i.svcThreadCreate) for svcThreadCreate
    rt_cmsis.o(i.osThreadCreate) refers to rt_cmsis.o(.data) for .data
    rt_cmsis.o(i.osThreadExit) refers to rt_cmsis.o(i.svcThreadGetId) for svcThreadGetId
    rt_cmsis.o(i.osThreadExit) refers to rt_cmsis.o(i.svcThreadTerminate) for svcThreadTerminate
    rt_cmsis.o(i.osThreadGetId) refers to rt_cmsis.o(i.svcThreadGetId) for svcThreadGetId
    rt_cmsis.o(i.osThreadGetPriority) refers to rt_cmsis.o(i.svcThreadGetPriority) for svcThreadGetPriority
    rt_cmsis.o(i.osThreadSetPriority) refers to rt_cmsis.o(i.svcThreadSetPriority) for svcThreadSetPriority
    rt_cmsis.o(i.osThreadTerminate) refers to rt_cmsis.o(i.svcThreadTerminate) for svcThreadTerminate
    rt_cmsis.o(i.osThreadYield) refers to rt_cmsis.o(i.svcThreadYield) for svcThreadYield
    rt_cmsis.o(i.osTimerCall) refers to rt_cmsis.o(i.svcTimerCall) for svcTimerCall
    rt_cmsis.o(i.osTimerCreate) refers to rt_cmsis.o(i.svcTimerCreate) for svcTimerCreate
    rt_cmsis.o(i.osTimerCreate) refers to rt_cmsis.o(.data) for .data
    rt_cmsis.o(i.osTimerDelete) refers to rt_cmsis.o(i.svcTimerDelete) for svcTimerDelete
    rt_cmsis.o(i.osTimerStart) refers to rt_cmsis.o(i.svcTimerStart) for svcTimerStart
    rt_cmsis.o(i.osTimerStop) refers to rt_cmsis.o(i.svcTimerStop) for svcTimerStop
    rt_cmsis.o(i.osTimerThread) refers to rt_cmsis.o(i.osMessageGet) for osMessageGet
    rt_cmsis.o(i.osTimerThread) refers to rt_cmsis.o(i.osTimerCall) for osTimerCall
    rt_cmsis.o(i.osTimerThread) refers to rtx_conf_cm.o(.data) for osMessageQId_osTimerMessageQ
    rt_cmsis.o(i.os_resume) refers to rt_system.o(i.rt_resume) for rt_resume
    rt_cmsis.o(i.os_suspend) refers to rt_system.o(i.rt_suspend) for rt_suspend
    rt_cmsis.o(i.rt_ms2tick) refers to rtx_conf_cm.o(.constdata) for os_clockrate
    rt_cmsis.o(i.rt_timer_insert) refers to rt_cmsis.o(.data) for .data
    rt_cmsis.o(i.rt_timer_remove) refers to rt_cmsis.o(.data) for .data
    rt_cmsis.o(i.svcDelay) refers to rt_cmsis.o(i.rt_ms2tick) for rt_ms2tick
    rt_cmsis.o(i.svcDelay) refers to rt_time.o(i.rt_dly_wait) for rt_dly_wait
    rt_cmsis.o(i.svcKernelInitialize) refers to rt_memory.o(i.rt_init_mem) for rt_init_mem
    rt_cmsis.o(i.svcKernelInitialize) refers to rt_task.o(i.rt_sys_init) for rt_sys_init
    rt_cmsis.o(i.svcKernelInitialize) refers to rt_cmsis.o(i.svcMessageCreate) for svcMessageCreate
    rt_cmsis.o(i.svcKernelInitialize) refers to rt_cmsis.o(i.svcThreadCreate) for svcThreadCreate
    rt_cmsis.o(i.svcKernelInitialize) refers to rt_cmsis.o(.data) for .data
    rt_cmsis.o(i.svcKernelInitialize) refers to rtx_conf_cm.o(.bss) for os_stack_mem
    rt_cmsis.o(i.svcKernelInitialize) refers to rtx_conf_cm.o(.constdata) for os_stack_sz
    rt_cmsis.o(i.svcKernelInitialize) refers to rt_task.o(.data) for os_tsk
    rt_cmsis.o(i.svcKernelInitialize) refers to rtx_conf_cm.o(.data) for osMessageQId_osTimerMessageQ
    rt_cmsis.o(i.svcKernelRunning) refers to rt_cmsis.o(.data) for .data
    rt_cmsis.o(i.svcKernelStart) refers to rt_task.o(i.rt_tsk_prio) for rt_tsk_prio
    rt_cmsis.o(i.svcKernelStart) refers to rt_task.o(i.rt_sys_start) for rt_sys_start
    rt_cmsis.o(i.svcKernelStart) refers to rt_cmsis.o(.data) for .data
    rt_cmsis.o(i.svcKernelStart) refers to rt_task.o(.data) for os_tsk
    rt_cmsis.o(i.svcKernelSysTick) refers to rt_system.o(i.os_tick_val) for os_tick_val
    rt_cmsis.o(i.svcKernelSysTick) refers to rt_system.o(i.os_tick_ovf) for os_tick_ovf
    rt_cmsis.o(i.svcKernelSysTick) refers to rtx_conf_cm.o(.constdata) for os_trv
    rt_cmsis.o(i.svcKernelSysTick) refers to rt_time.o(.data) for os_time
    rt_cmsis.o(i.svcMailCreate) refers to rt_membox.o(i._init_box) for _init_box
    rt_cmsis.o(i.svcMailCreate) refers to rt_mailbox.o(i.rt_mbx_init) for rt_mbx_init
    rt_cmsis.o(i.svcMessageCreate) refers to rt_mailbox.o(i.rt_mbx_init) for rt_mbx_init
    rt_cmsis.o(i.svcMessageGet) refers to rt_cmsis.o(i.rt_ms2tick) for rt_ms2tick
    rt_cmsis.o(i.svcMessageGet) refers to rt_mailbox.o(i.rt_mbx_wait) for rt_mbx_wait
    rt_cmsis.o(i.svcMessagePut) refers to rt_cmsis.o(i.rt_ms2tick) for rt_ms2tick
    rt_cmsis.o(i.svcMessagePut) refers to rt_mailbox.o(i.rt_mbx_send) for rt_mbx_send
    rt_cmsis.o(i.svcMutexCreate) refers to rt_mutex.o(i.rt_mut_init) for rt_mut_init
    rt_cmsis.o(i.svcMutexDelete) refers to rt_cmsis.o(i.rt_id2obj) for rt_id2obj
    rt_cmsis.o(i.svcMutexDelete) refers to rt_mutex.o(i.rt_mut_delete) for rt_mut_delete
    rt_cmsis.o(i.svcMutexRelease) refers to rt_cmsis.o(i.rt_id2obj) for rt_id2obj
    rt_cmsis.o(i.svcMutexRelease) refers to rt_mutex.o(i.rt_mut_release) for rt_mut_release
    rt_cmsis.o(i.svcMutexWait) refers to rt_cmsis.o(i.rt_id2obj) for rt_id2obj
    rt_cmsis.o(i.svcMutexWait) refers to rt_cmsis.o(i.rt_ms2tick) for rt_ms2tick
    rt_cmsis.o(i.svcMutexWait) refers to rt_mutex.o(i.rt_mut_wait) for rt_mut_wait
    rt_cmsis.o(i.svcPoolCreate) refers to rt_membox.o(i._init_box) for _init_box
    rt_cmsis.o(i.svcSemaphoreCreate) refers to rt_semaphore.o(i.rt_sem_init) for rt_sem_init
    rt_cmsis.o(i.svcSemaphoreDelete) refers to rt_cmsis.o(i.rt_id2obj) for rt_id2obj
    rt_cmsis.o(i.svcSemaphoreDelete) refers to rt_semaphore.o(i.rt_sem_delete) for rt_sem_delete
    rt_cmsis.o(i.svcSemaphoreRelease) refers to rt_cmsis.o(i.rt_id2obj) for rt_id2obj
    rt_cmsis.o(i.svcSemaphoreRelease) refers to rt_semaphore.o(i.rt_sem_send) for rt_sem_send
    rt_cmsis.o(i.svcSemaphoreWait) refers to rt_cmsis.o(i.rt_id2obj) for rt_id2obj
    rt_cmsis.o(i.svcSemaphoreWait) refers to rt_cmsis.o(i.rt_ms2tick) for rt_ms2tick
    rt_cmsis.o(i.svcSemaphoreWait) refers to rt_semaphore.o(i.rt_sem_wait) for rt_sem_wait
    rt_cmsis.o(i.svcSignalClear) refers to rt_cmsis.o(i.rt_tid2ptcb) for rt_tid2ptcb
    rt_cmsis.o(i.svcSignalClear) refers to rt_event.o(i.rt_evt_clr) for rt_evt_clr
    rt_cmsis.o(i.svcSignalSet) refers to rt_cmsis.o(i.rt_tid2ptcb) for rt_tid2ptcb
    rt_cmsis.o(i.svcSignalSet) refers to rt_event.o(i.rt_evt_set) for rt_evt_set
    rt_cmsis.o(i.svcSignalWait) refers to rt_cmsis.o(i.rt_ms2tick) for rt_ms2tick
    rt_cmsis.o(i.svcSignalWait) refers to rt_event.o(i.rt_evt_wait) for rt_evt_wait
    rt_cmsis.o(i.svcSignalWait) refers to rt_task.o(.data) for os_tsk
    rt_cmsis.o(i.svcThreadCreate) refers to rt_memory.o(i.rt_alloc_mem) for rt_alloc_mem
    rt_cmsis.o(i.svcThreadCreate) refers to rt_task.o(i.rt_tsk_create) for rt_tsk_create
    rt_cmsis.o(i.svcThreadCreate) refers to rt_memory.o(i.rt_free_mem) for rt_free_mem
    rt_cmsis.o(i.svcThreadCreate) refers to rtx_conf_cm.o(.bss) for os_stack_mem
    rt_cmsis.o(i.svcThreadCreate) refers to rt_cmsis.o(i.osThreadExit) for osThreadExit
    rt_cmsis.o(i.svcThreadGetId) refers to rt_task.o(i.rt_tsk_self) for rt_tsk_self
    rt_cmsis.o(i.svcThreadGetId) refers to rtx_conf_cm.o(.bss) for os_active_TCB
    rt_cmsis.o(i.svcThreadGetPriority) refers to rt_cmsis.o(i.rt_tid2ptcb) for rt_tid2ptcb
    rt_cmsis.o(i.svcThreadSetPriority) refers to rt_cmsis.o(i.rt_tid2ptcb) for rt_tid2ptcb
    rt_cmsis.o(i.svcThreadSetPriority) refers to rt_task.o(i.rt_tsk_prio) for rt_tsk_prio
    rt_cmsis.o(i.svcThreadTerminate) refers to rt_cmsis.o(i.rt_tid2ptcb) for rt_tid2ptcb
    rt_cmsis.o(i.svcThreadTerminate) refers to rt_task.o(i.rt_tsk_delete) for rt_tsk_delete
    rt_cmsis.o(i.svcThreadTerminate) refers to rt_memory.o(i.rt_free_mem) for rt_free_mem
    rt_cmsis.o(i.svcThreadTerminate) refers to rtx_conf_cm.o(.bss) for os_stack_mem
    rt_cmsis.o(i.svcThreadYield) refers to rt_task.o(i.rt_tsk_pass) for rt_tsk_pass
    rt_cmsis.o(i.svcTimerCall) refers to rt_cmsis.o(i.rt_id2obj) for rt_id2obj
    rt_cmsis.o(i.svcTimerCreate) refers to rtx_conf_cm.o(.data) for osThreadId_osTimerThread
    rt_cmsis.o(i.svcTimerDelete) refers to rt_cmsis.o(i.rt_id2obj) for rt_id2obj
    rt_cmsis.o(i.svcTimerDelete) refers to rt_cmsis.o(i.rt_timer_remove) for rt_timer_remove
    rt_cmsis.o(i.svcTimerStart) refers to rt_cmsis.o(i.rt_id2obj) for rt_id2obj
    rt_cmsis.o(i.svcTimerStart) refers to lludivv7m.o(.text) for __aeabi_uldivmod
    rt_cmsis.o(i.svcTimerStart) refers to rt_cmsis.o(i.rt_timer_remove) for rt_timer_remove
    rt_cmsis.o(i.svcTimerStart) refers to rt_cmsis.o(i.rt_timer_insert) for rt_timer_insert
    rt_cmsis.o(i.svcTimerStart) refers to rtx_conf_cm.o(.constdata) for os_clockrate
    rt_cmsis.o(i.svcTimerStop) refers to rt_cmsis.o(i.rt_id2obj) for rt_id2obj
    rt_cmsis.o(i.svcTimerStop) refers to rt_cmsis.o(i.rt_timer_remove) for rt_timer_remove
    rt_cmsis.o(i.sysMailAlloc) refers to rt_membox.o(i.rt_alloc_box) for rt_alloc_box
    rt_cmsis.o(i.sysMailAlloc) refers to rt_list.o(i.rt_put_prio) for rt_put_prio
    rt_cmsis.o(i.sysMailAlloc) refers to rt_cmsis.o(i.rt_ms2tick) for rt_ms2tick
    rt_cmsis.o(i.sysMailAlloc) refers to rt_task.o(i.rt_block) for rt_block
    rt_cmsis.o(i.sysMailAlloc) refers to rt_task.o(.data) for os_tsk
    rt_cmsis.o(i.sysMailFree) refers to rt_membox.o(i.rt_free_box) for rt_free_box
    rt_cmsis.o(i.sysMailFree) refers to rt_list.o(i.rt_psq_enq) for rt_psq_enq
    rt_cmsis.o(i.sysMailFree) refers to rt_system.o(i.rt_psh_req) for rt_psh_req
    rt_cmsis.o(i.sysMailFree) refers to rt_membox.o(i.rt_alloc_box) for rt_alloc_box
    rt_cmsis.o(i.sysMailFree) refers to rt_list.o(i.rt_get_first) for rt_get_first
    rt_cmsis.o(i.sysMailFree) refers to hal_cm.o(i.rt_ret_val) for rt_ret_val
    rt_cmsis.o(i.sysMailFree) refers to rt_list.o(i.rt_rmv_dly) for rt_rmv_dly
    rt_cmsis.o(i.sysMailFree) refers to rt_task.o(i.rt_dispatch) for rt_dispatch
    rt_cmsis.o(i.sysPoolAlloc) refers to rt_membox.o(i.rt_alloc_box) for rt_alloc_box
    rt_cmsis.o(i.sysPoolFree) refers to rt_membox.o(i.rt_free_box) for rt_free_box
    rt_cmsis.o(i.sysTimerTick) refers to rt_cmsis.o(i.isrMessagePut) for isrMessagePut
    rt_cmsis.o(i.sysTimerTick) refers to rtx_conf_cm.o(i.os_error) for os_error
    rt_cmsis.o(i.sysTimerTick) refers to rt_cmsis.o(i.rt_timer_insert) for rt_timer_insert
    rt_cmsis.o(i.sysTimerTick) refers to rt_cmsis.o(.data) for .data
    rt_cmsis.o(i.sysTimerTick) refers to rtx_conf_cm.o(.data) for osMessageQId_osTimerMessageQ
    rt_cmsis.o(i.sysUserTimerUpdate) refers to rt_cmsis.o(i.sysTimerTick) for sysTimerTick
    rt_cmsis.o(i.sysUserTimerUpdate) refers to rt_cmsis.o(.data) for .data
    rt_cmsis.o(i.sysUserTimerWakeupTime) refers to rt_cmsis.o(.data) for .data
    rt_task.o(i.rt_block) refers to rt_list.o(i.rt_put_dly) for rt_put_dly
    rt_task.o(i.rt_block) refers to rt_list.o(i.rt_get_first) for rt_get_first
    rt_task.o(i.rt_block) refers to rt_task.o(i.rt_switch_req) for rt_switch_req
    rt_task.o(i.rt_block) refers to rt_task.o(.data) for .data
    rt_task.o(i.rt_block) refers to rt_list.o(.bss) for os_rdy
    rt_task.o(i.rt_dispatch) refers to rt_list.o(i.rt_put_rdy_first) for rt_put_rdy_first
    rt_task.o(i.rt_dispatch) refers to rt_task.o(i.rt_switch_req) for rt_switch_req
    rt_task.o(i.rt_dispatch) refers to rt_list.o(i.rt_get_first) for rt_get_first
    rt_task.o(i.rt_dispatch) refers to rt_list.o(i.rt_put_prio) for rt_put_prio
    rt_task.o(i.rt_dispatch) refers to rt_task.o(.data) for .data
    rt_task.o(i.rt_dispatch) refers to rt_list.o(.bss) for os_rdy
    rt_task.o(i.rt_init_context) refers to rt_membox.o(i.rt_alloc_box) for rt_alloc_box
    rt_task.o(i.rt_init_context) refers to hal_cm.o(i.rt_init_stack) for rt_init_stack
    rt_task.o(i.rt_init_context) refers to rtx_conf_cm.o(.bss) for mp_stk
    rt_task.o(i.rt_switch_req) refers to hal_cm.o(i.dbg_task_switch) for dbg_task_switch
    rt_task.o(i.rt_switch_req) refers to rt_task.o(.data) for .data
    rt_task.o(i.rt_switch_req) refers to hal_cm.o(.data) for dbg_msg
    rt_task.o(i.rt_sys_init) refers to hal_cm.o(i.dbg_init) for dbg_init
    rt_task.o(i.rt_sys_init) refers to rt_membox.o(i._init_box) for _init_box
    rt_task.o(i.rt_sys_init) refers to rt_task.o(i.rt_init_context) for rt_init_context
    rt_task.o(i.rt_sys_init) refers to rt_robin.o(i.rt_init_robin) for rt_init_robin
    rt_task.o(i.rt_sys_init) refers to rtx_conf_cm.o(.bss) for os_active_TCB
    rt_task.o(i.rt_sys_init) refers to rtx_conf_cm.o(.constdata) for os_maxtaskrun
    rt_task.o(i.rt_sys_init) refers to rtx_conf_cm.o(.data) for m_tmr
    rt_task.o(i.rt_sys_init) refers to rt_task.o(.bss) for .bss
    rt_task.o(i.rt_sys_init) refers to rtx_conf_cm.o(i.os_idle_demon) for os_idle_demon
    rt_task.o(i.rt_sys_init) refers to rt_list.o(.bss) for os_rdy
    rt_task.o(i.rt_sys_init) refers to rt_task.o(.data) for .data
    rt_task.o(i.rt_sys_start) refers to rt_system.o(i.os_tick_init) for os_tick_init
    rt_task.o(i.rt_sys_start) refers to rt_system.o(.data) for os_tick_irqn
    rt_task.o(i.rt_tsk_create) refers to rt_membox.o(i.rt_alloc_box) for rt_alloc_box
    rt_task.o(i.rt_tsk_create) refers to rt_task.o(i.rt_init_context) for rt_init_context
    rt_task.o(i.rt_tsk_create) refers to hal_cm.o(i.dbg_task_notify) for dbg_task_notify
    rt_task.o(i.rt_tsk_create) refers to rt_task.o(i.rt_dispatch) for rt_dispatch
    rt_task.o(i.rt_tsk_create) refers to rtx_conf_cm.o(.bss) for mp_tcb
    rt_task.o(i.rt_tsk_create) refers to rtx_conf_cm.o(.constdata) for os_maxtaskrun
    rt_task.o(i.rt_tsk_create) refers to hal_cm.o(.data) for dbg_msg
    rt_task.o(i.rt_tsk_delete) refers to hal_cm3.o(.emb_text) for rt_get_PSP
    rt_task.o(i.rt_tsk_delete) refers to rt_system.o(i.rt_stk_check) for rt_stk_check
    rt_task.o(i.rt_tsk_delete) refers to rt_list.o(i.rt_get_first) for rt_get_first
    rt_task.o(i.rt_tsk_delete) refers to hal_cm.o(i.rt_ret_val) for rt_ret_val
    rt_task.o(i.rt_tsk_delete) refers to rt_list.o(i.rt_rmv_dly) for rt_rmv_dly
    rt_task.o(i.rt_tsk_delete) refers to rt_list.o(i.rt_put_prio) for rt_put_prio
    rt_task.o(i.rt_tsk_delete) refers to rt_membox.o(i.rt_free_box) for rt_free_box
    rt_task.o(i.rt_tsk_delete) refers to hal_cm.o(i.dbg_task_notify) for dbg_task_notify
    rt_task.o(i.rt_tsk_delete) refers to rt_list.o(i.rt_rmv_list) for rt_rmv_list
    rt_task.o(i.rt_tsk_delete) refers to rt_task.o(i.rt_dispatch) for rt_dispatch
    rt_task.o(i.rt_tsk_delete) refers to hal_cm.o(.data) for dbg_msg
    rt_task.o(i.rt_tsk_delete) refers to rtx_conf_cm.o(.bss) for os_active_TCB
    rt_task.o(i.rt_tsk_delete) refers to rt_task.o(.data) for .data
    rt_task.o(i.rt_tsk_delete) refers to rt_list.o(.bss) for os_rdy
    rt_task.o(i.rt_tsk_delete) refers to rtx_conf_cm.o(.constdata) for os_maxtaskrun
    rt_task.o(i.rt_tsk_pass) refers to rt_list.o(i.rt_get_same_rdy_prio) for rt_get_same_rdy_prio
    rt_task.o(i.rt_tsk_pass) refers to rt_list.o(i.rt_put_prio) for rt_put_prio
    rt_task.o(i.rt_tsk_pass) refers to rt_task.o(i.rt_switch_req) for rt_switch_req
    rt_task.o(i.rt_tsk_pass) refers to rt_task.o(.data) for .data
    rt_task.o(i.rt_tsk_pass) refers to rt_list.o(.bss) for os_rdy
    rt_task.o(i.rt_tsk_prio) refers to rt_list.o(i.rt_put_prio) for rt_put_prio
    rt_task.o(i.rt_tsk_prio) refers to rt_list.o(i.rt_resort_prio) for rt_resort_prio
    rt_task.o(i.rt_tsk_prio) refers to rt_list.o(i.rt_get_first) for rt_get_first
    rt_task.o(i.rt_tsk_prio) refers to rt_task.o(i.rt_dispatch) for rt_dispatch
    rt_task.o(i.rt_tsk_prio) refers to rt_task.o(.data) for .data
    rt_task.o(i.rt_tsk_prio) refers to rtx_conf_cm.o(.constdata) for os_maxtaskrun
    rt_task.o(i.rt_tsk_prio) refers to rtx_conf_cm.o(.bss) for os_active_TCB
    rt_task.o(i.rt_tsk_prio) refers to rt_list.o(.bss) for os_rdy
    rt_task.o(i.rt_tsk_self) refers to rt_task.o(.data) for .data
    rt_mutex.o(i.rt_mut_delete) refers to rt_list.o(i.rt_resort_prio) for rt_resort_prio
    rt_mutex.o(i.rt_mut_delete) refers to rt_list.o(i.rt_get_first) for rt_get_first
    rt_mutex.o(i.rt_mut_delete) refers to hal_cm.o(i.rt_ret_val) for rt_ret_val
    rt_mutex.o(i.rt_mut_delete) refers to rt_list.o(i.rt_rmv_dly) for rt_rmv_dly
    rt_mutex.o(i.rt_mut_delete) refers to rt_list.o(i.rt_put_prio) for rt_put_prio
    rt_mutex.o(i.rt_mut_delete) refers to rt_task.o(i.rt_dispatch) for rt_dispatch
    rt_mutex.o(i.rt_mut_delete) refers to rt_task.o(.data) for os_tsk
    rt_mutex.o(i.rt_mut_delete) refers to rt_list.o(.bss) for os_rdy
    rt_mutex.o(i.rt_mut_release) refers to rt_list.o(i.rt_get_first) for rt_get_first
    rt_mutex.o(i.rt_mut_release) refers to hal_cm.o(i.rt_ret_val) for rt_ret_val
    rt_mutex.o(i.rt_mut_release) refers to rt_list.o(i.rt_rmv_dly) for rt_rmv_dly
    rt_mutex.o(i.rt_mut_release) refers to rt_list.o(i.rt_put_prio) for rt_put_prio
    rt_mutex.o(i.rt_mut_release) refers to rt_task.o(i.rt_dispatch) for rt_dispatch
    rt_mutex.o(i.rt_mut_release) refers to rt_task.o(.data) for os_tsk
    rt_mutex.o(i.rt_mut_release) refers to rt_list.o(.bss) for os_rdy
    rt_mutex.o(i.rt_mut_wait) refers to rt_list.o(i.rt_resort_prio) for rt_resort_prio
    rt_mutex.o(i.rt_mut_wait) refers to rt_list.o(i.rt_put_prio) for rt_put_prio
    rt_mutex.o(i.rt_mut_wait) refers to rt_task.o(i.rt_block) for rt_block
    rt_mutex.o(i.rt_mut_wait) refers to rt_task.o(.data) for os_tsk
    rt_system.o(i.os_tick_init) refers to rtx_conf_cm.o(.constdata) for os_trv
    rt_system.o(i.os_tick_val) refers to rtx_conf_cm.o(.constdata) for os_trv
    rt_system.o(i.rt_pop_req) refers to rt_list.o(i.rt_put_rdy_first) for rt_put_rdy_first
    rt_system.o(i.rt_pop_req) refers to rt_semaphore.o(i.rt_sem_psh) for rt_sem_psh
    rt_system.o(i.rt_pop_req) refers to rt_list.o(i.rt_get_first) for rt_get_first
    rt_system.o(i.rt_pop_req) refers to rt_task.o(i.rt_switch_req) for rt_switch_req
    rt_system.o(i.rt_pop_req) refers to rt_event.o(i.rt_evt_psh) for rt_evt_psh
    rt_system.o(i.rt_pop_req) refers to rt_mailbox.o(i.rt_mbx_psh) for rt_mbx_psh
    rt_system.o(i.rt_pop_req) refers to rt_task.o(.data) for os_tsk
    rt_system.o(i.rt_pop_req) refers to rtx_conf_cm.o(.bss) for os_fifo
    rt_system.o(i.rt_pop_req) refers to rt_list.o(.bss) for os_rdy
    rt_system.o(i.rt_psh_req) refers to rt_system.o(.data) for .data
    rt_system.o(i.rt_resume) refers to rt_list.o(i.rt_put_rdy_first) for rt_put_rdy_first
    rt_system.o(i.rt_resume) refers to rt_list.o(i.rt_dec_dly) for rt_dec_dly
    rt_system.o(i.rt_resume) refers to rt_cmsis.o(i.sysUserTimerUpdate) for sysUserTimerUpdate
    rt_system.o(i.rt_resume) refers to rt_list.o(i.rt_get_first) for rt_get_first
    rt_system.o(i.rt_resume) refers to rt_task.o(i.rt_switch_req) for rt_switch_req
    rt_system.o(i.rt_resume) refers to rt_system.o(i.rt_tsk_unlock) for rt_tsk_unlock
    rt_system.o(i.rt_resume) refers to rt_task.o(.data) for os_tsk
    rt_system.o(i.rt_resume) refers to rt_robin.o(.data) for os_robin
    rt_system.o(i.rt_resume) refers to rt_list.o(.bss) for os_dly
    rt_system.o(i.rt_resume) refers to rt_time.o(.data) for os_time
    rt_system.o(i.rt_stk_check) refers to rtx_conf_cm.o(i.os_error) for os_error
    rt_system.o(i.rt_stk_check) refers to rt_task.o(.data) for os_tsk
    rt_system.o(i.rt_suspend) refers to rt_system.o(i.rt_tsk_lock) for rt_tsk_lock
    rt_system.o(i.rt_suspend) refers to rt_cmsis.o(i.sysUserTimerWakeupTime) for sysUserTimerWakeupTime
    rt_system.o(i.rt_suspend) refers to rt_list.o(.bss) for os_dly
    rt_system.o(i.rt_systick) refers to rt_list.o(i.rt_put_rdy_first) for rt_put_rdy_first
    rt_system.o(i.rt_systick) refers to rt_robin.o(i.rt_chk_robin) for rt_chk_robin
    rt_system.o(i.rt_systick) refers to rt_list.o(i.rt_dec_dly) for rt_dec_dly
    rt_system.o(i.rt_systick) refers to rt_cmsis.o(i.sysTimerTick) for sysTimerTick
    rt_system.o(i.rt_systick) refers to rt_list.o(i.rt_get_first) for rt_get_first
    rt_system.o(i.rt_systick) refers to rt_task.o(i.rt_switch_req) for rt_switch_req
    rt_system.o(i.rt_systick) refers to rt_task.o(.data) for os_tsk
    rt_system.o(i.rt_systick) refers to rt_time.o(.data) for os_time
    rt_system.o(i.rt_systick) refers to rt_list.o(.bss) for os_rdy
    rt_system.o(i.rt_tsk_lock) refers to rt_system.o(.data) for .data
    rt_system.o(i.rt_tsk_unlock) refers to rt_system.o(.data) for .data
    rt_event.o(i.isr_evt_set) refers to rt_list.o(i.rt_psq_enq) for rt_psq_enq
    rt_event.o(i.isr_evt_set) refers to rt_system.o(i.rt_psh_req) for rt_psh_req
    rt_event.o(i.isr_evt_set) refers to rtx_conf_cm.o(.bss) for os_active_TCB
    rt_event.o(i.rt_evt_clr) refers to rtx_conf_cm.o(.bss) for os_active_TCB
    rt_event.o(i.rt_evt_get) refers to rt_task.o(.data) for os_tsk
    rt_event.o(i.rt_evt_psh) refers to rt_list.o(i.rt_rmv_dly) for rt_rmv_dly
    rt_event.o(i.rt_evt_psh) refers to hal_cm.o(i.rt_ret_val2) for rt_ret_val2
    rt_event.o(i.rt_evt_psh) refers to rt_list.o(i.rt_put_prio) for rt_put_prio
    rt_event.o(i.rt_evt_psh) refers to rt_list.o(.bss) for os_rdy
    rt_event.o(i.rt_evt_set) refers to rt_list.o(i.rt_rmv_dly) for rt_rmv_dly
    rt_event.o(i.rt_evt_set) refers to hal_cm.o(i.rt_ret_val2) for rt_ret_val2
    rt_event.o(i.rt_evt_set) refers to rt_task.o(i.rt_dispatch) for rt_dispatch
    rt_event.o(i.rt_evt_set) refers to rtx_conf_cm.o(.bss) for os_active_TCB
    rt_event.o(i.rt_evt_wait) refers to rt_task.o(i.rt_block) for rt_block
    rt_event.o(i.rt_evt_wait) refers to rt_task.o(.data) for os_tsk
    rt_list.o(i.rt_dec_dly) refers to rt_list.o(i.rt_put_prio) for rt_put_prio
    rt_list.o(i.rt_dec_dly) refers to rt_list.o(.bss) for .bss
    rt_list.o(i.rt_dec_dly) refers to rt_time.o(.data) for os_time
    rt_list.o(i.rt_get_same_rdy_prio) refers to rt_list.o(.bss) for .bss
    rt_list.o(i.rt_get_same_rdy_prio) refers to rt_task.o(.data) for os_tsk
    rt_list.o(i.rt_psq_enq) refers to rtx_conf_cm.o(i.os_error) for os_error
    rt_list.o(i.rt_psq_enq) refers to rtx_conf_cm.o(.bss) for os_fifo
    rt_list.o(i.rt_put_dly) refers to rt_list.o(.bss) for .bss
    rt_list.o(i.rt_put_rdy_first) refers to rt_list.o(.bss) for .bss
    rt_list.o(i.rt_resort_prio) refers to rt_list.o(i.rt_rmv_list) for rt_rmv_list
    rt_list.o(i.rt_resort_prio) refers to rt_list.o(i.rt_put_prio) for rt_put_prio
    rt_list.o(i.rt_resort_prio) refers to rt_list.o(.bss) for .bss
    rt_list.o(i.rt_rmv_list) refers to rt_list.o(.bss) for .bss
    rt_mailbox.o(i.isr_mbx_receive) refers to rt_list.o(i.rt_psq_enq) for rt_psq_enq
    rt_mailbox.o(i.isr_mbx_receive) refers to rt_system.o(i.rt_psh_req) for rt_psh_req
    rt_mailbox.o(i.isr_mbx_send) refers to rt_list.o(i.rt_psq_enq) for rt_psq_enq
    rt_mailbox.o(i.isr_mbx_send) refers to rt_system.o(i.rt_psh_req) for rt_psh_req
    rt_mailbox.o(i.rt_mbx_psh) refers to rt_membox.o(i.rt_alloc_box) for rt_alloc_box
    rt_mailbox.o(i.rt_mbx_psh) refers to rt_list.o(i.rt_get_first) for rt_get_first
    rt_mailbox.o(i.rt_mbx_psh) refers to hal_cm.o(i.rt_ret_val) for rt_ret_val
    rt_mailbox.o(i.rt_mbx_psh) refers to rt_list.o(i.rt_rmv_dly) for rt_rmv_dly
    rt_mailbox.o(i.rt_mbx_psh) refers to rt_list.o(i.rt_put_prio) for rt_put_prio
    rt_mailbox.o(i.rt_mbx_psh) refers to hal_cm.o(i.rt_ret_val2) for rt_ret_val2
    rt_mailbox.o(i.rt_mbx_psh) refers to rtx_conf_cm.o(i.os_error) for os_error
    rt_mailbox.o(i.rt_mbx_psh) refers to rt_list.o(.bss) for os_rdy
    rt_mailbox.o(i.rt_mbx_send) refers to rt_list.o(i.rt_put_prio) for rt_put_prio
    rt_mailbox.o(i.rt_mbx_send) refers to rt_list.o(i.rt_get_first) for rt_get_first
    rt_mailbox.o(i.rt_mbx_send) refers to hal_cm.o(i.rt_ret_val2) for rt_ret_val2
    rt_mailbox.o(i.rt_mbx_send) refers to rt_list.o(i.rt_rmv_dly) for rt_rmv_dly
    rt_mailbox.o(i.rt_mbx_send) refers to rt_task.o(i.rt_dispatch) for rt_dispatch
    rt_mailbox.o(i.rt_mbx_send) refers to rt_task.o(i.rt_block) for rt_block
    rt_mailbox.o(i.rt_mbx_send) refers to rt_task.o(.data) for os_tsk
    rt_mailbox.o(i.rt_mbx_wait) refers to rt_list.o(i.rt_get_first) for rt_get_first
    rt_mailbox.o(i.rt_mbx_wait) refers to hal_cm.o(i.rt_ret_val) for rt_ret_val
    rt_mailbox.o(i.rt_mbx_wait) refers to rt_list.o(i.rt_rmv_dly) for rt_rmv_dly
    rt_mailbox.o(i.rt_mbx_wait) refers to rt_task.o(i.rt_dispatch) for rt_dispatch
    rt_mailbox.o(i.rt_mbx_wait) refers to rt_list.o(i.rt_put_prio) for rt_put_prio
    rt_mailbox.o(i.rt_mbx_wait) refers to rt_task.o(i.rt_block) for rt_block
    rt_mailbox.o(i.rt_mbx_wait) refers to rt_task.o(.data) for os_tsk
    rt_semaphore.o(i.isr_sem_send) refers to rt_list.o(i.rt_psq_enq) for rt_psq_enq
    rt_semaphore.o(i.isr_sem_send) refers to rt_system.o(i.rt_psh_req) for rt_psh_req
    rt_semaphore.o(i.rt_sem_delete) refers to rt_list.o(i.rt_get_first) for rt_get_first
    rt_semaphore.o(i.rt_sem_delete) refers to hal_cm.o(i.rt_ret_val) for rt_ret_val
    rt_semaphore.o(i.rt_sem_delete) refers to rt_list.o(i.rt_rmv_dly) for rt_rmv_dly
    rt_semaphore.o(i.rt_sem_delete) refers to rt_list.o(i.rt_put_prio) for rt_put_prio
    rt_semaphore.o(i.rt_sem_delete) refers to rt_task.o(i.rt_dispatch) for rt_dispatch
    rt_semaphore.o(i.rt_sem_delete) refers to rt_list.o(.bss) for os_rdy
    rt_semaphore.o(i.rt_sem_delete) refers to rt_task.o(.data) for os_tsk
    rt_semaphore.o(i.rt_sem_psh) refers to rt_list.o(i.rt_get_first) for rt_get_first
    rt_semaphore.o(i.rt_sem_psh) refers to rt_list.o(i.rt_rmv_dly) for rt_rmv_dly
    rt_semaphore.o(i.rt_sem_psh) refers to hal_cm.o(i.rt_ret_val) for rt_ret_val
    rt_semaphore.o(i.rt_sem_psh) refers to rt_list.o(i.rt_put_prio) for rt_put_prio
    rt_semaphore.o(i.rt_sem_psh) refers to rt_list.o(.bss) for os_rdy
    rt_semaphore.o(i.rt_sem_send) refers to rt_list.o(i.rt_get_first) for rt_get_first
    rt_semaphore.o(i.rt_sem_send) refers to hal_cm.o(i.rt_ret_val) for rt_ret_val
    rt_semaphore.o(i.rt_sem_send) refers to rt_list.o(i.rt_rmv_dly) for rt_rmv_dly
    rt_semaphore.o(i.rt_sem_send) refers to rt_task.o(i.rt_dispatch) for rt_dispatch
    rt_semaphore.o(i.rt_sem_wait) refers to rt_list.o(i.rt_put_prio) for rt_put_prio
    rt_semaphore.o(i.rt_sem_wait) refers to rt_task.o(i.rt_block) for rt_block
    rt_semaphore.o(i.rt_sem_wait) refers to rt_task.o(.data) for os_tsk
    rt_time.o(i.rt_dly_wait) refers to rt_task.o(i.rt_block) for rt_block
    rt_time.o(i.rt_itv_set) refers to rt_task.o(.data) for os_tsk
    rt_time.o(i.rt_itv_set) refers to rt_time.o(.data) for .data
    rt_time.o(i.rt_itv_wait) refers to rt_task.o(i.rt_block) for rt_block
    rt_time.o(i.rt_itv_wait) refers to rt_task.o(.data) for os_tsk
    rt_time.o(i.rt_itv_wait) refers to rt_time.o(.data) for .data
    rt_time.o(i.rt_time_get) refers to rt_time.o(.data) for .data
    rt_robin.o(i.rt_chk_robin) refers to rt_list.o(i.rt_get_first) for rt_get_first
    rt_robin.o(i.rt_chk_robin) refers to rt_list.o(i.rt_put_prio) for rt_put_prio
    rt_robin.o(i.rt_chk_robin) refers to rt_robin.o(.data) for .data
    rt_robin.o(i.rt_chk_robin) refers to rt_list.o(.bss) for os_rdy
    rt_robin.o(i.rt_chk_robin) refers to rt_time.o(.data) for os_time
    rt_robin.o(i.rt_init_robin) refers to rt_robin.o(.data) for .data
    rt_robin.o(i.rt_init_robin) refers to rtx_conf_cm.o(.constdata) for os_rrobin
    rt_membox.o(i._calloc_box) refers to hal_cm3.o(.emb_text) for _alloc_box
    hal_cm.o(i.dbg_init) refers to hal_cm.o(.data) for .data
    hal_cm.o(i.rt_init_stack) refers to rtx_conf_cm.o(.constdata) for os_stackinfo
    hal_cm3.o(.emb_text) refers to rtx_conf_cm.o(.constdata) for os_flags
    hal_cm3.o(.emb_text) refers to rt_membox.o(i.rt_alloc_box) for rt_alloc_box
    hal_cm3.o(.emb_text) refers to rt_membox.o(i.rt_free_box) for rt_free_box
    hal_cm3.o(.emb_text) refers to rt_system.o(i.rt_stk_check) for rt_stk_check
    hal_cm3.o(.emb_text) refers to rt_task.o(.data) for os_tsk
    hal_cm3.o(.emb_text) refers to svc_table.o(SVC_TABLE) for SVC_Count
    hal_cm3.o(.emb_text) refers to rt_system.o(i.rt_pop_req) for rt_pop_req
    hal_cm3.o(.emb_text) refers to rt_system.o(i.rt_systick) for rt_systick
    hal_cm3.o(.emb_text) refers to rt_system.o(i.os_tick_irqack) for os_tick_irqack
    libspace.o(.text) refers to libspace.o(.bss) for __libspace_start
    __2sprintf.o(.text) refers to _printf_char_common.o(.text) for _printf_char_common
    __2sprintf.o(.text) refers to _sputc.o(.text) for _sputc
    noretval__2sprintf.o(.text) refers to _printf_char_common.o(.text) for _printf_char_common
    noretval__2sprintf.o(.text) refers to _sputc.o(.text) for _sputc
    __printf.o(.text) refers to _printf_percent.o(.ARM.Collect$$_printf_percent$$00000000) for _printf_percent
    _printf_str.o(.text) refers (Special) to _printf_char.o(.text) for _printf_cs_common
    __printf_flags.o(.text) refers to _printf_percent.o(.ARM.Collect$$_printf_percent$$00000000) for _printf_percent
    __printf_flags.o(.text) refers to __printf_flags.o(.constdata) for .constdata
    __printf_ss.o(.text) refers to _printf_percent.o(.ARM.Collect$$_printf_percent$$00000000) for _printf_percent
    __printf_flags_ss.o(.text) refers to _printf_percent.o(.ARM.Collect$$_printf_percent$$00000000) for _printf_percent
    __printf_flags_ss.o(.text) refers to __printf_flags_ss.o(.constdata) for .constdata
    __printf_wp.o(.text) refers to __printf_wp.o(i._is_digit) for _is_digit
    __printf_wp.o(.text) refers to _printf_percent.o(.ARM.Collect$$_printf_percent$$00000000) for _printf_percent
    __printf_flags_wp.o(.text) refers to __printf_wp.o(i._is_digit) for _is_digit
    __printf_flags_wp.o(.text) refers to _printf_percent.o(.ARM.Collect$$_printf_percent$$00000000) for _printf_percent
    __printf_flags_wp.o(.text) refers to __printf_flags_wp.o(.constdata) for .constdata
    __printf_ss_wp.o(.text) refers to __printf_wp.o(i._is_digit) for _is_digit
    __printf_ss_wp.o(.text) refers to _printf_percent.o(.ARM.Collect$$_printf_percent$$00000000) for _printf_percent
    __printf_flags_ss_wp.o(.text) refers to __printf_wp.o(i._is_digit) for _is_digit
    __printf_flags_ss_wp.o(.text) refers to _printf_percent.o(.ARM.Collect$$_printf_percent$$00000000) for _printf_percent
    __printf_flags_ss_wp.o(.text) refers to __printf_flags_ss_wp.o(.constdata) for .constdata
    _printf_s.o(.ARM.Collect$$_printf_percent$$00000014) refers (Weak) to _printf_char.o(.text) for _printf_string
    _printf_percent.o(.ARM.Collect$$_printf_percent$$00000000) refers (Special) to _printf_percent_end.o(.ARM.Collect$$_printf_percent$$00000017) for _printf_percent_end
    exit.o(.text) refers to rtexit.o(.ARM.Collect$$rtexit$$00000000) for __rt_exit
    rt_memcpy_v6.o(.text) refers to rt_memcpy_w.o(.text) for __aeabi_memcpy4
    rt_memclr.o(.text) refers to rt_memclr_w.o(.text) for _memset_w
    __main.o(!!!main) refers to __rtentry.o(.ARM.Collect$$rtentry$$00000000) for __rt_entry
    __rtentry.o(.ARM.Collect$$rtentry$$00000000) refers (Special) to __rtentry2.o(.ARM.Collect$$rtentry$$0000000A) for __rt_entry_li
    __rtentry.o(.ARM.Collect$$rtentry$$00000000) refers (Special) to __rtentry2.o(.ARM.Collect$$rtentry$$0000000D) for __rt_entry_main
    __rtentry.o(.ARM.Collect$$rtentry$$00000000) refers (Special) to __rtentry2.o(.ARM.Collect$$rtentry$$0000000B) for __rt_entry_postli_1
    __rtentry.o(.ARM.Collect$$rtentry$$00000000) refers (Special) to __rtentry2.o(.ARM.Collect$$rtentry$$00000009) for __rt_entry_postsh_1
    __rtentry.o(.ARM.Collect$$rtentry$$00000000) refers (Special) to __rtentry2.o(.ARM.Collect$$rtentry$$00000002) for __rt_entry_presh_1
    __rtentry.o(.ARM.Collect$$rtentry$$00000000) refers (Special) to __rtentry4.o(.ARM.Collect$$rtentry$$00000004) for __rt_entry_sh
    rtexit.o(.ARM.Collect$$rtexit$$00000000) refers (Special) to rtexit2.o(.ARM.Collect$$rtexit$$00000004) for __rt_exit_exit
    rtexit.o(.ARM.Collect$$rtexit$$00000000) refers (Special) to rtexit2.o(.ARM.Collect$$rtexit$$00000003) for __rt_exit_ls
    rtexit.o(.ARM.Collect$$rtexit$$00000000) refers (Special) to rtexit2.o(.ARM.Collect$$rtexit$$00000002) for __rt_exit_prels_1
    rtexit.o(.ARM.exidx) refers (Special) to rtexit2.o(.ARM.Collect$$rtexit$$00000004) for __rt_exit_exit
    rtexit.o(.ARM.exidx) refers (Special) to rtexit2.o(.ARM.Collect$$rtexit$$00000003) for __rt_exit_ls
    rtexit.o(.ARM.exidx) refers (Special) to rtexit2.o(.ARM.Collect$$rtexit$$00000002) for __rt_exit_prels_1
    rtexit.o(.ARM.exidx) refers to rtexit.o(.ARM.Collect$$rtexit$$00000000) for .ARM.Collect$$rtexit$$00000000
    aeabi_ldiv0_sigfpe.o(.text) refers to rt_div0.o(.text) for __rt_div0
    _printf_char_common.o(.text) refers to __printf.o(.text) for __printf
    _printf_char.o(.text) refers (Weak) to _printf_str.o(.text) for _printf_str
    __rtentry2.o(.ARM.Collect$$rtentry$$00000008) refers to boardinit2.o(.text) for _platform_post_stackheap_init
    __rtentry2.o(.ARM.Collect$$rtentry$$0000000A) refers to libinit.o(.ARM.Collect$$libinit$$00000000) for __rt_lib_init
    __rtentry2.o(.ARM.Collect$$rtentry$$0000000B) refers to rtx_conf_cm.o(.emb_text) for _platform_post_lib_init
    __rtentry2.o(.ARM.Collect$$rtentry$$0000000D) refers to main.o(i.main) for main
    __rtentry2.o(.ARM.Collect$$rtentry$$0000000D) refers to exit.o(.text) for exit
    __rtentry2.o(.ARM.exidx) refers to __rtentry2.o(.ARM.Collect$$rtentry$$00000001) for .ARM.Collect$$rtentry$$00000001
    __rtentry2.o(.ARM.exidx) refers to __rtentry2.o(.ARM.Collect$$rtentry$$00000008) for .ARM.Collect$$rtentry$$00000008
    __rtentry2.o(.ARM.exidx) refers to __rtentry2.o(.ARM.Collect$$rtentry$$0000000A) for .ARM.Collect$$rtentry$$0000000A
    __rtentry2.o(.ARM.exidx) refers to __rtentry2.o(.ARM.Collect$$rtentry$$0000000B) for .ARM.Collect$$rtentry$$0000000B
    __rtentry2.o(.ARM.exidx) refers to __rtentry2.o(.ARM.Collect$$rtentry$$0000000D) for .ARM.Collect$$rtentry$$0000000D
    __rtentry4.o(.ARM.Collect$$rtentry$$00000004) refers to sys_stackheap_outer.o(.text) for __user_setup_stackheap
    __rtentry4.o(.ARM.exidx) refers to __rtentry4.o(.ARM.Collect$$rtentry$$00000004) for .ARM.Collect$$rtentry$$00000004
    rtexit2.o(.ARM.Collect$$rtexit$$00000003) refers to libshutdown.o(.ARM.Collect$$libshutdown$$00000000) for __rt_lib_shutdown
    rtexit2.o(.ARM.Collect$$rtexit$$00000004) refers to sys_exit.o(.text) for _sys_exit
    rtexit2.o(.ARM.exidx) refers to rtexit2.o(.ARM.Collect$$rtexit$$00000001) for .ARM.Collect$$rtexit$$00000001
    rtexit2.o(.ARM.exidx) refers to rtexit2.o(.ARM.Collect$$rtexit$$00000003) for .ARM.Collect$$rtexit$$00000003
    rtexit2.o(.ARM.exidx) refers to rtexit2.o(.ARM.Collect$$rtexit$$00000004) for .ARM.Collect$$rtexit$$00000004
    rt_div0.o(.text) refers to defsig_fpe_outer.o(.text) for __rt_SIGFPE
    sys_exit.o(.text) refers (Special) to use_no_semi.o(.text) for __I$use$semihosting
    sys_exit.o(.text) refers (Special) to indicate_semi.o(.text) for __semihosting_library_function
    sys_stackheap_outer.o(.text) refers to libspace.o(.text) for __user_perproc_libspace
    sys_stackheap_outer.o(.text) refers to startup_stm32f10x_md.o(.text) for __user_initial_stackheap
    defsig_fpe_outer.o(.text) refers to defsig_fpe_inner.o(.text) for __rt_SIGFPE_inner
    defsig_fpe_outer.o(.text) refers to defsig_exit.o(.text) for __sig_exit
    defsig_fpe_formal.o(.text) refers to rt_raise.o(.text) for __rt_raise
    libinit.o(.ARM.Collect$$libinit$$00000000) refers (Special) to libinit2.o(.ARM.Collect$$libinit$$0000002E) for __rt_lib_init_alloca_1
    libinit.o(.ARM.Collect$$libinit$$00000000) refers (Special) to libinit2.o(.ARM.Collect$$libinit$$0000002C) for __rt_lib_init_argv_1
    libinit.o(.ARM.Collect$$libinit$$00000000) refers (Special) to libinit2.o(.ARM.Collect$$libinit$$0000001B) for __rt_lib_init_atexit_1
    libinit.o(.ARM.Collect$$libinit$$00000000) refers (Special) to libinit2.o(.ARM.Collect$$libinit$$00000021) for __rt_lib_init_clock_1
    libinit.o(.ARM.Collect$$libinit$$00000000) refers (Special) to libinit2.o(.ARM.Collect$$libinit$$00000032) for __rt_lib_init_cpp_1
    libinit.o(.ARM.Collect$$libinit$$00000000) refers (Special) to libinit2.o(.ARM.Collect$$libinit$$00000030) for __rt_lib_init_exceptions_1
    libinit.o(.ARM.Collect$$libinit$$00000000) refers (Special) to libinit2.o(.ARM.Collect$$libinit$$00000002) for __rt_lib_init_fp_1
    libinit.o(.ARM.Collect$$libinit$$00000000) refers (Special) to libinit2.o(.ARM.Collect$$libinit$$0000001F) for __rt_lib_init_fp_trap_1
    libinit.o(.ARM.Collect$$libinit$$00000000) refers (Special) to libinit2.o(.ARM.Collect$$libinit$$00000023) for __rt_lib_init_getenv_1
    libinit.o(.ARM.Collect$$libinit$$00000000) refers (Special) to libinit2.o(.ARM.Collect$$libinit$$0000000A) for __rt_lib_init_heap_1
    libinit.o(.ARM.Collect$$libinit$$00000000) refers (Special) to libinit2.o(.ARM.Collect$$libinit$$00000011) for __rt_lib_init_lc_collate_1
    libinit.o(.ARM.Collect$$libinit$$00000000) refers (Special) to libinit2.o(.ARM.Collect$$libinit$$00000013) for __rt_lib_init_lc_ctype_1
    libinit.o(.ARM.Collect$$libinit$$00000000) refers (Special) to libinit2.o(.ARM.Collect$$libinit$$00000015) for __rt_lib_init_lc_monetary_1
    libinit.o(.ARM.Collect$$libinit$$00000000) refers (Special) to libinit2.o(.ARM.Collect$$libinit$$00000017) for __rt_lib_init_lc_numeric_1
    libinit.o(.ARM.Collect$$libinit$$00000000) refers (Special) to libinit2.o(.ARM.Collect$$libinit$$00000019) for __rt_lib_init_lc_time_1
    libinit.o(.ARM.Collect$$libinit$$00000000) refers (Special) to libinit2.o(.ARM.Collect$$libinit$$00000004) for __rt_lib_init_preinit_1
    libinit.o(.ARM.Collect$$libinit$$00000000) refers (Special) to libinit2.o(.ARM.Collect$$libinit$$0000000E) for __rt_lib_init_rand_1
    libinit.o(.ARM.Collect$$libinit$$00000000) refers (Special) to libinit2.o(.ARM.Collect$$libinit$$00000033) for __rt_lib_init_return
    libinit.o(.ARM.Collect$$libinit$$00000000) refers (Special) to libinit2.o(.ARM.Collect$$libinit$$0000001D) for __rt_lib_init_signal_1
    libinit.o(.ARM.Collect$$libinit$$00000000) refers (Special) to libinit2.o(.ARM.Collect$$libinit$$00000025) for __rt_lib_init_stdio_1
    libinit.o(.ARM.Collect$$libinit$$00000000) refers (Special) to libinit2.o(.ARM.Collect$$libinit$$0000000C) for __rt_lib_init_user_alloc_1
    libshutdown.o(.ARM.Collect$$libshutdown$$00000000) refers (Special) to libshutdown2.o(.ARM.Collect$$libshutdown$$00000002) for __rt_lib_shutdown_cpp_1
    libshutdown.o(.ARM.Collect$$libshutdown$$00000000) refers (Special) to libshutdown2.o(.ARM.Collect$$libshutdown$$00000007) for __rt_lib_shutdown_fp_trap_1
    libshutdown.o(.ARM.Collect$$libshutdown$$00000000) refers (Special) to libshutdown2.o(.ARM.Collect$$libshutdown$$0000000F) for __rt_lib_shutdown_heap_1
    libshutdown.o(.ARM.Collect$$libshutdown$$00000000) refers (Special) to libshutdown2.o(.ARM.Collect$$libshutdown$$00000010) for __rt_lib_shutdown_return
    libshutdown.o(.ARM.Collect$$libshutdown$$00000000) refers (Special) to libshutdown2.o(.ARM.Collect$$libshutdown$$0000000A) for __rt_lib_shutdown_signal_1
    libshutdown.o(.ARM.Collect$$libshutdown$$00000000) refers (Special) to libshutdown2.o(.ARM.Collect$$libshutdown$$00000004) for __rt_lib_shutdown_stdio_1
    libshutdown.o(.ARM.Collect$$libshutdown$$00000000) refers (Special) to libshutdown2.o(.ARM.Collect$$libshutdown$$0000000C) for __rt_lib_shutdown_user_alloc_1
    rt_raise.o(.text) refers to __raise.o(.text) for __raise
    rt_raise.o(.text) refers to sys_exit.o(.text) for _sys_exit
    defsig_exit.o(.text) refers to sys_exit.o(.text) for _sys_exit
    defsig_fpe_inner.o(.text) refers to defsig_general.o(.text) for __default_signal_display
    libinit2.o(.ARM.Collect$$libinit$$00000010) refers to libinit2.o(.ARM.Collect$$libinit$$0000000F) for .ARM.Collect$$libinit$$0000000F
    libinit2.o(.ARM.Collect$$libinit$$00000012) refers to libinit2.o(.ARM.Collect$$libinit$$0000000F) for .ARM.Collect$$libinit$$0000000F
    libinit2.o(.ARM.Collect$$libinit$$00000014) refers to libinit2.o(.ARM.Collect$$libinit$$0000000F) for .ARM.Collect$$libinit$$0000000F
    libinit2.o(.ARM.Collect$$libinit$$00000016) refers to libinit2.o(.ARM.Collect$$libinit$$0000000F) for .ARM.Collect$$libinit$$0000000F
    libinit2.o(.ARM.Collect$$libinit$$00000018) refers to libinit2.o(.ARM.Collect$$libinit$$0000000F) for .ARM.Collect$$libinit$$0000000F
    libinit2.o(.ARM.Collect$$libinit$$00000026) refers to argv_veneer.o(.emb_text) for __ARM_argv_veneer
    libinit2.o(.ARM.Collect$$libinit$$00000027) refers to argv_veneer.o(.emb_text) for __ARM_argv_veneer
    __raise.o(.text) refers to defsig.o(CL$$defsig) for __default_signal_handler
    defsig_general.o(.text) refers to sys_wrch.o(.text) for _ttywrch
    argv_veneer.o(.emb_text) refers to no_argv.o(.text) for __ARM_get_argv
    sys_wrch.o(.text) refers (Special) to use_no_semi.o(.text) for __I$use$semihosting
    sys_wrch.o(.text) refers (Special) to indicate_semi.o(.text) for __semihosting_library_function
    defsig.o(CL$$defsig) refers to defsig_fpe_inner.o(.text) for __rt_SIGFPE_inner
    defsig.o(CL$$defsig) refers to defsig_rtmem_inner.o(.text) for __rt_SIGRTMEM_inner
    _get_argv_nomalloc.o(.text) refers (Special) to hrguard.o(.text) for __heap_region$guard
    _get_argv_nomalloc.o(.text) refers to defsig_rtmem_outer.o(.text) for __rt_SIGRTMEM
    _get_argv_nomalloc.o(.text) refers to sys_command.o(.text) for _sys_command_string
    sys_command.o(.text) refers (Special) to use_no_semi.o(.text) for __I$use$semihosting
    sys_command.o(.text) refers (Special) to indicate_semi.o(.text) for __semihosting_library_function
    defsig_abrt_inner.o(.text) refers to defsig_general.o(.text) for __default_signal_display
    defsig_rtred_inner.o(.text) refers to defsig_general.o(.text) for __default_signal_display
    defsig_rtmem_inner.o(.text) refers to defsig_general.o(.text) for __default_signal_display
    defsig_rtmem_outer.o(.text) refers to defsig_rtmem_inner.o(.text) for __rt_SIGRTMEM_inner
    defsig_rtmem_outer.o(.text) refers to defsig_exit.o(.text) for __sig_exit
    defsig_rtmem_formal.o(.text) refers to rt_raise.o(.text) for __rt_raise
    defsig_stak_inner.o(.text) refers to defsig_general.o(.text) for __default_signal_display
    defsig_pvfn_inner.o(.text) refers to defsig_general.o(.text) for __default_signal_display
    defsig_cppl_inner.o(.text) refers to defsig_general.o(.text) for __default_signal_display
    defsig_segv_inner.o(.text) refers to defsig_general.o(.text) for __default_signal_display
    defsig_other.o(.text) refers to defsig_general.o(.text) for __default_signal_display

