Component: ARM Compiler 5.06 update 1 (build 61) Tool: armlink [4d35a8]

==============================================================================

Section Cross References

    main.o(i.main) refers to rt_cmsis.o(i.osKernelInitialize) for osKernelInitialize
    main.o(i.main) refers to delay.o(i.bsp_delayinit) for bsp_delayinit
    main.o(i.main) refers to rsart_mcu.o(i.Thread_USRAT_data) for Thread_USRAT_data
    main.o(i.main) refers to prtapp_sh95.o(i.devApp95HF_ThreadActive) for devApp95HF_ThreadActive
    main.o(i.main) refers to rt_cmsis.o(i.osKernelStart) for osKernelStart
    stm32f10x_it.o(i.EXTI15_10_IRQHandler) refers to stm32f10x_exti.o(i.EXTI_GetITStatus) for EXTI_GetITStatus
    stm32f10x_it.o(i.EXTI15_10_IRQHandler) refers to stm32f10x_exti.o(i.EXTI_ClearITPendingBit) for EXTI_ClearITPendingBit
    stm32f10x_it.o(i.EXTI15_10_IRQHandler) refers to stm32f10x_it.o(.data) for RF_DataExpected
    delay.o(i.delay_us) refers to system_stm32f10x.o(.data) for SystemCoreClock
    prtapp_sh95.o(i.dev95HF_Init) refers to stm32f10x_rcc.o(i.RCC_APB2PeriphClockCmd) for RCC_APB2PeriphClockCmd
    prtapp_sh95.o(i.dev95HF_Init) refers to hw_config.o(i.Interrupts_Config) for Interrupts_Config
    prtapp_sh95.o(i.dev95HF_Init) refers to rt_cmsis.o(i.osDelay) for osDelay
    prtapp_sh95.o(i.dev95HF_Init) refers to drv_led.o(i.LED_Config) for LED_Config
    prtapp_sh95.o(i.dev95HF_Init) refers to lib_configmanager.o(i.ConfigManager_HWInit) for ConfigManager_HWInit
    prtapp_sh95.o(i.dev95HF_Init) refers to drv_led.o(i.LED_On) for LED_On
    prtapp_sh95.o(i.dev95HF_Init) refers to drv_led.o(i.LED_Off) for LED_Off
    prtapp_sh95.o(i.devApp95HF_Thread) refers to prtapp_sh95.o(i.prtApp_95HF) for prtApp_95HF
    prtapp_sh95.o(i.devApp95HF_ThreadActive) refers to prtapp_sh95.o(i.dev95HF_Init) for dev95HF_Init
    prtapp_sh95.o(i.devApp95HF_ThreadActive) refers to rt_cmsis.o(i.osThreadCreate) for osThreadCreate
    prtapp_sh95.o(i.devApp95HF_ThreadActive) refers to prtapp_sh95.o(.constdata) for os_thread_def_devApp95HF_Thread
    prtapp_sh95.o(i.devApp95HF_ThreadActive) refers to prtapp_sh95.o(.data) for tid_devApp95HF_Thread
    prtapp_sh95.o(i.prtApp_95HF) refers to _printf_percent.o(.ARM.Collect$$_printf_percent$$00000000) for _printf_percent
    prtapp_sh95.o(i.prtApp_95HF) refers to _printf_s.o(.ARM.Collect$$_printf_percent$$00000014) for _printf_s
    prtapp_sh95.o(i.prtApp_95HF) refers to _printf_str.o(.text) for _printf_str
    prtapp_sh95.o(i.prtApp_95HF) refers to lib_configmanager.o(i.ConfigManager_TagHunting) for ConfigManager_TagHunting
    prtapp_sh95.o(i.prtApp_95HF) refers to drv_led.o(i.LED_Off) for LED_Off
    prtapp_sh95.o(i.prtApp_95HF) refers to rt_memclr_w.o(.text) for __aeabi_memclr4
    prtapp_sh95.o(i.prtApp_95HF) refers to drv_led.o(i.LED_On) for LED_On
    prtapp_sh95.o(i.prtApp_95HF) refers to prtapp_sh95.o(i.Hex2Char) for Hex2Char
    prtapp_sh95.o(i.prtApp_95HF) refers to memcmp.o(.text) for memcmp
    prtapp_sh95.o(i.prtApp_95HF) refers to noretval__2sprintf.o(.text) for __2sprintf
    prtapp_sh95.o(i.prtApp_95HF) refers to strlen.o(.text) for strlen
    prtapp_sh95.o(i.prtApp_95HF) refers to rt_memcpy_v6.o(.text) for __aeabi_memcpy
    prtapp_sh95.o(i.prtApp_95HF) refers to rt_cmsis.o(i.osDelay) for osDelay
    prtapp_sh95.o(i.prtApp_95HF) refers to prtapp_sh95.o(.constdata) for .constdata
    prtapp_sh95.o(i.prtApp_95HF) refers to lib_configmanager.o(.bss) for TagUID
    prtapp_sh95.o(i.prtApp_95HF) refers to lib_iso14443apcd.o(.bss) for ISO14443A_Card
    prtapp_sh95.o(i.prtApp_95HF) refers to lib_iso18092pcd.o(.bss) for FELICA_Card
    prtapp_sh95.o(i.prtApp_95HF) refers to lib_iso14443bpcd.o(.bss) for ISO14443B_Card
    prtapp_sh95.o(.constdata) refers to prtapp_sh95.o(i.devApp95HF_Thread) for devApp95HF_Thread
    hw_config.o(i.Interrupts_Config) refers to misc.o(i.NVIC_PriorityGroupConfig) for NVIC_PriorityGroupConfig
    hw_config.o(i.Interrupts_Config) refers to misc.o(i.NVIC_Init) for NVIC_Init
    hw_config.o(i.delayHighPriority_ms) refers to rt_cmsis.o(i.osDelay) for osDelay
    drv_95hf.o(i.drv95HF_DisableInterrupt) refers to drv_interrupt.o(i.drvInt_Disable_95HF_IRQ) for drvInt_Disable_95HF_IRQ
    drv_95hf.o(i.drv95HF_DisableInterrupt) refers to drv_95hf.o(.data) for drv95HFConfig
    drv_95hf.o(i.drv95HF_EnableInterrupt) refers to drv_interrupt.o(i.drvInt_Enable_Reply_IRQ) for drvInt_Enable_Reply_IRQ
    drv_95hf.o(i.drv95HF_EnableInterrupt) refers to drv_95hf.o(.data) for drv95HFConfig
    drv_95hf.o(i.drv95HF_GPIOConfigSPI) refers to stm32f10x_gpio.o(i.GPIO_Init) for GPIO_Init
    drv_95hf.o(i.drv95HF_GPIOConfigSPI) refers to stm32f10x_gpio.o(i.GPIO_SetBits) for GPIO_SetBits
    drv_95hf.o(i.drv95HF_GetIRQOutState) refers to stm32f10x_gpio.o(i.GPIO_ReadInputData) for GPIO_ReadInputData
    drv_95hf.o(i.drv95HF_GetInterfacePinState) refers to stm32f10x_gpio.o(i.GPIO_ReadInputDataBit) for GPIO_ReadInputDataBit
[...]
    rt_system.o(i.rt_suspend) refers to rt_system.o(i.rt_tsk_lock) for rt_tsk_lock
    rt_system.o(i.rt_suspend) refers to rt_cmsis.o(i.sysUserTimerWakeupTime) for sysUserTimerWakeupTime
    rt_system.o(i.rt_suspend) refers to rt_list.o(.bss) for os_dly
    rt_system.o(i.rt_systick) refers to rt_list.o(i.rt_put_rdy_first) for rt_put_rdy_first
    rt_system.o(i.rt_systick) refers to rt_robin.o(i.rt_chk_robin) for rt_chk_robin
    rt_system.o(i.rt_systick) refers to rt_list.o(i.rt_dec_dly) for rt_dec_dly
    rt_system.o(i.rt_systick) refers to rt_cmsis.o(i.sysTimerTick) for sysTimerTick
    rt_system.o(i.rt_systick) refers to rt_list.o(i.rt_get_first) for rt_get_first
    rt_system.o(i.rt_systick) refers to rt_task.o(i.rt_switch_req) for rt_switch_req
    rt_system.o(i.rt_systick) refers to rt_task.o(.data) for os_tsk
    rt_system.o(i.rt_systick) refers to rt_time.o(.data) for os_time
    rt_system.o(i.rt_systick) refers to rt_list.o(.bss) for os_rdy
    rt_system.o(i.rt_tsk_lock) refers to rt_system.o(.data) for .data
    rt_system.o(i.rt_tsk_unlock) refers to rt_system.o(.data) for .data
    rt_event.o(i.isr_evt_set) refers to rt_list.o(i.rt_psq_enq) for rt_psq_enq
    rt_event.o(i.isr_evt_set) refers to rt_system.o(i.rt_psh_req) for rt_psh_req
    rt_event.o(i.isr_evt_set) refers to rtx_conf_cm.o(.bss) for os_active_TCB
    rt_event.o(i.rt_evt_clr) refers to rtx_conf_cm.o(.bss) for os_active_TCB
    rt_event.o(i.rt_evt_get) refers to rt_task.o(.data) for os_tsk
    rt_event.o(i.rt_evt_psh) refers to rt_list.o(i.rt_rmv_dly) for rt_rmv_dly
    rt_event.o(i.rt_evt_psh) refers to hal_cm.o(i.rt_ret_val2) for rt_ret_val2
    rt_event.o(i.rt_evt_psh) refers to rt_list.o(i.rt_put_prio) for rt_put_prio
    rt_event.o(i.rt_evt_psh) refers to rt_list.o(.bss) for os_rdy
    rt_event.o(i.rt_evt_set) refers to rt_list.o(i.rt_rmv_dly) for rt_rmv_dly
    rt_event.o(i.rt_evt_set) refers to hal_cm.o(i.rt_ret_val2) for rt_ret_val2
    rt_event.o(i.rt_evt_set) refers to rt_task.o(i.rt_dispatch) for rt_dispatch
    rt_event.o(i.rt_evt_set) refers to rtx_conf_cm.o(.bss) for os_active_TCB
    rt_event.o(i.rt_evt_wait) refers to rt_task.o(i.rt_block) for rt_block
    rt_event.o(i.rt_evt_wait) refers to rt_task.o(.data) for os_tsk
    rt_list.o(i.rt_dec_dly) refers to rt_list.o(i.rt_put_prio) for rt_put_prio
    rt_list.o(i.rt_dec_dly) refers to rt_list.o(.bss) for .bss
    rt_list.o(i.rt_dec_dly) refers to rt_time.o(.data) for os_time
    rt_list.o(i.rt_get_same_rdy_prio) refers to rt_list.o(.bss) for .bss
    rt_list.o(i.rt_get_same_rdy_prio) refers to rt_task.o(.data) for os_tsk
    rt_list.o(i.rt_psq_enq) refers to rtx_conf_cm.o(i.os_error) for os_error
    rt_list.o(i.rt_psq_enq) refers to rtx_conf_cm.o(.bss) for os_fifo
    rt_list.o(i.rt_put_dly) refers to rt_list.o(.bss) for .bss
    rt_list.o(i.rt_put_rdy_first) refers to rt_list.o(.bss) for .bss
    rt_list.o(i.rt_resort_prio) refers to rt_list.o(i.rt_rmv_list) for rt_rmv_list
    rt_list.o(i.rt_resort_prio) refers to rt_list.o(i.rt_put_prio) for rt_put_prio
    rt_list.o(i.rt_resort_prio) refers to rt_list.o(.bss) for .bss
    rt_list.o(i.rt_rmv_list) refers to rt_list.o(.bss) for .bss
    rt_mailbox.o(i.isr_mbx_receive) refers to rt_list.o(i.rt_psq_enq) for rt_psq_enq
    rt_mailbox.o(i.isr_mbx_receive) refers to rt_system.o(i.rt_psh_req) for rt_psh_req
    rt_mailbox.o(i.isr_mbx_send) refers to rt_list.o(i.rt_psq_enq) for rt_psq_enq
    rt_mailbox.o(i.isr_mbx_send) refers to rt_system.o(i.rt_psh_req) for rt_psh_req
    rt_mailbox.o(i.rt_mbx_psh) refers to rt_membox.o(i.rt_alloc_box) for rt_alloc_box
    rt_mailbox.o(i.rt_mbx_psh) refers to rt_list.o(i.rt_get_first) for rt_get_first
    rt_mailbox.o(i.rt_mbx_psh) refers to hal_cm.o(i.rt_ret_val) for rt_ret_val
    rt_mailbox.o(i.rt_mbx_psh) refers to rt_list.o(i.rt_rmv_dly) for rt_rmv_dly
    rt_mailbox.o(i.rt_mbx_psh) refers to rt_list.o(i.rt_put_prio) for rt_put_prio
    rt_mailbox.o(i.rt_mbx_psh) refers to hal_cm.o(i.rt_ret_val2) for rt_ret_val2
    rt_mailbox.o(i.rt_mbx_psh) refers to rtx_conf_cm.o(i.os_error) for os_error
    rt_mailbox.o(i.rt_mbx_psh) refers to rt_list.o(.bss) for os_rdy
    rt_mailbox.o(i.rt_mbx_send) refers to rt_list.o(i.rt_put_prio) for rt_put_prio
    rt_mailbox.o(i.rt_mbx_send) refers to rt_list.o(i.rt_get_first) for rt_get_first
    rt_mailbox.o(i.rt_mbx_send) refers to hal_cm.o(i.rt_ret_val2) for rt_ret_val2
    rt_mailbox.o(i.rt_mbx_send) refers to rt_list.o(i.rt_rmv_dly) for rt_rmv_dly
    rt_mailbox.o(i.rt_mbx_send) refers to rt_task.o(i.rt_dispatch) for rt_dispatch
    rt_mailbox.o(i.rt_mbx_send) refers to rt_task.o(i.rt_block) for rt_block
    rt_mailbox.o(i.rt_mbx_send) refers to rt_task.o(.data) for os_tsk
    rt_mailbox.o(i.rt_mbx_wait) refers to rt_list.o(i.rt_get_first) for rt_get_first
    rt_mailbox.o(i.rt_mbx_wait) refers to hal_cm.o(i.rt_ret_val) for rt_ret_val
    rt_mailbox.o(i.rt_mbx_wait) refers to rt_list.o(i.rt_rmv_dly) for rt_rmv_dly
    rt_mailbox.o(i.rt_mbx_wait) refers to rt_task.o(i.rt_dispatch) for rt_dispatch
    rt_mailbox.o(i.rt_mbx_wait) refers to rt_list.o(i.rt_put_prio) for rt_put_prio
    rt_mailbox.o(i.rt_mbx_wait) refers to rt_task.o(i.rt_block) for rt_block
    rt_mailbox.o(i.rt_mbx_wait) refers to rt_task.o(.data) for os_tsk
    rt_semaphore.o(i.isr_sem_send) refers to rt_list.o(i.rt_psq_enq) for rt_psq_enq
    rt_semaphore.o(i.isr_sem_send) refers to rt_system.o(i.rt_psh_req) for rt_psh_req
    rt_semaphore.o(i.rt_sem_delete) refers to rt_list.o(i.rt_get_first) for rt_get_first
    rt_semaphore.o(i.rt_sem_delete) refers to hal_cm.o(i.rt_ret_val) for rt_ret_val
    rt_semaphore.o(i.rt_sem_delete) refers to rt_list.o(i.rt_rmv_dly) for rt_rmv_dly
    rt_semaphore.o(i.rt_sem_delete) refers to rt_list.o(i.rt_put_prio) for rt_put_prio
    rt_semaphore.o(i.rt_sem_delete) refers to rt_task.o(i.rt_dispatch) for rt_dispatch
    rt_semaphore.o(i.rt_sem_delete) refers to rt_list.o(.bss) for os_rdy
    rt_semaphore.o(i.rt_sem_delete) refers to rt_task.o(.data) for os_tsk
    rt_semaphore.o(i.rt_sem_psh) refers to rt_list.o(i.rt_get_first) for rt_get_first
    rt_semaphore.o(i.rt_sem_psh) refers to rt_list.o(i.rt_rmv_dly) for rt_rmv_dly
    rt_semaphore.o(i.rt_sem_psh) refers to hal_cm.o(i.rt_ret_val) for rt_ret_val
    rt_semaphore.o(i.rt_sem_psh) refers to rt_list.o(i.rt_put_prio) for rt_put_prio
    rt_semaphore.o(i.rt_sem_psh) refers to rt_list.o(.bss) for os_rdy
    rt_semaphore.o(i.rt_sem_send) refers to rt_list.o(i.rt_get_first) for rt_get_first
    rt_semaphore.o(i.rt_sem_send) refers to hal_cm.o(i.rt_ret_val) for rt_ret_val
    rt_semaphore.o(i.rt_sem_send) refers to rt_list.o(i.rt_rmv_dly) for rt_rmv_dly
    rt_semaphore.o(i.rt_sem_send) refers to rt_task.o(i.rt_dispatch) for rt_dispatch
    rt_semaphore.o(i.rt_sem_wait) refers to rt_list.o(i.rt_put_prio) for rt_put_prio
    rt_semaphore.o(i.rt_sem_wait) refers to rt_task.o(i.rt_block) for rt_block
    rt_semaphore.o(i.rt_sem_wait) refers to rt_task.o(.data) for os_tsk
    rt_time.o(i.rt_dly_wait) refers to rt_task.o(i.rt_block) for rt_block
    rt_time.o(i.rt_itv_set) refers to rt_task.o(.data) for os_tsk
    rt_time.o(i.rt_itv_set) refers to rt_time.o(.data) for .data
    rt_time.o(i.rt_itv_wait) refers to rt_task.o(i.rt_block) for rt_block
    rt_time.o(i.rt_itv_wait) refers to rt_task.o(.data) for os_tsk
    rt_time.o(i.rt_itv_wait) refers to rt_time.o(.data) for .data
    rt_time.o(i.rt_time_get) refers to rt_time.o(.data) for .data
    rt_robin.o(i.rt_chk_robin) refers to rt_list.o(i.rt_get_first) for rt_get_first
    rt_robin.o(i.rt_chk_robin) refers to rt_list.o(i.rt_put_prio) for rt_put_prio
    rt_robin.o(i.rt_chk_robin) refers to rt_robin.o(.data) for .data
    rt_robin.o(i.rt_chk_robin) refers to rt_list.o(.bss) for os_rdy
    rt_robin.o(i.rt_chk_robin) refers to rt_time.o(.data) for os_time
    rt_robin.o(i.rt_init_robin) refers to rt_robin.o(.data) for .data
    rt_robin.o(i.rt_init_robin) refers to rtx_conf_cm.o(.constdata) for os_rrobin
    rt_membox.o(i._calloc_box) refers to hal_cm3.o(.emb_text) for _alloc_box
    hal_cm.o(i.dbg_init) refers to hal_cm.o(.data) for .data
    hal_cm.o(i.rt_init_stack) refers to rtx_conf_cm.o(.constdata) for os_stackinfo
    hal_cm3.o(.emb_text) refers to rtx_conf_cm.o(.constdata) for os_flags
    hal_cm3.o(.emb_text) refers to rt_membox.o(i.rt_alloc_box) for rt_alloc_box
    hal_cm3.o(.emb_text) refers to rt_membox.o(i.rt_free_box) for rt_free_box
    hal_cm3.o(.emb_text) refers to rt_system.o(i.rt_stk_check) for rt_stk_check
    hal_cm3.o(.emb_text) refers to rt_task.o(.data) for os_tsk
    hal_cm3.o(.emb_text) refers to svc_table.o(SVC_TABLE) for SVC_Count
    hal_cm3.o(.emb_text) refers to rt_system.o(i.rt_pop_req) for rt_pop_req
    hal_cm3.o(.emb_text) refers to rt_system.o(i.rt_systick) for rt_systick
    hal_cm3.o(.emb_text) refers to rt_system.o(i.os_tick_irqack) for os_tick_irqack
    libspace.o(.text) refers to libspace.o(.bss) for __libspace_start
    __2sprintf.o(.text) refers to _printf_char_common.o(.text) for _printf_char_common
    __2sprintf.o(.text) refers to _sputc.o(.text) for _sputc
    noretval__2sprintf.o(.text) refers to _printf_char_common.o(.text) for _printf_char_common
    noretval__2sprintf.o(.text) refers to _sputc.o(.text) for _sputc
    __printf.o(.text) refers to _printf_percent.o(.ARM.Collect$$_printf_percent$$00000000) for _printf_percent
    _printf_str.o(.text) refers (Special) to _printf_char.o(.text) for _printf_cs_common
    __printf_flags.o(.text) refers to _printf_percent.o(.ARM.Collect$$_printf_percent$$00000000) for _printf_percent
    __printf_flags.o(.text) refers to __printf_flags.o(.constdata) for .constdata
    __printf_ss.o(.text) refers to _printf_percent.o(.ARM.Collect$$_printf_percent$$00000000) for _printf_percent
    __printf_flags_ss.o(.text) refers to _printf_percent.o(.ARM.Collect$$_printf_percent$$00000000) for _printf_percent
    __printf_flags_ss.o(.text) refers to __printf_flags_ss.o(.constdata) for .constdata
    __printf_wp.o(.text) refers to __printf_wp.o(i._is_digit) for _is_digit
    __printf_wp.o(.text) refers to _printf_percent.o(.ARM.Collect$$_printf_percent$$00000000) for _printf_percent
    __printf_flags_wp.o(.text) refers to __printf_wp.o(i._is_digit) for _is_digit
    __printf_flags_wp.o(.text) refers to _printf_percent.o(.ARM.Collect$$_printf_percent$$00000000) for _printf_percent
    __printf_flags_wp.o(.text) refers to __printf_flags_wp.o(.constdata) for .constdata
    __printf_ss_wp.o(.text) refers to __printf_wp.o(i._is_digit) for _is_digit
    __printf_ss_wp.o(.text) refers to _printf_percent.o(.ARM.Collect$$_printf_percent$$00000000) for _printf_percent
    __printf_flags_ss_wp.o(.text) refers to __printf_wp.o(i._is_digit) for _is_digit
    __printf_flags_ss_wp.o(.text) refers to _printf_percent.o(.ARM.Collect$$_printf_percent$$00000000) for _printf_percent
    __printf_flags_ss_wp.o(.text) refers to __printf_flags_ss_wp.o(.constdata) for .constdata
    _printf_s.o(.ARM.Collect$$_printf_percent$$00000014) refers (Weak) to _printf_char.o(.text) for _printf_string
    _printf_percent.o(.ARM.Collect$$_printf_percent$$00000000) refers (Special) to _printf_percent_end.o(.ARM.Collect$$_printf_percent$$00000017) for _printf_percent_end
    exit.o(.text) refers to rtexit.o(.ARM.Collect$$rtexit$$00000000) for __rt_exit
    rt_memcpy_v6.o(.text) refers to rt_memcpy_w.o(.text) for __aeabi_memcpy4
    rt_memclr.o(.text) refers to rt_memclr_w.o(.text) for _memset_w
    __main.o(!!!main) refers to __rtentry.o(.ARM.Collect$$rtentry$$00000000) for __rt_entry
    __rtentry.o(.ARM.Collect$$rtentry$$00000000) refers (Special) to __rtentry2.o(.ARM.Collect$$rtentry$$0000000A) for __rt_entry_li
    __rtentry.o(.ARM.Collect$$rtentry$$00000000) refers (Special) to __rtentry2.o(.ARM.Collect$$rtentry$$0000000D) for __rt_entry_main
    __rtentry.o(.ARM.Collect$$rtentry$$00000000) refers (Special) to __rtentry2.o(.ARM.Collect$$rtentry$$0000000B) for __rt_entry_postli_1
    __rtentry.o(.ARM.Collect$$rtentry$$00000000) refers (Special) to __rtentry2.o(.ARM.Collect$$rtentry$$00000009) for __rt_entry_postsh_1
    __rtentry.o(.ARM.Collect$$rtentry$$00000000) refers (Special) to __rtentry2.o(.ARM.Collect$$rtentry$$00000002) for __rt_entry_presh_1
    __rtentry.o(.ARM.Collect$$rtentry$$00000000) refers (Special) to __rtentry4.o(.ARM.Collect$$rtentry$$00000004) for __rt_entry_sh
    rtexit.o(.ARM.Collect$$rtexit$$00000000) refers (Special) to rtexit2.o(.ARM.Collect$$rtexit$$00000004) for __rt_exit_exit
    rtexit.o(.ARM.Collect$$rtexit$$00000000) refers (Special) to rtexit2.o(.ARM.Collect$$rtexit$$00000003) for __rt_exit_ls
    rtexit.o(.ARM.Collect$$rtexit$$00000000) refers (Special) to rtexit2.o(.ARM.Collect$$rtexit$$00000002) for __rt_exit_prels_1
    rtexit.o(.ARM.exidx) refers (Special) to rtexit2.o(.ARM.Collect$$rtexit$$00000004) for __rt_exit_exit
    rtexit.o(.ARM.exidx) refers (Special) to rtexit2.o(.ARM.Collect$$rtexit$$00000003) for __rt_exit_ls
    rtexit.o(.ARM.exidx) refers (Special) to rtexit2.o(.ARM.Collect$$rtexit$$00000002) for __rt_exit_prels_1
    rtexit.o(.ARM.exidx) refers to rtexit.o(.ARM.Collect$$rtexit$$00000000) for .ARM.Collect$$rtexit$$00000000
    aeabi_ldiv0_sigfpe.o(.text) refers to rt_div0.o(.text) for __rt_div0
    _printf_char_common.o(.text) refers to __printf.o(.text) for __printf
    _printf_char.o(.text) refers (Weak) to _printf_str.o(.text) for _printf_str
    __rtentry2.o(.ARM.Collect$$rtentry$$00000008) refers to boardinit2.o(.text) for _platform_post_stackheap_init
    __rtentry2.o(.ARM.Collect$$rtentry$$0000000A) refers to libinit.o(.ARM.Collect$$libinit$$00000000) for __rt_lib_init
    __rtentry2.o(.ARM.Collect$$rtentry$$0000000B) refers to rtx_conf_cm.o(.emb_text) for _platform_post_lib_init
    __rtentry2.o(.ARM.Collect$$rtentry$$0000000D) refers to main.o(i.main) for main
    __rtentry2.o(.ARM.Collect$$rtentry$$0000000D) refers to exit.o(.text) for exit
    __rtentry2.o(.ARM.exidx) refers to __rtentry2.o(.ARM.Collect$$rtentry$$00000001) for .ARM.Collect$$rtentry$$00000001
    __rtentry2.o(.ARM.exidx) refers to __rtentry2.o(.ARM.Collect$$rtentry$$00000008) for .ARM.Collect$$rtentry$$00000008
    __rtentry2.o(.ARM.exidx) refers to __rtentry2.o(.ARM.Collect$$rtentry$$0000000A) for .ARM.Collect$$rtentry$$0000000A
    __rtentry2.o(.ARM.exidx) refers to __rtentry2.o(.ARM.Collect$$rtentry$$0000000B) for .ARM.Collect$$rtentry$$0000000B
    __rtentry2.o(.ARM.exidx) refers to __rtentry2.o(.ARM.Collect$$rtentry$$0000000D) for .ARM.Collect$$rtentry$$0000000D
    __rtentry4.o(.ARM.Collect$$rtentry$$00000004) refers to sys_stackheap_outer.o(.text) for __user_setup_stackheap
    __rtentry4.o(.ARM.exidx) refers to __rtentry4.o(.ARM.Collect$$rtentry$$00000004) for .ARM.Collect$$rtentry$$00000004
    rtexit2.o(.ARM.Collect$$rtexit$$00000003) refers to libshutdown.o(.ARM.Collect$$libshutdown$$00000000) for __rt_lib_shutdown
    rtexit2.o(.ARM.Collect$$rtexit$$00000004) refers to sys_exit.o(.text) for _sys_exit
    rtexit2.o(.ARM.exidx) refers to rtexit2.o(.ARM.Collect$$rtexit$$00000001) for .ARM.Collect$$rtexit$$00000001
    rtexit2.o(.ARM.exidx) refers to rtexit2.o(.ARM.Collect$$rtexit$$00000003) for .ARM.Collect$$rtexit$$00000003
    rtexit2.o(.ARM.exidx) refers to rtexit2.o(.ARM.Collect$$rtexit$$00000004) for .ARM.Collect$$rtexit$$00000004
    rt_div0.o(.text) refers to defsig_fpe_outer.o(.text) for __rt_SIGFPE
    sys_exit.o(.text) refers (Special) to use_no_semi.o(.text) for __I$use$semihosting
    sys_exit.o(.text) refers (Special) to indicate_semi.o(.text) for __semihosting_library_function
    sys_stackheap_outer.o(.text) refers to libspace.o(.text) for __user_perproc_libspace
    sys_stackheap_outer.o(.text) refers to startup_stm32f10x_md.o(.text) for __user_initial_stackheap
    defsig_fpe_outer.o(.text) refers to defsig_fpe_inner.o(.text) for __rt_SIGFPE_inner
    defsig_fpe_outer.o(.text) refers to defsig_exit.o(.text) for __sig_exit
    defsig_fpe_formal.o(.text) refers to rt_raise.o(.text) for __rt_raise
    libinit.o(.ARM.Collect$$libinit$$00000000) refers (Special) to libinit2.o(.ARM.Collect$$libinit$$0000002E) for __rt_lib_init_alloca_1
    libinit.o(.ARM.Collect$$libinit$$00000000) refers (Special) to libinit2.o(.ARM.Collect$$libinit$$0000002C) for __rt_lib_init_argv_1
    libinit.o(.ARM.Collect$$libinit$$00000000) refers (Special) to libinit2.o(.ARM.Collect$$libinit$$0000001B) for __rt_lib_init_atexit_1
    libinit.o(.ARM.Collect$$libinit$$00000000) refers (Special) to libinit2.o(.ARM.Collect$$libinit$$00000021) for __rt_lib_init_clock_1
    libinit.o(.ARM.Collect$$libinit$$00000000) refers (Special) to libinit2.o(.ARM.Collect$$libinit$$00000032) for __rt_lib_init_cpp_1
    libinit.o(.ARM.Collect$$libinit$$00000000) refers (Special) to libinit2.o(.ARM.Collect$$libinit$$00000030) for __rt_lib_init_exceptions_1
    libinit.o(.ARM.Collect$$libinit$$00000000) refers (Special) to libinit2.o(.ARM.Collect$$libinit$$00000002) for __rt_lib_init_fp_1
    libinit.o(.ARM.Collect$$libinit$$00000000) refers (Special) to libinit2.o(.ARM.Collect$$libinit$$0000001F) for __rt_lib_init_fp_trap_1
    libinit.o(.ARM.Collect$$libinit$$00000000) refers (Special) to libinit2.o(.ARM.Collect$$libinit$$00000023) for __rt_lib_init_getenv_1
    libinit.o(.ARM.Collect$$libinit$$00000000) refers (Special) to libinit2.o(.ARM.Collect$$libinit$$0000000A) for __rt_lib_init_heap_1
    libinit.o(.ARM.Collect$$libinit$$00000000) refers (Special) to libinit2.o(.ARM.Collect$$libinit$$00000011) for __rt_lib_init_lc_collate_1
    libinit.o(.ARM.Collect$$libinit$$00000000) refers (Special) to libinit2.o(.ARM.Collect$$libinit$$00000013) for __rt_lib_init_lc_ctype_1
    libinit.o(.ARM.Collect$$libinit$$00000000) refers (Special) to libinit2.o(.ARM.Collect$$libinit$$00000015) for __rt_lib_init_lc_monetary_1
    libinit.o(.ARM.Collect$$libinit$$00000000) refers (Special) to libinit2.o(.ARM.Collect$$libinit$$00000017) for __rt_lib_init_lc_numeric_1
    libinit.o(.ARM.Collect$$libinit$$00000000) refers (Special) to libinit2.o(.ARM.Collect$$libinit$$00000019) for __rt_lib_init_lc_time_1
    libinit.o(.ARM.Collect$$libinit$$00000000) refers (Special) to libinit2.o(.ARM.Collect$$libinit$$00000004) for __rt_lib_init_preinit_1
    libinit.o(.ARM.Collect$$libinit$$00000000) refers (Special) to libinit2.o(.ARM.Collect$$libinit$$0000000E) for __rt_lib_init_rand_1
    libinit.o(.ARM.Collect$$libinit$$00000000) refers (Special) to libinit2.o(.ARM.Collect$$libinit$$00000033) for __rt_lib_init_return
    libinit.o(.ARM.Collect$$libinit$$00000000) refers (Special) to libinit2.o(.ARM.Collect$$libinit$$0000001D) for __rt_lib_init_signal_1
    libinit.o(.ARM.Collect$$libinit$$00000000) refers (Special) to libinit2.o(.ARM.Collect$$libinit$$00000025) for __rt_lib_init_stdio_1
    libinit.o(.ARM.Collect$$libinit$$00000000) refers (Special) to libinit2.o(.ARM.Collect$$libinit$$0000000C) for __rt_lib_init_user_alloc_1
    libshutdown.o(.ARM.Collect$$libshutdown$$00000000) refers (Special) to libshutdown2.o(.ARM.Collect$$libshutdown$$00000002) for __rt_lib_shutdown_cpp_1
    libshutdown.o(.ARM.Collect$$libshutdown$$00000000) refers (Special) to libshutdown2.o(.ARM.Collect$$libshutdown$$00000007) for __rt_lib_shutdown_fp_trap_1
    libshutdown.o(.ARM.Collect$$libshutdown$$00000000) refers (Special) to libshutdown2.o(.ARM.Collect$$libshutdown$$0000000F) for __rt_lib_shutdown_heap_1
    libshutdown.o(.ARM.Collect$$libshutdown$$00000000) refers (Special) to libshutdown2.o(.ARM.Collect$$libshutdown$$00000010) for __rt_lib_shutdown_return
    libshutdown.o(.ARM.Collect$$libshutdown$$00000000) refers (Special) to libshutdown2.o(.ARM.Collect$$libshutdown$$0000000A) for __rt_lib_shutdown_signal_1
    libshutdown.o(.ARM.Collect$$libshutdown$$00000000) refers (Special) to libshutdown2.o(.ARM.Collect$$libshutdown$$00000004) for __rt_lib_shutdown_stdio_1
    libshutdown.o(.ARM.Collect$$libshutdown$$00000000) refers (Special) to libshutdown2.o(.ARM.Collect$$libshutdown$$0000000C) for __rt_lib_shutdown_user_alloc_1
    rt_raise.o(.text) refers to __raise.o(.text) for __raise
    rt_raise.o(.text) refers to sys_exit.o(.text) for _sys_exit
    defsig_exit.o(.text) refers to sys_exit.o(.text) for _sys_exit
    defsig_fpe_inner.o(.text) refers to defsig_general.o(.text) for __default_signal_display
    libinit2.o(.ARM.Collect$$libinit$$00000010) refers to libinit2.o(.ARM.Collect$$libinit$$0000000F) for .ARM.Collect$$libinit$$0000000F
    libinit2.o(.ARM.Collect$$libinit$$00000012) refers to libinit2.o(.ARM.Collect$$libinit$$0000000F) for .ARM.Collect$$libinit$$0000000F
    libinit2.o(.ARM.Collect$$libinit$$00000014) refers to libinit2.o(.ARM.Collect$$libinit$$0000000F) for .ARM.Collect$$libinit$$0000000F
    libinit2.o(.ARM.Collect$$libinit$$00000016) refers to libinit2.o(.ARM.Collect$$libinit$$0000000F) for .ARM.Collect$$libinit$$0000000F
    libinit2.o(.ARM.Collect$$libinit$$00000018) refers to libinit2.o(.ARM.Collect$$libinit$$0000000F) for .ARM.Collect$$libinit$$0000000F
    libinit2.o(.ARM.Collect$$libinit$$00000026) refers to argv_veneer.o(.emb_text) for __ARM_argv_veneer
    libinit2.o(.ARM.Collect$$libinit$$00000027) refers to argv_veneer.o(.emb_text) for __ARM_argv_veneer
    __raise.o(.text) refers to defsig.o(CL$$defsig) for __default_signal_handler
    defsig_general.o(.text) refers to sys_wrch.o(.text) for _ttywrch
    argv_veneer.o(.emb_text) refers to no_argv.o(.text) for __ARM_get_argv
    sys_wrch.o(.text) refers (Special) to use_no_semi.o(.text) for __I$use$semihosting
    sys_wrch.o(.text) refers (Special) to indicate_semi.o(.text) for __semihosting_library_function
    defsig.o(CL$$defsig) refers to defsig_fpe_inner.o(.text) for __rt_SIGFPE_inner
    defsig.o(CL$$defsig) refers to defsig_rtmem_inner.o(.text) for __rt_SIGRTMEM_inner
    _get_argv_nomalloc.o(.text) refers (Special) to hrguard.o(.text) for __heap_region$guard
    _get_argv_nomalloc.o(.text) refers to defsig_rtmem_outer.o(.text) for __rt_SIGRTMEM
    _get_argv_nomalloc.o(.text) refers to sys_command.o(.text) for _sys_command_string
    sys_command.o(.text) refers (Special) to use_no_semi.o(.text) for __I$use$semihosting
    sys_command.o(.text) refers (Special) to indicate_semi.o(.text) for __semihosting_library_function
    defsig_abrt_inner.o(.text) refers to defsig_general.o(.text) for __default_signal_display
    defsig_rtred_inner.o(.text) refers to defsig_general.o(.text) for __default_signal_display
    defsig_rtmem_inner.o(.text) refers to defsig_general.o(.text) for __default_signal_display
    defsig_rtmem_outer.o(.text) refers to defsig_rtmem_inner.o(.text) for __rt_SIGRTMEM_inner
    defsig_rtmem_outer.o(.text) refers to defsig_exit.o(.text) for __sig_exit
    defsig_rtmem_formal.o(.text) refers to rt_raise.o(.text) for __rt_raise
    defsig_stak_inner.o(.text) refers to defsig_general.o(.text) for __default_signal_display
    defsig_pvfn_inner.o(.text) refers to defsig_general.o(.text) for __default_signal_display
    defsig_cppl_inner.o(.text) refers to defsig_general.o(.text) for __default_signal_display
    defsig_segv_inner.o(.text) refers to defsig_general.o(.text) for __default_signal_display
    defsig_other.o(.text) refers to defsig_general.o(.text) for __default_signal_display


==============================================================================

Removing Unused input sections from the image.

    Removing main.o(.rev16_text), (4 bytes).
    Removing main.o(.revsh_text), (4 bytes).
    Removing main.o(.rrx_text), (6 bytes).
    Removing stm32f10x_it.o(.rev16_text), (4 bytes).
    Removing stm32f10x_it.o(.revsh_text), (4 bytes).
    Removing stm32f10x_it.o(.rrx_text), (6 bytes).
    Removing delay.o(.rev16_text), (4 bytes).
    Removing delay.o(.revsh_text), (4 bytes).
    Removing delay.o(.rrx_text), (6 bytes).
    Removing prtapp_sh95.o(.rev16_text), (4 bytes).
    Removing prtapp_sh95.o(.revsh_text), (4 bytes).
    Removing prtapp_sh95.o(.rrx_text), (6 bytes).
    Removing hw_config.o(.rev16_text), (4 bytes).
    Removing hw_config.o(.revsh_text), (4 bytes).
    Removing hw_config.o(.rrx_text), (6 bytes).
    Removing common.o(.rev16_text), (4 bytes).
    Removing common.o(.revsh_text), (4 bytes).
    Removing common.o(.rrx_text), (6 bytes).
    Removing common.o(i.FLASH_PagesMask), (24 bytes).
    Removing common.o(i.random), (28 bytes).
    Removing common.o(.data), (24 bytes).
    Removing drv_95hf.o(.rev16_text), (4 bytes).
    Removing drv_95hf.o(.revsh_text), (4 bytes).
    Removing drv_95hf.o(.rrx_text), (6 bytes).
    Removing drv_95hf.o(i.drv95HF_DisableInterrupt), (20 bytes).
    Removing drv_95hf.o(i.drv95HF_GetIRQOutState), (28 bytes).
    Removing drv_95hf.o(i.drv95HF_Idle), (136 bytes).
    Removing drv_95hf.o(i.drv95HF_PoolingReading), (52 bytes).
    Removing drv_95hf.o(i.drv95HF_SendCmd), (24 bytes).
    Removing drv_interrupt.o(.rev16_text), (4 bytes).
    Removing drv_interrupt.o(.revsh_text), (4 bytes).
    Removing drv_interrupt.o(.rrx_text), (6 bytes).
    Removing drv_interrupt.o(i.APPLI_TIMER_TIMEOUT_IRQ_HANDLER), (60 bytes).
    Removing drv_interrupt.o(i.SendSPINSSPulse), (52 bytes).
    Removing drv_interrupt.o(i.StartAppliTimeOut), (44 bytes).
    Removing drv_interrupt.o(i.StopAppliTimeOut), (16 bytes).
    Removing drv_interrupt.o(i.TIMER_TIMEOUT_IRQ_HANDLER), (60 bytes).
    Removing drv_interrupt.o(i.drvInt_AppliTimeoutTimerConfig), (84 bytes).
    Removing drv_interrupt.o(i.drvInt_Disable_95HF_IRQ), (52 bytes).
    Removing drv_interrupt.o(i.drvInt_TimeoutTimerConfig), (76 bytes).
    Removing drv_spi.o(.rev16_text), (4 bytes).
    Removing drv_spi.o(.revsh_text), (4 bytes).
    Removing drv_spi.o(.rrx_text), (6 bytes).
    Removing drv_spi.o(i.SPI_SendByte), (30 bytes).
    Removing drv_spi.o(i.SPI_SendWord), (30 bytes).
    Removing drv_uart.o(.rev16_text), (4 bytes).
    Removing drv_uart.o(.revsh_text), (4 bytes).
    Removing drv_uart.o(.rrx_text), (6 bytes).
    Removing lib_configmanager.o(.rev16_text), (4 bytes).
    Removing lib_configmanager.o(.revsh_text), (4 bytes).
    Removing lib_configmanager.o(.rrx_text), (6 bytes).
    Removing lib_configmanager.o(i.ConfigManager_Stop), (12 bytes).
    Removing lib_iso7816pcd.o(.rev16_text), (4 bytes).
    Removing lib_iso7816pcd.o(.revsh_text), (4 bytes).
    Removing lib_iso7816pcd.o(.rrx_text), (6 bytes).
    Removing lib_iso7816pcd.o(i.ISO7816_ReadBinary), (52 bytes).
    Removing lib_iso7816pcd.o(i.ISO7816_SelectFile), (88 bytes).
    Removing lib_iso7816pcd.o(i.ISO7816_SendReceiveAPDU), (356 bytes).
    Removing lib_iso7816pcd.o(i.ISO7816_UpdateBinary), (68 bytes).
    Removing lib_iso7816pcd.o(.bss), (1324 bytes).
    Removing lib_iso7816pcd.o(.data), (3 bytes).
    Removing lib_iso14443apcd.o(.rev16_text), (4 bytes).
    Removing lib_iso14443apcd.o(.revsh_text), (4 bytes).
    Removing lib_iso14443apcd.o(.rrx_text), (6 bytes).
    Removing lib_iso14443apcd.o(i.ISO14443A_HLTA), (28 bytes).
    Removing lib_iso14443apcd.o(i.ISO14443A_MultiAnticollision), (120 bytes).
    Removing lib_iso14443apcd.o(i.ISO14443A_MultiTagHunting), (224 bytes).
    Removing lib_iso14443apcd.o(i.ISO14443A_MultiTagPart2), (44 bytes).
    Removing lib_iso14443bpcd.o(.rev16_text), (4 bytes).
    Removing lib_iso14443bpcd.o(.revsh_text), (4 bytes).
    Removing lib_iso14443bpcd.o(.rrx_text), (6 bytes).
    Removing lib_iso14443bpcd.o(i.ISO14443B_IsCardIntheField), (44 bytes).
    Removing lib_iso15693pcd.o(.rev16_text), (4 bytes).
    Removing lib_iso15693pcd.o(.revsh_text), (4 bytes).
    Removing lib_iso15693pcd.o(.rrx_text), (6 bytes).
    Removing lib_iso15693pcd.o(i.ISO15693_CRC16), (64 bytes).
    Removing lib_iso15693pcd.o(i.ISO15693_ExtendedGetSystemInfo), (134 bytes).
    Removing lib_iso15693pcd.o(i.ISO15693_ExtendedReadMultipleBlock), (168 bytes).
    Removing lib_iso15693pcd.o(i.ISO15693_ExtendedReadSingleBlock), (124 bytes).
    Removing lib_iso15693pcd.o(i.ISO15693_ExtendedWriteSingleBlock), (186 bytes).
    Removing lib_iso15693pcd.o(i.ISO15693_GetAddressOrNbSlotsFlag), (16 bytes).
    Removing lib_iso15693pcd.o(i.ISO15693_GetOptionFlag), (16 bytes).
    Removing lib_iso15693pcd.o(i.ISO15693_GetProtocolExtensionFlag), (16 bytes).
    Removing lib_iso15693pcd.o(i.ISO15693_GetSystemInfo), (124 bytes).
    Removing lib_iso15693pcd.o(i.ISO15693_GetTagIdentification), (300 bytes).
    Removing lib_iso15693pcd.o(i.ISO15693_Inventory16Slots), (184 bytes).
    Removing lib_iso15693pcd.o(i.ISO15693_InventoryOneSlot), (50 bytes).
    Removing lib_iso15693pcd.o(i.ISO15693_IsATagInTheField), (38 bytes).
    Removing lib_iso15693pcd.o(i.ISO15693_IsAddressOrNbSlotsFlag), (18 bytes).
    Removing lib_iso15693pcd.o(i.ISO15693_IsCollisionDetected), (26 bytes).
    Removing lib_iso15693pcd.o(i.ISO15693_IsCorrectCRC16Residue), (42 bytes).
    Removing lib_iso15693pcd.o(i.ISO15693_ReadBytesTagData), (94 bytes).
    Removing lib_iso15693pcd.o(i.ISO15693_ReadMultipleBlock), (176 bytes).
    Removing lib_iso15693pcd.o(i.ISO15693_ReadMultipleTagData), (162 bytes).
    Removing lib_iso15693pcd.o(i.ISO15693_ReadSingleBlock), (146 bytes).
    Removing lib_iso15693pcd.o(i.ISO15693_ReadSingleTagData), (128 bytes).
    Removing lib_iso15693pcd.o(i.ISO15693_RunAntiCollision), (512 bytes).
    Removing lib_iso15693pcd.o(i.ISO15693_RunInventory16slots), (192 bytes).
    Removing lib_iso15693pcd.o(i.ISO15693_SendEOF), (30 bytes).
    Removing lib_iso15693pcd.o(i.ISO15693_SplitInventoryResponse), (92 bytes).
    Removing lib_iso15693pcd.o(i.ISO15693_StayQuiet), (106 bytes).
    Removing lib_iso15693pcd.o(i.ISO15693_TagSave), (304 bytes).
    Removing lib_iso15693pcd.o(i.ISO15693_WriteBytes_TagData), (150 bytes).
    Removing lib_iso15693pcd.o(i.ISO15693_WriteSingleBlock), (208 bytes).
    Removing lib_iso15693pcd.o(i.ISO15693_WriteTagData), (144 bytes).
    Removing lib_iso18092pcd.o(.rev16_text), (4 bytes).
    Removing lib_iso18092pcd.o(.revsh_text), (4 bytes).
    Removing lib_iso18092pcd.o(.rrx_text), (6 bytes).
    Removing lib_iso18092pcd.o(i.FELICA_Anticollision), (4 bytes).
    Removing lib_iso18092pcd.o(i.FELICA_CardTest), (36 bytes).
    Removing lib_pcd.o(.rev16_text), (4 bytes).
    Removing lib_pcd.o(.revsh_text), (4 bytes).
    Removing lib_pcd.o(.rrx_text), (6 bytes).
    Removing lib_pcd.o(i.PCD_FieldOn), (20 bytes).
    Removing lib_pcd.o(i.PCD_Idle), (48 bytes).
    Removing lib_pcd.o(i.PCD_SendEOF), (28 bytes).
    Removing lib_pcd.o(i.PCD_TagDetectCalibration), (276 bytes).
    Removing lib_pcd.o(i.PCD_WaitforTagDetection), (140 bytes).
    Removing drv_led.o(.rev16_text), (4 bytes).
    Removing drv_led.o(.revsh_text), (4 bytes).
    Removing drv_led.o(.rrx_text), (6 bytes).
    Removing drv_led.o(i.LED_AllOff), (36 bytes).
    Removing usart_stm32f10x.o(.rev16_text), (4 bytes).
    Removing usart_stm32f10x.o(.revsh_text), (4 bytes).
    Removing usart_stm32f10x.o(.rrx_text), (6 bytes).
    Removing rsart_mcu.o(.rev16_text), (4 bytes).
    Removing rsart_mcu.o(.revsh_text), (4 bytes).
    Removing rsart_mcu.o(.rrx_text), (6 bytes).
    Removing rtx_conf_cm.o(i.__user_perthread_libspace), (44 bytes).
    Removing rtx_conf_cm.o(i._mutex_initialize), (44 bytes).
    Removing can_stm32f10x.o(.rev16_text), (4 bytes).
    Removing can_stm32f10x.o(.revsh_text), (4 bytes).
    Removing can_stm32f10x.o(.rrx_text), (6 bytes).
    Removing can_stm32f10x.o(i.CAN1_Control), (18 bytes).
    Removing can_stm32f10x.o(i.CAN1_GetStatus), (12 bytes).
    Removing can_stm32f10x.o(i.CAN1_Initialize), (18 bytes).
    Removing can_stm32f10x.o(i.CAN1_MessageRead), (28 bytes).
    Removing can_stm32f10x.o(i.CAN1_MessageSend), (28 bytes).
    Removing can_stm32f10x.o(i.CAN1_ObjectConfigure), (18 bytes).
    Removing can_stm32f10x.o(i.CAN1_ObjectGetCapabilities), (16 bytes).
    Removing can_stm32f10x.o(i.CAN1_ObjectSetFilter), (28 bytes).
    Removing can_stm32f10x.o(i.CAN1_PowerControl), (14 bytes).
    Removing can_stm32f10x.o(i.CAN1_SetBitrate), (22 bytes).
    Removing can_stm32f10x.o(i.CAN1_SetMode), (14 bytes).
    Removing can_stm32f10x.o(i.CAN1_Uninitialize), (10 bytes).
    Removing can_stm32f10x.o(i.CAN_GetCapabilities), (12 bytes).
    Removing can_stm32f10x.o(i.CAN_GetClock), (8 bytes).
    Removing can_stm32f10x.o(i.CAN_GetVersion), (16 bytes).
    Removing can_stm32f10x.o(i.CANx_AddFilter), (1092 bytes).
    Removing can_stm32f10x.o(i.CANx_Control), (176 bytes).
    Removing can_stm32f10x.o(i.CANx_GetStatus), (240 bytes).
    Removing can_stm32f10x.o(i.CANx_Initialize), (120 bytes).
    Removing can_stm32f10x.o(i.CANx_MessageRead), (288 bytes).
    Removing can_stm32f10x.o(i.CANx_MessageSend), (324 bytes).
    Removing can_stm32f10x.o(i.CANx_ObjectConfigure), (148 bytes).
    Removing can_stm32f10x.o(i.CANx_ObjectGetCapabilities), (44 bytes).
    Removing can_stm32f10x.o(i.CANx_ObjectSetFilter), (180 bytes).
    Removing can_stm32f10x.o(i.CANx_PowerControl), (524 bytes).
    Removing can_stm32f10x.o(i.CANx_RemoveFilter), (916 bytes).
    Removing can_stm32f10x.o(i.CANx_SetBitrate), (312 bytes).
    Removing can_stm32f10x.o(i.CANx_SetMode), (348 bytes).
    Removing can_stm32f10x.o(i.CANx_Uninitialize), (68 bytes).
    Removing can_stm32f10x.o(i.NVIC_ClearPendingIRQ), (24 bytes).
    Removing can_stm32f10x.o(i.NVIC_DisableIRQ), (24 bytes).
    Removing can_stm32f10x.o(i.NVIC_EnableIRQ), (22 bytes).
    Removing can_stm32f10x.o(.constdata), (84 bytes).
    Removing misc.o(.rev16_text), (4 bytes).
    Removing misc.o(.revsh_text), (4 bytes).
    Removing misc.o(.rrx_text), (6 bytes).
    Removing misc.o(i.NVIC_SetVectorTable), (20 bytes).
    Removing misc.o(i.NVIC_SystemLPConfig), (32 bytes).
    Removing misc.o(i.SysTick_CLKSourceConfig), (40 bytes).
    Removing stm32f10x_can.o(.rev16_text), (4 bytes).
    Removing stm32f10x_can.o(.revsh_text), (4 bytes).
    Removing stm32f10x_can.o(.rrx_text), (6 bytes).
    Removing stm32f10x_can.o(i.CAN_CancelTransmit), (48 bytes).
    Removing stm32f10x_can.o(i.CAN_ClearFlag), (56 bytes).
    Removing stm32f10x_can.o(i.CAN_ClearITPendingBit), (168 bytes).
    Removing stm32f10x_can.o(i.CAN_DBGFreeze), (22 bytes).
    Removing stm32f10x_can.o(i.CAN_DeInit), (56 bytes).
    Removing stm32f10x_can.o(i.CAN_FIFORelease), (22 bytes).
    Removing stm32f10x_can.o(i.CAN_FilterInit), (264 bytes).
    Removing stm32f10x_can.o(i.CAN_GetFlagStatus), (120 bytes).
    Removing stm32f10x_can.o(i.CAN_GetITStatus), (288 bytes).
    Removing stm32f10x_can.o(i.CAN_GetLSBTransmitErrorCounter), (12 bytes).
    Removing stm32f10x_can.o(i.CAN_GetLastErrorCode), (12 bytes).
    Removing stm32f10x_can.o(i.CAN_GetReceiveErrorCounter), (10 bytes).
    Removing stm32f10x_can.o(i.CAN_ITConfig), (18 bytes).
    Removing stm32f10x_can.o(i.CAN_Init), (276 bytes).
    Removing stm32f10x_can.o(i.CAN_MessagePending), (30 bytes).
    Removing stm32f10x_can.o(i.CAN_OperatingModeRequest), (162 bytes).
    Removing stm32f10x_can.o(i.CAN_Receive), (240 bytes).
    Removing stm32f10x_can.o(i.CAN_SlaveStartBank), (52 bytes).
    Removing stm32f10x_can.o(i.CAN_Sleep), (30 bytes).
    Removing stm32f10x_can.o(i.CAN_StructInit), (32 bytes).
    Removing stm32f10x_can.o(i.CAN_TTComModeCmd), (118 bytes).
    Removing stm32f10x_can.o(i.CAN_Transmit), (294 bytes).
    Removing stm32f10x_can.o(i.CAN_TransmitStatus), (160 bytes).
    Removing stm32f10x_can.o(i.CAN_WakeUp), (48 bytes).
    Removing stm32f10x_can.o(i.CheckITStatus), (18 bytes).
    Removing stm32f10x_dma.o(.rev16_text), (4 bytes).
    Removing stm32f10x_dma.o(.revsh_text), (4 bytes).
    Removing stm32f10x_dma.o(.rrx_text), (6 bytes).
    Removing stm32f10x_dma.o(i.DMA_ClearFlag), (28 bytes).
    Removing stm32f10x_dma.o(i.DMA_ClearITPendingBit), (28 bytes).
    Removing stm32f10x_dma.o(i.DMA_Cmd), (24 bytes).
    Removing stm32f10x_dma.o(i.DMA_DeInit), (332 bytes).
    Removing stm32f10x_dma.o(i.DMA_GetCurrDataCounter), (8 bytes).
    Removing stm32f10x_dma.o(i.DMA_GetFlagStatus), (44 bytes).
    Removing stm32f10x_dma.o(i.DMA_GetITStatus), (44 bytes).
    Removing stm32f10x_dma.o(i.DMA_ITConfig), (18 bytes).
    Removing stm32f10x_dma.o(i.DMA_Init), (60 bytes).
    Removing stm32f10x_dma.o(i.DMA_SetCurrDataCounter), (4 bytes).
    Removing stm32f10x_dma.o(i.DMA_StructInit), (26 bytes).
    Removing stm32f10x_exti.o(.rev16_text), (4 bytes).
    Removing stm32f10x_exti.o(.revsh_text), (4 bytes).
    Removing stm32f10x_exti.o(.rrx_text), (6 bytes).
    Removing stm32f10x_exti.o(i.EXTI_ClearFlag), (12 bytes).
    Removing stm32f10x_exti.o(i.EXTI_DeInit), (36 bytes).
    Removing stm32f10x_exti.o(i.EXTI_GenerateSWInterrupt), (16 bytes).
    Removing stm32f10x_exti.o(i.EXTI_GetFlagStatus), (24 bytes).
    Removing stm32f10x_exti.o(i.EXTI_StructInit), (16 bytes).
    Removing stm32f10x_flash.o(.rev16_text), (4 bytes).
    Removing stm32f10x_flash.o(.revsh_text), (4 bytes).
    Removing stm32f10x_flash.o(.rrx_text), (6 bytes).
    Removing stm32f10x_flash.o(i.FLASH_ClearFlag), (12 bytes).
    Removing stm32f10x_flash.o(i.FLASH_EnableWriteProtection), (196 bytes).
    Removing stm32f10x_flash.o(i.FLASH_EraseAllBank1Pages), (72 bytes).
    Removing stm32f10x_flash.o(i.FLASH_EraseAllPages), (72 bytes).
    Removing stm32f10x_flash.o(i.FLASH_EraseOptionBytes), (168 bytes).
    Removing stm32f10x_flash.o(i.FLASH_ErasePage), (76 bytes).
    Removing stm32f10x_flash.o(i.FLASH_GetBank1Status), (52 bytes).
    Removing stm32f10x_flash.o(i.FLASH_GetFlagStatus), (48 bytes).
    Removing stm32f10x_flash.o(i.FLASH_GetPrefetchBufferStatus), (24 bytes).
    Removing stm32f10x_flash.o(i.FLASH_GetReadOutProtectionStatus), (24 bytes).
    Removing stm32f10x_flash.o(i.FLASH_GetStatus), (52 bytes).
    Removing stm32f10x_flash.o(i.FLASH_GetUserOptionByte), (12 bytes).
    Removing stm32f10x_flash.o(i.FLASH_GetWriteProtectionOptionByte), (12 bytes).
    Removing stm32f10x_flash.o(i.FLASH_HalfCycleAccessCmd), (28 bytes).
    Removing stm32f10x_flash.o(i.FLASH_ITConfig), (32 bytes).
    Removing stm32f10x_flash.o(i.FLASH_Lock), (20 bytes).
    Removing stm32f10x_flash.o(i.FLASH_LockBank1), (20 bytes).
    Removing stm32f10x_flash.o(i.FLASH_PrefetchBufferCmd), (28 bytes).
    Removing stm32f10x_flash.o(i.FLASH_ProgramHalfWord), (64 bytes).
    Removing stm32f10x_flash.o(i.FLASH_ProgramOptionByteData), (84 bytes).
    Removing stm32f10x_flash.o(i.FLASH_ProgramWord), (108 bytes).
    Removing stm32f10x_flash.o(i.FLASH_ReadOutProtection), (172 bytes).
    Removing stm32f10x_flash.o(i.FLASH_SetLatency), (24 bytes).
    Removing stm32f10x_flash.o(i.FLASH_Unlock), (24 bytes).
    Removing stm32f10x_flash.o(i.FLASH_UnlockBank1), (24 bytes).
    Removing stm32f10x_flash.o(i.FLASH_UserOptionByteConfig), (104 bytes).
    Removing stm32f10x_flash.o(i.FLASH_WaitForLastBank1Operation), (38 bytes).
    Removing stm32f10x_flash.o(i.FLASH_WaitForLastOperation), (38 bytes).
    Removing stm32f10x_gpio.o(.rev16_text), (4 bytes).
    Removing stm32f10x_gpio.o(.revsh_text), (4 bytes).
    Removing stm32f10x_gpio.o(.rrx_text), (6 bytes).
    Removing stm32f10x_gpio.o(i.GPIO_AFIODeInit), (20 bytes).
    Removing stm32f10x_gpio.o(i.GPIO_DeInit), (200 bytes).
    Removing stm32f10x_gpio.o(i.GPIO_ETH_MediaInterfaceConfig), (12 bytes).
    Removing stm32f10x_gpio.o(i.GPIO_EXTILineConfig), (64 bytes).
    Removing stm32f10x_gpio.o(i.GPIO_EventOutputCmd), (12 bytes).
    Removing stm32f10x_gpio.o(i.GPIO_EventOutputConfig), (32 bytes).
    Removing stm32f10x_gpio.o(i.GPIO_PinLockConfig), (18 bytes).
    Removing stm32f10x_gpio.o(i.GPIO_PinRemapConfig), (144 bytes).
    Removing stm32f10x_gpio.o(i.GPIO_ReadInputData), (8 bytes).
    Removing stm32f10x_gpio.o(i.GPIO_ReadOutputData), (8 bytes).
    Removing stm32f10x_gpio.o(i.GPIO_ReadOutputDataBit), (18 bytes).
    Removing stm32f10x_gpio.o(i.GPIO_StructInit), (16 bytes).
    Removing stm32f10x_gpio.o(i.GPIO_Write), (4 bytes).
    Removing stm32f10x_gpio.o(i.GPIO_WriteBit), (10 bytes).
    Removing stm32f10x_rcc.o(.rev16_text), (4 bytes).
    Removing stm32f10x_rcc.o(.revsh_text), (4 bytes).
    Removing stm32f10x_rcc.o(.rrx_text), (6 bytes).
    Removing stm32f10x_rcc.o(i.RCC_ADCCLKConfig), (24 bytes).
    Removing stm32f10x_rcc.o(i.RCC_AHBPeriphClockCmd), (32 bytes).
    Removing stm32f10x_rcc.o(i.RCC_AdjustHSICalibrationValue), (24 bytes).
    Removing stm32f10x_rcc.o(i.RCC_BackupResetCmd), (12 bytes).
    Removing stm32f10x_rcc.o(i.RCC_ClearFlag), (20 bytes).
    Removing stm32f10x_rcc.o(i.RCC_ClearITPendingBit), (12 bytes).
    Removing stm32f10x_rcc.o(i.RCC_ClockSecuritySystemCmd), (12 bytes).
    Removing stm32f10x_rcc.o(i.RCC_DeInit), (76 bytes).
    Removing stm32f10x_rcc.o(i.RCC_GetClocksFreq), (212 bytes).
    Removing stm32f10x_rcc.o(i.RCC_GetFlagStatus), (60 bytes).
    Removing stm32f10x_rcc.o(i.RCC_GetITStatus), (24 bytes).
    Removing stm32f10x_rcc.o(i.RCC_GetSYSCLKSource), (16 bytes).
    Removing stm32f10x_rcc.o(i.RCC_HCLKConfig), (24 bytes).
    Removing stm32f10x_rcc.o(i.RCC_HSEConfig), (76 bytes).
    Removing stm32f10x_rcc.o(i.RCC_HSICmd), (12 bytes).
    Removing stm32f10x_rcc.o(i.RCC_ITConfig), (32 bytes).
    Removing stm32f10x_rcc.o(i.RCC_LSEConfig), (52 bytes).
    Removing stm32f10x_rcc.o(i.RCC_LSICmd), (12 bytes).
    Removing stm32f10x_rcc.o(i.RCC_MCOConfig), (12 bytes).
    Removing stm32f10x_rcc.o(i.RCC_PCLK1Config), (24 bytes).
    Removing stm32f10x_rcc.o(i.RCC_PCLK2Config), (24 bytes).
    Removing stm32f10x_rcc.o(i.RCC_PLLCmd), (12 bytes).
    Removing stm32f10x_rcc.o(i.RCC_PLLConfig), (28 bytes).
    Removing stm32f10x_rcc.o(i.RCC_RTCCLKCmd), (12 bytes).
    Removing stm32f10x_rcc.o(i.RCC_RTCCLKConfig), (16 bytes).
    Removing stm32f10x_rcc.o(i.RCC_SYSCLKConfig), (24 bytes).
    Removing stm32f10x_rcc.o(i.RCC_USBCLKConfig), (12 bytes).
    Removing stm32f10x_rcc.o(i.RCC_WaitForHSEStartUp), (56 bytes).
    Removing stm32f10x_rcc.o(.data), (20 bytes).
    Removing stm32f10x_spi.o(.rev16_text), (4 bytes).
    Removing stm32f10x_spi.o(.revsh_text), (4 bytes).
    Removing stm32f10x_spi.o(.rrx_text), (6 bytes).
    Removing stm32f10x_spi.o(i.I2S_Cmd), (24 bytes).
    Removing stm32f10x_spi.o(i.I2S_Init), (232 bytes).
    Removing stm32f10x_spi.o(i.I2S_StructInit), (20 bytes).
    Removing stm32f10x_spi.o(i.SPI_BiDirectionalLineConfig), (28 bytes).
    Removing stm32f10x_spi.o(i.SPI_CalculateCRC), (24 bytes).
    Removing stm32f10x_spi.o(i.SPI_DataSizeConfig), (18 bytes).
    Removing stm32f10x_spi.o(i.SPI_GetCRC), (16 bytes).
    Removing stm32f10x_spi.o(i.SPI_GetCRCPolynomial), (6 bytes).
    Removing stm32f10x_spi.o(i.SPI_I2S_ClearFlag), (6 bytes).
    Removing stm32f10x_spi.o(i.SPI_I2S_ClearITPendingBit), (20 bytes).
    Removing stm32f10x_spi.o(i.SPI_I2S_DMACmd), (18 bytes).
    Removing stm32f10x_spi.o(i.SPI_I2S_GetITStatus), (52 bytes).
    Removing stm32f10x_spi.o(i.SPI_I2S_ITConfig), (32 bytes).
    Removing stm32f10x_spi.o(i.SPI_NSSInternalSoftwareConfig), (30 bytes).
    Removing stm32f10x_spi.o(i.SPI_SSOutputCmd), (24 bytes).
    Removing stm32f10x_spi.o(i.SPI_TransmitCRC), (10 bytes).
    Removing stm32f10x_tim.o(.rev16_text), (4 bytes).
    Removing stm32f10x_tim.o(.revsh_text), (4 bytes).
    Removing stm32f10x_tim.o(.rrx_text), (6 bytes).
    Removing stm32f10x_tim.o(i.TI1_Config), (128 bytes).
    Removing stm32f10x_tim.o(i.TI2_Config), (152 bytes).
    Removing stm32f10x_tim.o(i.TI3_Config), (144 bytes).
    Removing stm32f10x_tim.o(i.TI4_Config), (152 bytes).
    Removing stm32f10x_tim.o(i.TIM_ARRPreloadConfig), (24 bytes).
    Removing stm32f10x_tim.o(i.TIM_BDTRConfig), (32 bytes).
    Removing stm32f10x_tim.o(i.TIM_BDTRStructInit), (18 bytes).
    Removing stm32f10x_tim.o(i.TIM_CCPreloadControl), (24 bytes).
    Removing stm32f10x_tim.o(i.TIM_CCxCmd), (30 bytes).
    Removing stm32f10x_tim.o(i.TIM_CCxNCmd), (30 bytes).
    Removing stm32f10x_tim.o(i.TIM_ClearFlag), (6 bytes).
    Removing stm32f10x_tim.o(i.TIM_ClearITPendingBit), (6 bytes).
    Removing stm32f10x_tim.o(i.TIM_ClearOC1Ref), (18 bytes).
    Removing stm32f10x_tim.o(i.TIM_ClearOC2Ref), (24 bytes).
    Removing stm32f10x_tim.o(i.TIM_ClearOC3Ref), (18 bytes).
    Removing stm32f10x_tim.o(i.TIM_ClearOC4Ref), (24 bytes).
    Removing stm32f10x_tim.o(i.TIM_CounterModeConfig), (18 bytes).
    Removing stm32f10x_tim.o(i.TIM_CtrlPWMOutputs), (30 bytes).
    Removing stm32f10x_tim.o(i.TIM_DMACmd), (18 bytes).
    Removing stm32f10x_tim.o(i.TIM_DMAConfig), (10 bytes).
    Removing stm32f10x_tim.o(i.TIM_DeInit), (488 bytes).
    Removing stm32f10x_tim.o(i.TIM_ETRClockMode1Config), (54 bytes).
    Removing stm32f10x_tim.o(i.TIM_ETRClockMode2Config), (32 bytes).
    Removing stm32f10x_tim.o(i.TIM_ETRConfig), (28 bytes).
    Removing stm32f10x_tim.o(i.TIM_EncoderInterfaceConfig), (66 bytes).
    Removing stm32f10x_tim.o(i.TIM_ForcedOC1Config), (18 bytes).
    Removing stm32f10x_tim.o(i.TIM_ForcedOC2Config), (26 bytes).
    Removing stm32f10x_tim.o(i.TIM_ForcedOC3Config), (18 bytes).
    Removing stm32f10x_tim.o(i.TIM_ForcedOC4Config), (26 bytes).
    Removing stm32f10x_tim.o(i.TIM_GenerateEvent), (4 bytes).
    Removing stm32f10x_tim.o(i.TIM_GetCapture1), (6 bytes).
    Removing stm32f10x_tim.o(i.TIM_GetCapture2), (6 bytes).
    Removing stm32f10x_tim.o(i.TIM_GetCapture3), (6 bytes).
    Removing stm32f10x_tim.o(i.TIM_GetCapture4), (8 bytes).
    Removing stm32f10x_tim.o(i.TIM_GetCounter), (6 bytes).
    Removing stm32f10x_tim.o(i.TIM_GetFlagStatus), (18 bytes).
    Removing stm32f10x_tim.o(i.TIM_GetITStatus), (34 bytes).
    Removing stm32f10x_tim.o(i.TIM_GetPrescaler), (6 bytes).
    Removing stm32f10x_tim.o(i.TIM_ICInit), (172 bytes).
    Removing stm32f10x_tim.o(i.TIM_ICStructInit), (18 bytes).
    Removing stm32f10x_tim.o(i.TIM_ITConfig), (18 bytes).
    Removing stm32f10x_tim.o(i.TIM_ITRxExternalClockConfig), (24 bytes).
    Removing stm32f10x_tim.o(i.TIM_InternalClockConfig), (12 bytes).
    Removing stm32f10x_tim.o(i.TIM_OC1FastConfig), (18 bytes).
    Removing stm32f10x_tim.o(i.TIM_OC1Init), (152 bytes).
    Removing stm32f10x_tim.o(i.TIM_OC1NPolarityConfig), (18 bytes).
    Removing stm32f10x_tim.o(i.TIM_OC1PolarityConfig), (18 bytes).
    Removing stm32f10x_tim.o(i.TIM_OC1PreloadConfig), (18 bytes).
    Removing stm32f10x_tim.o(i.TIM_OC2FastConfig), (26 bytes).
    Removing stm32f10x_tim.o(i.TIM_OC2Init), (164 bytes).
    Removing stm32f10x_tim.o(i.TIM_OC2NPolarityConfig), (26 bytes).
    Removing stm32f10x_tim.o(i.TIM_OC2PolarityConfig), (26 bytes).
    Removing stm32f10x_tim.o(i.TIM_OC2PreloadConfig), (26 bytes).
    Removing stm32f10x_tim.o(i.TIM_OC3FastConfig), (18 bytes).
    Removing stm32f10x_tim.o(i.TIM_OC3Init), (160 bytes).
    Removing stm32f10x_tim.o(i.TIM_OC3NPolarityConfig), (26 bytes).
    Removing stm32f10x_tim.o(i.TIM_OC3PolarityConfig), (26 bytes).
    Removing stm32f10x_tim.o(i.TIM_OC3PreloadConfig), (18 bytes).
    Removing stm32f10x_tim.o(i.TIM_OC4FastConfig), (26 bytes).
    Removing stm32f10x_tim.o(i.TIM_OC4Init), (124 bytes).
    Removing stm32f10x_tim.o(i.TIM_OC4PolarityConfig), (26 bytes).
    Removing stm32f10x_tim.o(i.TIM_OC4PreloadConfig), (26 bytes).
    Removing stm32f10x_tim.o(i.TIM_OCStructInit), (20 bytes).
    Removing stm32f10x_tim.o(i.TIM_PWMIConfig), (124 bytes).
    Removing stm32f10x_tim.o(i.TIM_PrescalerConfig), (6 bytes).
    Removing stm32f10x_tim.o(i.TIM_SelectCCDMA), (24 bytes).
    Removing stm32f10x_tim.o(i.TIM_SelectCOM), (24 bytes).
    Removing stm32f10x_tim.o(i.TIM_SelectHallSensor), (24 bytes).
    Removing stm32f10x_tim.o(i.TIM_SelectInputTrigger), (18 bytes).
    Removing stm32f10x_tim.o(i.TIM_SelectMasterSlaveMode), (18 bytes).
    Removing stm32f10x_tim.o(i.TIM_SelectOCxM), (82 bytes).
    Removing stm32f10x_tim.o(i.TIM_SelectOnePulseMode), (18 bytes).
    Removing stm32f10x_tim.o(i.TIM_SelectOutputTrigger), (18 bytes).
    Removing stm32f10x_tim.o(i.TIM_SelectSlaveMode), (18 bytes).
    Removing stm32f10x_tim.o(i.TIM_SetAutoreload), (4 bytes).
    Removing stm32f10x_tim.o(i.TIM_SetClockDivision), (18 bytes).
    Removing stm32f10x_tim.o(i.TIM_SetCompare1), (4 bytes).
    Removing stm32f10x_tim.o(i.TIM_SetCompare2), (4 bytes).
    Removing stm32f10x_tim.o(i.TIM_SetCompare3), (4 bytes).
    Removing stm32f10x_tim.o(i.TIM_SetCompare4), (6 bytes).
    Removing stm32f10x_tim.o(i.TIM_SetIC1Prescaler), (18 bytes).
    Removing stm32f10x_tim.o(i.TIM_SetIC2Prescaler), (26 bytes).
    Removing stm32f10x_tim.o(i.TIM_SetIC3Prescaler), (18 bytes).
    Removing stm32f10x_tim.o(i.TIM_SetIC4Prescaler), (26 bytes).
    Removing stm32f10x_tim.o(i.TIM_TIxExternalClockConfig), (62 bytes).
    Removing stm32f10x_tim.o(i.TIM_TimeBaseInit), (164 bytes).
    Removing stm32f10x_tim.o(i.TIM_TimeBaseStructInit), (18 bytes).
    Removing stm32f10x_tim.o(i.TIM_UpdateDisableConfig), (24 bytes).
    Removing stm32f10x_tim.o(i.TIM_UpdateRequestConfig), (24 bytes).
    Removing stm32f10x_usart.o(.rev16_text), (4 bytes).
    Removing stm32f10x_usart.o(.revsh_text), (4 bytes).
    Removing stm32f10x_usart.o(.rrx_text), (6 bytes).
    Removing stm32f10x_usart.o(i.USART_ClearFlag), (18 bytes).
    Removing stm32f10x_usart.o(i.USART_ClearITPendingBit), (30 bytes).
    Removing stm32f10x_usart.o(i.USART_ClockInit), (34 bytes).
    Removing stm32f10x_usart.o(i.USART_ClockStructInit), (12 bytes).
    Removing stm32f10x_usart.o(i.USART_Cmd), (24 bytes).
    Removing stm32f10x_usart.o(i.USART_DMACmd), (18 bytes).
    Removing stm32f10x_usart.o(i.USART_DeInit), (156 bytes).
    Removing stm32f10x_usart.o(i.USART_GetFlagStatus), (26 bytes).
    Removing stm32f10x_usart.o(i.USART_GetITStatus), (84 bytes).
    Removing stm32f10x_usart.o(i.USART_HalfDuplexCmd), (24 bytes).
    Removing stm32f10x_usart.o(i.USART_ITConfig), (74 bytes).
    Removing stm32f10x_usart.o(i.USART_Init), (216 bytes).
    Removing stm32f10x_usart.o(i.USART_IrDACmd), (24 bytes).
    Removing stm32f10x_usart.o(i.USART_IrDAConfig), (18 bytes).
    Removing stm32f10x_usart.o(i.USART_LINBreakDetectLengthConfig), (18 bytes).
    Removing stm32f10x_usart.o(i.USART_LINCmd), (24 bytes).
    Removing stm32f10x_usart.o(i.USART_OneBitMethodCmd), (24 bytes).
    Removing stm32f10x_usart.o(i.USART_OverSampling8Cmd), (22 bytes).
    Removing stm32f10x_usart.o(i.USART_ReceiveData), (10 bytes).
    Removing stm32f10x_usart.o(i.USART_ReceiverWakeUpCmd), (24 bytes).
    Removing stm32f10x_usart.o(i.USART_SendBreak), (10 bytes).
    Removing stm32f10x_usart.o(i.USART_SendData), (8 bytes).
    Removing stm32f10x_usart.o(i.USART_SetAddress), (18 bytes).
    Removing stm32f10x_usart.o(i.USART_SetGuardTime), (16 bytes).
    Removing stm32f10x_usart.o(i.USART_SetPrescaler), (16 bytes).
    Removing stm32f10x_usart.o(i.USART_SmartCardCmd), (24 bytes).
    Removing stm32f10x_usart.o(i.USART_SmartCardNACKCmd), (24 bytes).
    Removing stm32f10x_usart.o(i.USART_StructInit), (24 bytes).
    Removing stm32f10x_usart.o(i.USART_WakeUpConfig), (18 bytes).
    Removing dma_stm32f10x.o(.rev16_text), (4 bytes).
    Removing dma_stm32f10x.o(.revsh_text), (4 bytes).
    Removing dma_stm32f10x.o(.rrx_text), (6 bytes).
    Removing dma_stm32f10x.o(i.DMA_ChannelInitialize), (256 bytes).
    Removing dma_stm32f10x.o(i.DMA_ChannelUninitialize), (188 bytes).
    Removing dma_stm32f10x.o(i.NVIC_ClearPendingIRQ), (24 bytes).
    Removing dma_stm32f10x.o(i.NVIC_DisableIRQ), (24 bytes).
    Removing dma_stm32f10x.o(i.NVIC_EnableIRQ), (22 bytes).
    Removing dma_stm32f10x.o(.data), (1 bytes).
    Removing gpio_stm32f10x.o(.rev16_text), (4 bytes).
    Removing gpio_stm32f10x.o(.revsh_text), (4 bytes).
    Removing gpio_stm32f10x.o(.rrx_text), (6 bytes).
    Removing system_stm32f10x.o(.rev16_text), (4 bytes).
    Removing system_stm32f10x.o(.revsh_text), (4 bytes).
    Removing system_stm32f10x.o(.rrx_text), (6 bytes).
    Removing system_stm32f10x.o(i.SystemCoreClockUpdate), (164 bytes).
    Removing rt_cmsis.o(.rev16_text), (4 bytes).
    Removing rt_cmsis.o(.revsh_text), (4 bytes).
    Removing rt_cmsis.o(.rrx_text), (6 bytes).
    Removing rt_cmsis.o(i.isrSemaphoreRelease), (40 bytes).
    Removing rt_cmsis.o(i.isrSignalSet), (36 bytes).
    Removing rt_cmsis.o(i.osKernelRunning), (36 bytes).
    Removing rt_cmsis.o(i.osKernelSysTick), (24 bytes).
    Removing rt_cmsis.o(i.osMailAlloc), (28 bytes).
    Removing rt_cmsis.o(i.osMailCAlloc), (48 bytes).
    Removing rt_cmsis.o(i.osMailCreate), (48 bytes).
    Removing rt_cmsis.o(i.osMailFree), (28 bytes).
    Removing rt_cmsis.o(i.osMailGet), (22 bytes).
    Removing rt_cmsis.o(i.osMailPut), (20 bytes).
    Removing rt_cmsis.o(i.osMessagePut), (24 bytes).
    Removing rt_cmsis.o(i.osMutexCreate), (48 bytes).
    Removing rt_cmsis.o(i.osMutexDelete), (24 bytes).
    Removing rt_cmsis.o(i.osMutexRelease), (24 bytes).
    Removing rt_cmsis.o(i.osMutexWait), (24 bytes).
    Removing rt_cmsis.o(i.osPoolAlloc), (32 bytes).
    Removing rt_cmsis.o(i.osPoolCAlloc), (52 bytes).
    Removing rt_cmsis.o(i.osPoolFree), (32 bytes).
    Removing rt_cmsis.o(i.osSemaphoreCreate), (48 bytes).
    Removing rt_cmsis.o(i.osSemaphoreDelete), (24 bytes).
    Removing rt_cmsis.o(i.osSemaphoreRelease), (24 bytes).
    Removing rt_cmsis.o(i.osSemaphoreWait), (24 bytes).
    Removing rt_cmsis.o(i.osSignalClear), (24 bytes).
    Removing rt_cmsis.o(i.osSignalSet), (24 bytes).
    Removing rt_cmsis.o(i.osSignalWait), (24 bytes).
    Removing rt_cmsis.o(i.osThreadGetId), (24 bytes).
    Removing rt_cmsis.o(i.osThreadGetPriority), (24 bytes).
    Removing rt_cmsis.o(i.osThreadSetPriority), (24 bytes).
    Removing rt_cmsis.o(i.osThreadTerminate), (24 bytes).
    Removing rt_cmsis.o(i.osThreadYield), (24 bytes).
    Removing rt_cmsis.o(i.osTimerCreate), (52 bytes).
    Removing rt_cmsis.o(i.osTimerDelete), (24 bytes).
    Removing rt_cmsis.o(i.osTimerStart), (24 bytes).
    Removing rt_cmsis.o(i.osTimerStop), (24 bytes).
    Removing rt_cmsis.o(i.osWait), (4 bytes).
    Removing rt_cmsis.o(i.os_resume), (12 bytes).
    Removing rt_cmsis.o(i.os_suspend), (12 bytes).
    Removing rt_cmsis.o(i.rt_clr_box), (24 bytes).
    Removing rt_cmsis.o(i.rt_timer_remove), (60 bytes).
    Removing rt_cmsis.o(i.svcKernelRunning), (12 bytes).
    Removing rt_cmsis.o(i.svcKernelSysTick), (56 bytes).
    Removing rt_cmsis.o(i.svcMailCreate), (66 bytes).
    Removing rt_cmsis.o(i.svcMessagePut), (54 bytes).
    Removing rt_cmsis.o(i.svcMutexCreate), (28 bytes).
    Removing rt_cmsis.o(i.svcMutexDelete), (26 bytes).
    Removing rt_cmsis.o(i.svcMutexRelease), (34 bytes).
    Removing rt_cmsis.o(i.svcMutexWait), (54 bytes).
    Removing rt_cmsis.o(i.svcSemaphoreCreate), (36 bytes).
    Removing rt_cmsis.o(i.svcSemaphoreDelete), (26 bytes).
    Removing rt_cmsis.o(i.svcSemaphoreRelease), (40 bytes).
    Removing rt_cmsis.o(i.svcSemaphoreWait), (50 bytes).
    Removing rt_cmsis.o(i.svcSignalClear), (36 bytes).
    Removing rt_cmsis.o(i.svcSignalSet), (36 bytes).
    Removing rt_cmsis.o(i.svcSignalWait), (84 bytes).
    Removing rt_cmsis.o(i.svcThreadGetPriority), (18 bytes).
    Removing rt_cmsis.o(i.svcThreadSetPriority), (46 bytes).
    Removing rt_cmsis.o(i.svcThreadYield), (10 bytes).
    Removing rt_cmsis.o(i.svcTimerCreate), (56 bytes).
    Removing rt_cmsis.o(i.svcTimerDelete), (40 bytes).
    Removing rt_cmsis.o(i.svcTimerStart), (100 bytes).
    Removing rt_cmsis.o(i.svcTimerStop), (36 bytes).
    Removing rt_cmsis.o(i.sysMailAlloc), (88 bytes).
    Removing rt_cmsis.o(i.sysMailFree), (96 bytes).
    Removing rt_cmsis.o(i.sysPoolAlloc), (10 bytes).
    Removing rt_cmsis.o(i.sysPoolFree), (20 bytes).
    Removing rt_cmsis.o(i.sysUserTimerUpdate), (48 bytes).
    Removing rt_cmsis.o(i.sysUserTimerWakeupTime), (20 bytes).
    Removing rt_task.o(i.rt_tsk_pass), (48 bytes).
    Removing rt_mutex.o(i.rt_mut_delete), (176 bytes).
    Removing rt_mutex.o(i.rt_mut_init), (16 bytes).
    Removing rt_system.o(.emb_text), (0 bytes).
    Removing rt_system.o(i.os_tick_ovf), (16 bytes).
    Removing rt_system.o(i.os_tick_val), (20 bytes).
    Removing rt_system.o(i.rt_resume), (136 bytes).
    Removing rt_system.o(i.rt_suspend), (36 bytes).
    Removing rt_system.o(i.rt_tsk_lock), (80 bytes).
    Removing rt_system.o(i.rt_tsk_unlock), (80 bytes).
    Removing rt_event.o(i.isr_evt_set), (40 bytes).
    Removing rt_event.o(i.rt_evt_clr), (28 bytes).
    Removing rt_event.o(i.rt_evt_get), (12 bytes).
    Removing rt_event.o(i.rt_evt_set), (92 bytes).
    Removing rt_event.o(i.rt_evt_wait), (60 bytes).
    Removing rt_list.o(i.rt_get_same_rdy_prio), (36 bytes).
    Removing rt_mailbox.o(i.rt_mbx_send), (152 bytes).
    Removing rt_semaphore.o(i.isr_sem_send), (16 bytes).
    Removing rt_semaphore.o(i.rt_sem_delete), (92 bytes).
    Removing rt_semaphore.o(i.rt_sem_init), (12 bytes).
    Removing rt_semaphore.o(i.rt_sem_send), (42 bytes).
    Removing rt_semaphore.o(i.rt_sem_wait), (64 bytes).
    Removing rt_time.o(i.rt_itv_set), (24 bytes).
    Removing rt_time.o(i.rt_itv_wait), (40 bytes).
    Removing rt_time.o(i.rt_time_get), (12 bytes).
    Removing rt_membox.o(i._calloc_box), (30 bytes).

557 unused section(s) (total 29806 bytes) removed from the image.

==============================================================================

Memory Map of the image

  Image Entry point : 0x00000000

  Load Region LR_IROM1 (Base: 0x08000000, Size: 0x00005ef8, Max: 0x00020000, ABSOLUTE)

    Execution Region ER_IROM1 (Base: 0x08000000, Size: 0x00005e44, Max: 0x00020000, ABSOLUTE)

    Base Addr    Size         Type   Attr      Idx    E Section Name        Object

    0x08000000   0x000000ec   Data   RO         4000    RESET               startup_stm32f10x_md.o
    0x080000ec   0x00000008   Code   RO         5313  * !!!main             c_w.l(__main.o)
    0x080000f4   0x00000000   Code   RO         5298    .ARM.Collect$$_printf_percent$$00000000  c_w.l(_printf_percent.o)
    0x080000f4   0x00000006   Code   RO         5297    .ARM.Collect$$_printf_percent$$00000014  c_w.l(_printf_s.o)
    0x080000fa   0x00000004   Code   RO         5328    .ARM.Collect$$_printf_percent$$00000017  c_w.l(_printf_percent_end.o)
    0x080000fe   0x00000002   Code   RO         5371    .ARM.Collect$$libinit$$00000000  c_w.l(libinit.o)
    0x08000100   0x00000000   Code   RO         5383    .ARM.Collect$$libinit$$00000002  c_w.l(libinit2.o)
    0x08000100   0x00000000   Code   RO         5385    .ARM.Collect$$libinit$$00000004  c_w.l(libinit2.o)
    0x08000100   0x00000000   Code   RO         5388    .ARM.Collect$$libinit$$0000000A  c_w.l(libinit2.o)
    0x08000100   0x00000000   Code   RO         5390    .ARM.Collect$$libinit$$0000000C  c_w.l(libinit2.o)
    0x08000100   0x00000000   Code   RO         5392    .ARM.Collect$$libinit$$0000000E  c_w.l(libinit2.o)
    0x08000100   0x00000000   Code   RO         5395    .ARM.Collect$$libinit$$00000011  c_w.l(libinit2.o)
    0x08000100   0x00000000   Code   RO         5397    .ARM.Collect$$libinit$$00000013  c_w.l(libinit2.o)
    0x08000100   0x00000000   Code   RO         5399    .ARM.Collect$$libinit$$00000015  c_w.l(libinit2.o)
    0x08000100   0x00000000   Code   RO         5401    .ARM.Collect$$libinit$$00000017  c_w.l(libinit2.o)
    0x08000100   0x00000000   Code   RO         5403    .ARM.Collect$$libinit$$00000019  c_w.l(libinit2.o)
    0x08000100   0x00000000   Code   RO         5405    .ARM.Collect$$libinit$$0000001B  c_w.l(libinit2.o)
    0x08000100   0x00000000   Code   RO         5407    .ARM.Collect$$libinit$$0000001D  c_w.l(libinit2.o)
    0x08000100   0x00000000   Code   RO         5409    .ARM.Collect$$libinit$$0000001F  c_w.l(libinit2.o)
    0x08000100   0x00000000   Code   RO         5411    .ARM.Collect$$libinit$$00000021  c_w.l(libinit2.o)
    0x08000100   0x00000000   Code   RO         5413    .ARM.Collect$$libinit$$00000023  c_w.l(libinit2.o)
    0x08000100   0x00000000   Code   RO         5415    .ARM.Collect$$libinit$$00000025  c_w.l(libinit2.o)
    0x08000100   0x00000000   Code   RO         5419    .ARM.Collect$$libinit$$0000002C  c_w.l(libinit2.o)
    0x08000100   0x00000000   Code   RO         5421    .ARM.Collect$$libinit$$0000002E  c_w.l(libinit2.o)
    0x08000100   0x00000000   Code   RO         5423    .ARM.Collect$$libinit$$00000030  c_w.l(libinit2.o)
    0x08000100   0x00000000   Code   RO         5425    .ARM.Collect$$libinit$$00000032  c_w.l(libinit2.o)
    0x08000100   0x00000002   Code   RO         5426    .ARM.Collect$$libinit$$00000033  c_w.l(libinit2.o)
    0x08000102   0x00000002   Code   RO         5372    .ARM.Collect$$libshutdown$$00000000  c_w.l(libshutdown.o)
    0x08000104   0x00000000   Code   RO         5428    .ARM.Collect$$libshutdown$$00000002  c_w.l(libshutdown2.o)
    0x08000104   0x00000000   Code   RO         5430    .ARM.Collect$$libshutdown$$00000004  c_w.l(libshutdown2.o)
    0x08000104   0x00000000   Code   RO         5433    .ARM.Collect$$libshutdown$$00000007  c_w.l(libshutdown2.o)
    0x08000104   0x00000000   Code   RO         5436    .ARM.Collect$$libshutdown$$0000000A  c_w.l(libshutdown2.o)
    0x08000104   0x00000000   Code   RO         5438    .ARM.Collect$$libshutdown$$0000000C  c_w.l(libshutdown2.o)
    0x08000104   0x00000000   Code   RO         5441    .ARM.Collect$$libshutdown$$0000000F  c_w.l(libshutdown2.o)
    0x08000104   0x00000002   Code   RO         5442    .ARM.Collect$$libshutdown$$00000010  c_w.l(libshutdown2.o)
    0x08000106   0x00000000   Code   RO         5315    .ARM.Collect$$rtentry$$00000000  c_w.l(__rtentry.o)
    0x08000106   0x00000000   Code   RO         5332    .ARM.Collect$$rtentry$$00000002  c_w.l(__rtentry2.o)
    0x08000106   0x00000006   Code   RO         5344    .ARM.Collect$$rtentry$$00000004  c_w.l(__rtentry4.o)
    0x0800010c   0x00000000   Code   RO         5334    .ARM.Collect$$rtentry$$00000009  c_w.l(__rtentry2.o)
    0x0800010c   0x00000004   Code   RO         5335    .ARM.Collect$$rtentry$$0000000A  c_w.l(__rtentry2.o)
    0x08000110   0x00000008   Code   RO         5336    .ARM.Collect$$rtentry$$0000000B  c_w.l(__rtentry2.o)
    0x08000118   0x00000008   Code   RO         5338    .ARM.Collect$$rtentry$$0000000D  c_w.l(__rtentry2.o)
    0x08000120   0x00000002   Code   RO         5316    .ARM.Collect$$rtexit$$00000000  c_w.l(rtexit.o)
    0x08000122   0x00000000   Code   RO         5347    .ARM.Collect$$rtexit$$00000002  c_w.l(rtexit2.o)
    0x08000122   0x00000004   Code   RO         5348    .ARM.Collect$$rtexit$$00000003  c_w.l(rtexit2.o)
    0x08000126   0x00000006   Code   RO         5349    .ARM.Collect$$rtexit$$00000004  c_w.l(rtexit2.o)
    0x0800012c   0x0000001c   Code   RO         1733    .emb_text           rtx_conf_cm.o
    0x08000148   0x00000130   Code   RO         5249    .emb_text           RTX_CM3.lib(hal_cm3.o)
    0x08000278   0x00000040   Code   RO         4001    .text               startup_stm32f10x_md.o
    0x080002b8   0x00000008   Code   RO         5264    .text               c_w.l(libspace.o)
    0x080002c0   0x00000028   Code   RO         5271    .text               c_w.l(noretval__2sprintf.o)
    0x080002e8   0x00000068   Code   RO         5273    .text               c_w.l(__printf.o)
    0x08000350   0x00000052   Code   RO         5275    .text               c_w.l(_printf_str.o)
    0x080003a2   0x00000012   Code   RO         5299    .text               c_w.l(exit.o)
    0x080003b4   0x00000058   Code   RO         5301    .text               c_w.l(memcmp.o)
    0x0800040c   0x0000003e   Code   RO         5303    .text               c_w.l(strlen.o)
    0x0800044a   0x0000008a   Code   RO         5305    .text               c_w.l(rt_memcpy_v6.o)
    0x080004d4   0x00000044   Code   RO         5307    .text               c_w.l(rt_memclr.o)
    0x08000518   0x0000004e   Code   RO         5309    .text               c_w.l(rt_memclr_w.o)
    0x08000566   0x00000006   Code   RO         5311    .text               c_w.l(heapauxi.o)
    0x0800056c   0x00000030   Code   RO         5322    .text               c_w.l(_printf_char_common.o)
    0x0800059c   0x0000000a   Code   RO         5324    .text               c_w.l(_sputc.o)
    0x080005a6   0x0000002c   Code   RO         5326    .text               c_w.l(_printf_char.o)
    0x080005d2   0x00000064   Code   RO         5329    .text               c_w.l(rt_memcpy_w.o)
    0x08000636   0x00000002   PAD
    0x08000638   0x0000000c   Code   RO         5357    .text               c_w.l(sys_exit.o)
    0x08000644   0x0000004a   Code   RO         5359    .text               c_w.l(sys_stackheap_outer.o)
    0x0800068e   0x00000002   Code   RO         5373    .text               c_w.l(use_no_semi.o)
    0x08000690   0x00000000   Code   RO         5375    .text               c_w.l(indicate_semi.o)
    0x08000690   0x00000004   Code   RO         5259    SVC_TABLE           RTX_CM3.lib(svc_table.o)
    0x08000694   0x00000004   Code   RO          201    i.BusFault_Handler  stm32f10x_it.o
    0x08000698   0x000000ec   Code   RO         1803    i.CAN1_RX1_IRQHandler  can_stm32f10x.o
    0x08000784   0x00000094   Code   RO         1804    i.CAN1_SCE_IRQHandler  can_stm32f10x.o
    0x08000818   0x000000e0   Code   RO          742    i.ConfigManager_HWInit  lib_configmanager.o
    0x080008f8   0x0000001c   Code   RO          743    i.ConfigManager_IDN  lib_configmanager.o
    0x08000914   0x00000010   Code   RO          744    i.ConfigManager_Init  lib_configmanager.o
    0x08000924   0x00000088   Code   RO          745    i.ConfigManager_PORsequence  lib_configmanager.o
    0x080009ac   0x00000024   Code   RO          746    i.ConfigManager_Start  lib_configmanager.o
    0x080009d0   0x000000e8   Code   RO          748    i.ConfigManager_TagHunting  lib_configmanager.o
    0x08000ab8   0x00000002   Code   RO         3809    i.DMA1_Channel1_Event  dma_stm32f10x.o
    0x08000aba   0x00000002   PAD
    0x08000abc   0x0000001c   Code   RO         3810    i.DMA1_Channel1_IRQHandler  dma_stm32f10x.o
    0x08000ad8   0x00000002   Code   RO         3811    i.DMA1_Channel2_Event  dma_stm32f10x.o
    0x08000ada   0x00000002   PAD
    0x08000adc   0x0000001c   Code   RO         3812    i.DMA1_Channel2_IRQHandler  dma_stm32f10x.o
    0x08000af8   0x00000002   Code   RO         3813    i.DMA1_Channel3_Event  dma_stm32f10x.o
    0x08000afa   0x00000002   PAD
    0x08000afc   0x0000001c   Code   RO         3814    i.DMA1_Channel3_IRQHandler  dma_stm32f10x.o
    0x08000b18   0x00000002   Code   RO         3815    i.DMA1_Channel4_Event  dma_stm32f10x.o
    0x08000b1a   0x00000002   PAD
    0x08000b1c   0x0000001c   Code   RO         3816    i.DMA1_Channel4_IRQHandler  dma_stm32f10x.o
    0x08000b38   0x00000002   Code   RO         3817    i.DMA1_Channel5_Event  dma_stm32f10x.o
    0x08000b3a   0x00000002   PAD
    0x08000b3c   0x0000001c   Code   RO         3818    i.DMA1_Channel5_IRQHandler  dma_stm32f10x.o
    0x08000b58   0x00000002   Code   RO         3819    i.DMA1_Channel6_Event  dma_stm32f10x.o
    0x08000b5a   0x00000002   PAD
    0x08000b5c   0x0000001c   Code   RO         3820    i.DMA1_Channel6_IRQHandler  dma_stm32f10x.o
    0x08000b78   0x00000002   Code   RO         3821    i.DMA1_Channel7_Event  dma_stm32f10x.o
    0x08000b7a   0x00000002   PAD
    0x08000b7c   0x0000001c   Code   RO         3822    i.DMA1_Channel7_IRQHandler  dma_stm32f10x.o
    0x08000b98   0x00000002   Code   RO          202    i.DebugMon_Handler  stm32f10x_it.o
    0x08000b9a   0x00000002   PAD
    0x08000b9c   0x00000044   Code   RO          203    i.EXTI15_10_IRQHandler  stm32f10x_it.o
    0x08000be0   0x0000000c   Code   RO         2312    i.EXTI_ClearITPendingBit  stm32f10x_exti.o
    0x08000bec   0x00000028   Code   RO         2316    i.EXTI_GetITStatus  stm32f10x_exti.o
    0x08000c14   0x00000094   Code   RO         2317    i.EXTI_Init         stm32f10x_exti.o
    0x08000ca8   0x00000094   Code   RO         1280    i.FELICA_Init       lib_iso18092pcd.o
    0x08000d3c   0x00000012   Code   RO         1281    i.FELICA_Initialization  lib_iso18092pcd.o
    0x08000d4e   0x00000002   PAD
    0x08000d50   0x00000060   Code   RO         1282    i.FELICA_IsPresent  lib_iso18092pcd.o
    0x08000db0   0x00000028   Code   RO         1283    i.FELICA_REQC       lib_iso18092pcd.o
    0x08000dd8   0x00000046   Code   RO          852    i.FSCIToFSC         lib_iso14443apcd.o
    0x08000e1e   0x00000002   PAD
    0x08000e20   0x0000009c   Code   RO         3959    i.GPIO_AFConfigure  gpio_stm32f10x.o
    0x08000ebc   0x00000098   Code   RO         3960    i.GPIO_GetPortClockState  gpio_stm32f10x.o
    0x08000f54   0x00000116   Code   RO         2569    i.GPIO_Init         stm32f10x_gpio.o
    0x0800106a   0x00000078   Code   RO         3961    i.GPIO_PinConfigure  gpio_stm32f10x.o
    0x080010e2   0x00000002   PAD
    0x080010e4   0x0000013c   Code   RO         3962    i.GPIO_PortClock    gpio_stm32f10x.o
    0x08001220   0x00000012   Code   RO         2573    i.GPIO_ReadInputDataBit  stm32f10x_gpio.o
    0x08001232   0x00000004   Code   RO         2576    i.GPIO_ResetBits    stm32f10x_gpio.o
    0x08001236   0x00000004   Code   RO         2577    i.GPIO_SetBits      stm32f10x_gpio.o
    0x0800123a   0x00000004   Code   RO          204    i.HardFault_Handler  stm32f10x_it.o
    0x0800123e   0x00000048   Code   RO          311    i.Hex2Char          prtapp_sh95.o
    0x08001286   0x00000008   Code   RO          578    i.IRQOut_Config     drv_interrupt.o
    0x0800128e   0x00000002   PAD
    0x08001290   0x00000038   Code   RO          579    i.IRQOut_GPIO_Config  drv_interrupt.o
    0x080012c8   0x000002b8   Code   RO          853    i.ISO14443A_AC      lib_iso14443apcd.o
    0x08001580   0x000000d0   Code   RO          854    i.ISO14443A_ACLevel1  lib_iso14443apcd.o
    0x08001650   0x000000d8   Code   RO          855    i.ISO14443A_ACLevel2  lib_iso14443apcd.o
    0x08001728   0x000000a0   Code   RO          856    i.ISO14443A_ACLevel3  lib_iso14443apcd.o
    0x080017c8   0x000000c4   Code   RO          857    i.ISO14443A_Anticollision  lib_iso14443apcd.o
    0x0800188c   0x00000040   Code   RO          858    i.ISO14443A_CompleteStructure  lib_iso14443apcd.o
    0x080018cc   0x000000c8   Code   RO          859    i.ISO14443A_ConfigFDT  lib_iso14443apcd.o
    0x08001994   0x000000a4   Code   RO          860    i.ISO14443A_ConfigFDTforAnticollision  lib_iso14443apcd.o
    0x08001a38   0x000000b4   Code   RO          861    i.ISO14443A_ConfigFDTforRATS  lib_iso14443apcd.o
    0x08001aec   0x00000034   Code   RO          863    i.ISO14443A_Init    lib_iso14443apcd.o
    0x08001b20   0x00000020   Code   RO          864    i.ISO14443A_InitStructure  lib_iso14443apcd.o
    0x08001b40   0x00000044   Code   RO          865    i.ISO14443A_IsPresent  lib_iso14443apcd.o
    0x08001b84   0x00000098   Code   RO          869    i.ISO14443A_RATS    lib_iso14443apcd.o
    0x08001c1c   0x0000003c   Code   RO          870    i.ISO14443A_REQA    lib_iso14443apcd.o
    0x08001c58   0x00000048   Code   RO          985    i.ISO14443BReadARConfigB  lib_iso14443bpcd.o
    0x08001ca0   0x0000005c   Code   RO          986    i.ISO14443B_Anticollision  lib_iso14443bpcd.o
    0x08001cfc   0x00000058   Code   RO          987    i.ISO14443B_AttriB  lib_iso14443bpcd.o
    0x08001d54   0x0000002c   Code   RO          988    i.ISO14443B_CompleteStruture  lib_iso14443bpcd.o
    0x08001d80   0x00000080   Code   RO          989    i.ISO14443B_Init    lib_iso14443bpcd.o
    0x08001e00   0x00000028   Code   RO          990    i.ISO14443B_InitStructure  lib_iso14443bpcd.o
    0x08001e28   0x00000038   Code   RO          992    i.ISO14443B_IsPresent  lib_iso14443bpcd.o
    0x08001e60   0x00000040   Code   RO          993    i.ISO14443B_ReqB    lib_iso14443bpcd.o
    0x08001ea0   0x00000038   Code   RO          994    i.ISO14443B_WriteARConfigB  lib_iso14443bpcd.o
    0x08001ed8   0x00000048   Code   RO          995    i.ISO14443B_WriteAndCheckARConfigB  lib_iso14443bpcd.o
    0x08001f20   0x00000052   Code   RO         1070    i.ISO15693_CreateRequestFlag  lib_iso15693pcd.o
    0x08001f72   0x00000010   Code   RO         1078    i.ISO15693_GetSelectOrAFIFlag  lib_iso15693pcd.o
    0x08001f82   0x00000002   PAD
    0x08001f84   0x00000094   Code   RO         1081    i.ISO15693_GetUID   lib_iso15693pcd.o
    0x08002018   0x00000074   Code   RO         1082    i.ISO15693_Init     lib_iso15693pcd.o
    0x0800208c   0x0000012e   Code   RO         1083    i.ISO15693_Inventory  lib_iso15693pcd.o
    0x080021ba   0x00000012   Code   RO         1090    i.ISO15693_IsInventoryFlag  lib_iso15693pcd.o
    0x080021cc   0x0000005e   Code   RO          367    i.Interrupts_Config  hw_config.o
    0x0800222a   0x00000028   Code   RO         1335    i.IsAnAvailableProtocol  lib_pcd.o
    0x08002252   0x00000002   PAD
    0x08002254   0x00000040   Code   RO         1453    i.LED_Config        drv_led.o
    0x08002294   0x00000018   Code   RO         1454    i.LED_Off           drv_led.o
    0x080022ac   0x00000018   Code   RO         1455    i.LED_On            drv_led.o
    0x080022c4   0x00000004   Code   RO          205    i.MemManage_Handler  stm32f10x_it.o
    0x080022c8   0x00000002   Code   RO          206    i.NMI_Handler       stm32f10x_it.o
    0x080022ca   0x00000002   PAD
    0x080022cc   0x00000070   Code   RO         2012    i.NVIC_Init         misc.o
    0x0800233c   0x00000014   Code   RO         2013    i.NVIC_PriorityGroupConfig  misc.o
    0x08002350   0x00000020   Code   RO         1336    i.PCD_CheckSendReceive  lib_pcd.o
    0x08002370   0x0000001c   Code   RO         1337    i.PCD_Echo          lib_pcd.o
    0x0800238c   0x00000014   Code   RO         1338    i.PCD_FieldOff      lib_pcd.o
    0x080023a0   0x0000006a   Code   RO         1341    i.PCD_IsCRCOk       lib_pcd.o
    0x0800240a   0x000000fe   Code   RO         1342    i.PCD_IsReaderResultCodeOk  lib_pcd.o
    0x08002508   0x00000078   Code   RO         1343    i.PCD_PORsequence   lib_pcd.o
    0x08002580   0x00000070   Code   RO         1344    i.PCD_ProtocolSelect  lib_pcd.o
    0x080025f0   0x00000042   Code   RO         1345    i.PCD_ReadRegister  lib_pcd.o
    0x08002632   0x00000062   Code   RO         1347    i.PCD_SendRecv      lib_pcd.o
    0x08002694   0x0000003e   Code   RO         1350    i.PCD_WriteRegister  lib_pcd.o
    0x080026d2   0x00000002   PAD
    0x080026d4   0x00000020   Code   RO         2691    i.RCC_APB1PeriphClockCmd  stm32f10x_rcc.o
    0x080026f4   0x00000020   Code   RO         2692    i.RCC_APB1PeriphResetCmd  stm32f10x_rcc.o
    0x08002714   0x00000020   Code   RO         2693    i.RCC_APB2PeriphClockCmd  stm32f10x_rcc.o
    0x08002734   0x00000020   Code   RO         2694    i.RCC_APB2PeriphResetCmd  stm32f10x_rcc.o
    0x08002754   0x00000018   Code   RO         2906    i.SPI_Cmd           stm32f10x_spi.o
    0x0800276c   0x00000058   Code   RO         2913    i.SPI_I2S_DeInit    stm32f10x_spi.o
    0x080027c4   0x00000012   Code   RO         2914    i.SPI_I2S_GetFlagStatus  stm32f10x_spi.o
    0x080027d6   0x00000006   Code   RO         2917    i.SPI_I2S_ReceiveData  stm32f10x_spi.o
    0x080027dc   0x00000004   Code   RO         2918    i.SPI_I2S_SendData  stm32f10x_spi.o
    0x080027e0   0x0000003c   Code   RO         2919    i.SPI_Init          stm32f10x_spi.o
    0x0800281c   0x00000036   Code   RO          683    i.SPI_SendReceiveBuffer  drv_spi.o
    0x08002852   0x00000034   Code   RO          684    i.SPI_SendReceiveByte  drv_spi.o
    0x08002886   0x00000018   Code   RO         2922    i.SPI_StructInit    stm32f10x_spi.o
    0x0800289e   0x00000008   Code   RO         4008    i.SetSysClock       system_stm32f10x.o
    0x080028a6   0x00000002   PAD
    0x080028a8   0x000000e0   Code   RO         4009    i.SetSysClockTo72   system_stm32f10x.o
    0x08002988   0x0000002c   Code   RO          582    i.StartTimeOut      drv_interrupt.o
    0x080029b4   0x00000010   Code   RO          584    i.StopTimeOut       drv_interrupt.o
    0x080029c4   0x00000060   Code   RO         4011    i.SystemInit        system_stm32f10x.o
    0x08002a24   0x00000018   Code   RO         3073    i.TIM_Cmd           stm32f10x_tim.o
    0x08002a3c   0x00000004   Code   RO         3138    i.TIM_SetCounter    stm32f10x_tim.o
    0x08002a40   0x00000060   Code   RO          871    i.TOPAZ_ID          lib_iso14443apcd.o
    0x08002aa0   0x00000044   Code   RO         1688    i.Thread_USRAT_data  rsart_mcu.o
    0x08002ae4   0x00000060   Code   RO         1689    i.Thread_usart_app  rsart_mcu.o
    0x08002b44   0x00000018   Code   RO         1498    i.USART1_Control    usart_stm32f10x.o
    0x08002b5c   0x00000010   Code   RO         1499    i.USART1_GetCapabilities  usart_stm32f10x.o
    0x08002b6c   0x00000010   Code   RO         1500    i.USART1_GetModemStatus  usart_stm32f10x.o
    0x08002b7c   0x00000010   Code   RO         1501    i.USART1_GetRxCount  usart_stm32f10x.o
    0x08002b8c   0x00000010   Code   RO         1502    i.USART1_GetStatus  usart_stm32f10x.o
    0x08002b9c   0x00000010   Code   RO         1503    i.USART1_GetTxCount  usart_stm32f10x.o
    0x08002bac   0x00000010   Code   RO         1504    i.USART1_IRQHandler  usart_stm32f10x.o
    0x08002bbc   0x00000014   Code   RO         1505    i.USART1_Initialize  usart_stm32f10x.o
    0x08002bd0   0x00000014   Code   RO         1506    i.USART1_PowerControl  usart_stm32f10x.o
    0x08002be4   0x00000018   Code   RO         1507    i.USART1_Receive    usart_stm32f10x.o
    0x08002bfc   0x00000018   Code   RO         1508    i.USART1_Send       usart_stm32f10x.o
    0x08002c14   0x00000014   Code   RO         1509    i.USART1_SetModemControl  usart_stm32f10x.o
    0x08002c28   0x0000001c   Code   RO         1510    i.USART1_Transfer   usart_stm32f10x.o
    0x08002c44   0x00000010   Code   RO         1511    i.USART1_Uninitialize  usart_stm32f10x.o
    0x08002c54   0x00000098   Code   RO         1690    i.USART3_Init       rsart_mcu.o
    0x08002cec   0x00000002   Code   RO         1691    i.USART3_callback   rsart_mcu.o
    0x08002cee   0x00000002   PAD
    0x08002cf0   0x00000820   Code   RO         1512    i.USART_Control     usart_stm32f10x.o
    0x08003510   0x00000006   Code   RO         1513    i.USART_GetCapabilities  usart_stm32f10x.o
    0x08003516   0x00000056   Code   RO         1514    i.USART_GetModemStatus  usart_stm32f10x.o
    0x0800356c   0x00000008   Code   RO         1515    i.USART_GetRxCount  usart_stm32f10x.o
    0x08003574   0x00000076   Code   RO         1516    i.USART_GetStatus   usart_stm32f10x.o
    0x080035ea   0x00000008   Code   RO         1517    i.USART_GetTxCount  usart_stm32f10x.o
    0x080035f2   0x00000276   Code   RO         1518    i.USART_IRQHandler  usart_stm32f10x.o
    0x08003868   0x000000a2   Code   RO         1519    i.USART_Initialize  usart_stm32f10x.o
    0x0800390a   0x00000002   PAD
    0x0800390c   0x00000088   Code   RO         1520    i.USART_PeripheralReset  usart_stm32f10x.o
    0x08003994   0x000001a4   Code   RO         1521    i.USART_PowerControl  usart_stm32f10x.o
    0x08003b38   0x000000a2   Code   RO         1522    i.USART_Receive     usart_stm32f10x.o
    0x08003bda   0x00000088   Code   RO         1523    i.USART_Send        usart_stm32f10x.o
    0x08003c62   0x0000009c   Code   RO         1524    i.USART_SetModemControl  usart_stm32f10x.o
    0x08003cfe   0x0000006a   Code   RO         1525    i.USART_Transfer    usart_stm32f10x.o
    0x08003d68   0x0000006c   Code   RO         1526    i.USART_Uninitialize  usart_stm32f10x.o
    0x08003dd4   0x00000010   Code   RO         1527    i.USARTx_GetVersion  usart_stm32f10x.o
    0x08003de4   0x00000118   Code   RO         1828    i.USB_HP_CAN1_TX_IRQHandler  can_stm32f10x.o
    0x08003efc   0x000000ec   Code   RO         1829    i.USB_LP_CAN1_RX0_IRQHandler  can_stm32f10x.o
    0x08003fe8   0x00000004   Code   RO          207    i.UsageFault_Handler  stm32f10x_it.o
    0x08003fec   0x00000046   Code   RO         5148    i._init_box         RTX_CM3.lib(rt_membox.o)
    0x08004032   0x00000002   PAD
    0x08004034   0x00000020   Code   RO         1735    i._mutex_acquire    rtx_conf_cm.o
    0x08004054   0x0000001c   Code   RO         1737    i._mutex_release    rtx_conf_cm.o
    0x08004070   0x00000028   Code   RO          278    i.bsp_delayinit     delay.o
    0x08004098   0x00000030   Code   RO         5201    i.dbg_init          RTX_CM3.lib(hal_cm.o)
    0x080040c8   0x00000020   Code   RO         5202    i.dbg_task_notify   RTX_CM3.lib(hal_cm.o)
    0x080040e8   0x00000010   Code   RO         5203    i.dbg_task_switch   RTX_CM3.lib(hal_cm.o)
    0x080040f8   0x0000000c   Code   RO          368    i.delayHighPriority_ms  hw_config.o
    0x08004104   0x00000030   Code   RO          279    i.delay_us          delay.o
    0x08004134   0x000000b4   Code   RO          312    i.dev95HF_Init      prtapp_sh95.o
    0x080041e8   0x00000004   Code   RO          313    i.devApp95HF_Thread  prtapp_sh95.o
    0x080041ec   0x0000001c   Code   RO          314    i.devApp95HF_ThreadActive  prtapp_sh95.o
    0x08004208   0x00000014   Code   RO          432    i.drv95HF_EnableInterrupt  drv_95hf.o
    0x0800421c   0x00000068   Code   RO          433    i.drv95HF_GPIOConfigSPI  drv_95hf.o
    0x08004284   0x00000014   Code   RO          435    i.drv95HF_GetInterfacePinState  drv_95hf.o
    0x08004298   0x0000000c   Code   RO          436    i.drv95HF_GetSerialInterface  drv_95hf.o
    0x080042a4   0x0000001c   Code   RO          438    i.drv95HF_InitConfigStructure  drv_95hf.o
    0x080042c0   0x0000001c   Code   RO          439    i.drv95HF_InitializeSPI  drv_95hf.o
    0x080042dc   0x0000001c   Code   RO          440    i.drv95HF_InitilizeSerialInterface  drv_95hf.o
    0x080042f8   0x00000014   Code   RO          442    i.drv95HF_RCCConfigSPI  drv_95hf.o
    0x0800430c   0x000000b0   Code   RO          443    i.drv95HF_ReceiveSPIResponse  drv_95hf.o
    0x080043bc   0x0000004c   Code   RO          444    i.drv95HF_ResetSPI  drv_95hf.o
    0x08004408   0x000000b0   Code   RO          445    i.drv95HF_SPIPollingCommand  drv_95hf.o
    0x080044b8   0x00000044   Code   RO          447    i.drv95HF_SendIRQINPulse  drv_95hf.o
    0x080044fc   0x00000050   Code   RO          448    i.drv95HF_SendReceive  drv_95hf.o
    0x0800454c   0x00000070   Code   RO          449    i.drv95HF_SendSPICommand  drv_95hf.o
    0x080045bc   0x00000010   Code   RO          450    i.drv95HF_SendSPIResetByte  drv_95hf.o
    0x080045cc   0x00000044   Code   RO          451    i.drv95HF_StructureConfigSPI  drv_95hf.o
    0x08004610   0x00000038   Code   RO          588    i.drvInt_Enable_RFEvent_IRQ  drv_interrupt.o
    0x08004648   0x00000034   Code   RO          589    i.drvInt_Enable_Reply_IRQ  drv_interrupt.o
    0x0800467c   0x0000002a   Code   RO         4054    i.isrMessageGet     RTX_CM3.lib(rt_cmsis.o)
    0x080046a6   0x0000002c   Code   RO         4055    i.isrMessagePut     RTX_CM3.lib(rt_cmsis.o)
    0x080046d2   0x00000002   PAD
    0x080046d4   0x00000052   Code   RO         5003    i.isr_mbx_receive   RTX_CM3.lib(rt_mailbox.o)
    0x08004726   0x0000000e   Code   RO         5004    i.isr_mbx_send      RTX_CM3.lib(rt_mailbox.o)
    0x08004734   0x0000001a   Code   RO            4    i.main              main.o
    0x0800474e   0x00000002   PAD
    0x08004750   0x00000018   Code   RO         4058    i.osDelay           RTX_CM3.lib(rt_cmsis.o)
    0x08004768   0x00000024   Code   RO         4059    i.osKernelInitialize  RTX_CM3.lib(rt_cmsis.o)
    0x0800478c   0x0000006c   Code   RO         4061    i.osKernelStart     RTX_CM3.lib(rt_cmsis.o)
    0x080047f8   0x00000030   Code   RO         4069    i.osMessageCreate   RTX_CM3.lib(rt_cmsis.o)
    0x08004828   0x00000018   Code   RO         4070    i.osMessageGet      RTX_CM3.lib(rt_cmsis.o)
    0x08004840   0x00000030   Code   RO         4078    i.osPoolCreate      RTX_CM3.lib(rt_cmsis.o)
    0x08004870   0x00000030   Code   RO         4087    i.osThreadCreate    RTX_CM3.lib(rt_cmsis.o)
    0x080048a0   0x00000018   Code   RO         4088    i.osThreadExit      RTX_CM3.lib(rt_cmsis.o)
    0x080048b8   0x0000000c   Code   RO         4094    i.osTimerCall       RTX_CM3.lib(rt_cmsis.o)
    0x080048c4   0x0000002c   Code   RO         4099    i.osTimerThread     RTX_CM3.lib(rt_cmsis.o)
    0x080048f0   0x00000022   Code   RO         1738    i.os_error          rtx_conf_cm.o
    0x08004912   0x00000004   Code   RO         1739    i.os_idle_demon     rtx_conf_cm.o
    0x08004916   0x00000002   PAD
    0x08004918   0x00000028   Code   RO         4795    i.os_tick_init      RTX_CM3.lib(rt_system.o)
    0x08004940   0x00000002   Code   RO         4796    i.os_tick_irqack    RTX_CM3.lib(rt_system.o)
    0x08004942   0x00000002   PAD
    0x08004944   0x0000037c   Code   RO          315    i.prtApp_95HF       prtapp_sh95.o
    0x08004cc0   0x0000001a   Code   RO         5149    i.rt_alloc_box      RTX_CM3.lib(rt_membox.o)
    0x08004cda   0x0000003e   Code   RO         5177    i.rt_alloc_mem      RTX_CM3.lib(rt_memory.o)
    0x08004d18   0x00000038   Code   RO         4676    i.rt_block          RTX_CM3.lib(rt_task.o)
    0x08004d50   0x00000048   Code   RO         5126    i.rt_chk_robin      RTX_CM3.lib(rt_robin.o)
    0x08004d98   0x00000070   Code   RO         4927    i.rt_dec_dly        RTX_CM3.lib(rt_list.o)
    0x08004e08   0x00000044   Code   RO         4677    i.rt_dispatch       RTX_CM3.lib(rt_task.o)
    0x08004e4c   0x00000006   Code   RO         5093    i.rt_dly_wait       RTX_CM3.lib(rt_time.o)
    0x08004e52   0x00000002   PAD
    0x08004e54   0x00000050   Code   RO         4888    i.rt_evt_psh        RTX_CM3.lib(rt_event.o)
    0x08004ea4   0x0000002c   Code   RO         5150    i.rt_free_box       RTX_CM3.lib(rt_membox.o)
    0x08004ed0   0x00000028   Code   RO         5178    i.rt_free_mem       RTX_CM3.lib(rt_memory.o)
    0x08004ef8   0x00000028   Code   RO         4928    i.rt_get_first      RTX_CM3.lib(rt_list.o)
    0x08004f20   0x00000008   Code   RO         4104    i.rt_id2obj         RTX_CM3.lib(rt_cmsis.o)
    0x08004f28   0x00000048   Code   RO         4678    i.rt_init_context   RTX_CM3.lib(rt_task.o)
    0x08004f70   0x0000001a   Code   RO         5179    i.rt_init_mem       RTX_CM3.lib(rt_memory.o)
    0x08004f8a   0x00000002   PAD
    0x08004f8c   0x00000018   Code   RO         5127    i.rt_init_robin     RTX_CM3.lib(rt_robin.o)
    0x08004fa4   0x00000080   Code   RO         5204    i.rt_init_stack     RTX_CM3.lib(hal_cm.o)
    0x08005024   0x00000008   Code   RO         5005    i.rt_mbx_check      RTX_CM3.lib(rt_mailbox.o)
    0x0800502c   0x0000001a   Code   RO         5006    i.rt_mbx_init       RTX_CM3.lib(rt_mailbox.o)
    0x08005046   0x00000002   PAD
    0x08005048   0x000000f0   Code   RO         5007    i.rt_mbx_psh        RTX_CM3.lib(rt_mailbox.o)
    0x08005138   0x000000b4   Code   RO         5009    i.rt_mbx_wait       RTX_CM3.lib(rt_mailbox.o)
    0x080051ec   0x00000044   Code   RO         4105    i.rt_ms2tick        RTX_CM3.lib(rt_cmsis.o)
    0x08005230   0x000000d8   Code   RO         4762    i.rt_mut_release    RTX_CM3.lib(rt_mutex.o)
    0x08005308   0x00000068   Code   RO         4763    i.rt_mut_wait       RTX_CM3.lib(rt_mutex.o)
    0x08005370   0x0000007c   Code   RO         4799    i.rt_pop_req        RTX_CM3.lib(rt_system.o)
    0x080053ec   0x00000020   Code   RO         4800    i.rt_psh_req        RTX_CM3.lib(rt_system.o)
    0x0800540c   0x0000005c   Code   RO         4930    i.rt_psq_enq        RTX_CM3.lib(rt_list.o)
    0x08005468   0x00000048   Code   RO         4931    i.rt_put_dly        RTX_CM3.lib(rt_list.o)
    0x080054b0   0x00000036   Code   RO         4932    i.rt_put_prio       RTX_CM3.lib(rt_list.o)
    0x080054e6   0x00000002   PAD
    0x080054e8   0x00000014   Code   RO         4933    i.rt_put_rdy_first  RTX_CM3.lib(rt_list.o)
    0x080054fc   0x00000034   Code   RO         4934    i.rt_resort_prio    RTX_CM3.lib(rt_list.o)
    0x08005530   0x00000006   Code   RO         5205    i.rt_ret_val        RTX_CM3.lib(hal_cm.o)
    0x08005536   0x00000008   Code   RO         5206    i.rt_ret_val2       RTX_CM3.lib(hal_cm.o)
    0x0800553e   0x00000028   Code   RO         4935    i.rt_rmv_dly        RTX_CM3.lib(rt_list.o)
    0x08005566   0x00000002   PAD
    0x08005568   0x00000030   Code   RO         4936    i.rt_rmv_list       RTX_CM3.lib(rt_list.o)
    0x08005598   0x00000034   Code   RO         5054    i.rt_sem_psh        RTX_CM3.lib(rt_semaphore.o)
    0x080055cc   0x00000024   Code   RO         4802    i.rt_stk_check      RTX_CM3.lib(rt_system.o)
    0x080055f0   0x00000028   Code   RO         4679    i.rt_switch_req     RTX_CM3.lib(rt_task.o)
    0x08005618   0x000000cc   Code   RO         4680    i.rt_sys_init       RTX_CM3.lib(rt_task.o)
    0x080056e4   0x00000078   Code   RO         4681    i.rt_sys_start      RTX_CM3.lib(rt_task.o)
    0x0800575c   0x00000040   Code   RO         4804    i.rt_systick        RTX_CM3.lib(rt_system.o)
    0x0800579c   0x00000012   Code   RO         4106    i.rt_tid2ptcb       RTX_CM3.lib(rt_cmsis.o)
    0x080057ae   0x00000002   PAD
    0x080057b0   0x00000034   Code   RO         4107    i.rt_timer_insert   RTX_CM3.lib(rt_cmsis.o)
    0x080057e4   0x00000088   Code   RO         4682    i.rt_tsk_create     RTX_CM3.lib(rt_task.o)
    0x0800586c   0x0000017c   Code   RO         4683    i.rt_tsk_delete     RTX_CM3.lib(rt_task.o)
    0x080059e8   0x0000007c   Code   RO         4685    i.rt_tsk_prio       RTX_CM3.lib(rt_task.o)
    0x08005a64   0x00000010   Code   RO         4686    i.rt_tsk_self       RTX_CM3.lib(rt_task.o)
    0x08005a74   0x00000012   Code   RO         4109    i.svcDelay          RTX_CM3.lib(rt_cmsis.o)
    0x08005a86   0x00000002   PAD
    0x08005a88   0x00000070   Code   RO         4110    i.svcKernelInitialize  RTX_CM3.lib(rt_cmsis.o)
    0x08005af8   0x00000048   Code   RO         4112    i.svcKernelStart    RTX_CM3.lib(rt_cmsis.o)
    0x08005b40   0x00000024   Code   RO         4115    i.svcMessageCreate  RTX_CM3.lib(rt_cmsis.o)
    0x08005b64   0x0000003a   Code   RO         4116    i.svcMessageGet     RTX_CM3.lib(rt_cmsis.o)
    0x08005b9e   0x00000028   Code   RO         4122    i.svcPoolCreate     RTX_CM3.lib(rt_cmsis.o)
    0x08005bc6   0x00000002   PAD
    0x08005bc8   0x00000070   Code   RO         4130    i.svcThreadCreate   RTX_CM3.lib(rt_cmsis.o)
    0x08005c38   0x0000001c   Code   RO         4131    i.svcThreadGetId    RTX_CM3.lib(rt_cmsis.o)
    0x08005c54   0x00000038   Code   RO         4134    i.svcThreadTerminate  RTX_CM3.lib(rt_cmsis.o)
    0x08005c8c   0x00000018   Code   RO         4136    i.svcTimerCall      RTX_CM3.lib(rt_cmsis.o)
    0x08005ca4   0x0000005c   Code   RO         4145    i.sysTimerTick      RTX_CM3.lib(rt_cmsis.o)
    0x08005d00   0x0000001c   Data   RO          316    .constdata          prtapp_sh95.o
    0x08005d1c   0x0000000a   Data   RO          873    .constdata          lib_iso14443apcd.o
    0x08005d26   0x00000002   PAD
    0x08005d28   0x0000000d   Data   RO          997    .constdata          lib_iso14443bpcd.o
    0x08005d35   0x00000007   Data   RO         1285    .constdata          lib_iso18092pcd.o
    0x08005d3c   0x00000006   Data   RO         1456    .constdata          drv_led.o
    0x08005d42   0x00000002   PAD
    0x08005d44   0x00000084   Data   RO         1529    .constdata          usart_stm32f10x.o
    0x08005dc8   0x00000024   Data   RO         1693    .constdata          rsart_mcu.o
    0x08005dec   0x00000056   Data   RO         1741    .constdata          rtx_conf_cm.o
    0x08005e42   0x00000002   PAD
    0x08005e44   0x00000000   Data   RO         5483    Region$$Table       anon$$obj.o


    Execution Region RW_IRAM1 (Base: 0x20000000, Size: 0x00004508, Max: 0x00005000, ABSOLUTE)

    Base Addr    Size         Type   Attr      Idx    E Section Name        Object

    0x20000000   0x0000000c   Data   RW          208    .data               stm32f10x_it.o
    0x2000000c   0x0000000d   Data   RW          317    .data               prtapp_sh95.o
    0x20000019   0x00000007   Data   RW          453    .data               drv_95hf.o
    0x20000020   0x00000004   Data   RW          591    .data               drv_interrupt.o
    0x20000024   0x00000006   Data   RW          750    .data               lib_configmanager.o
    0x2000002a   0x00000006   Data   RW          874    .data               lib_iso14443apcd.o
    0x20000030   0x00000001   Data   RW         1351    .data               lib_pcd.o
    0x20000031   0x00000003   PAD
    0x20000034   0x00000004   Data   RW         1457    .data               drv_led.o
    0x20000038   0x0000000c   Data   RW         1694    .data               rsart_mcu.o
    0x20000044   0x00000024   Data   RW         1742    .data               rtx_conf_cm.o
    0x20000068   0x00000010   Data   RW         1831    .data               can_stm32f10x.o
    0x20000078   0x00000014   Data   RW         4012    .data               system_stm32f10x.o
    0x2000008c   0x00000008   Data   RW         4148    .data               RTX_CM3.lib(rt_cmsis.o)
    0x20000094   0x00000008   Data   RW         4688    .data               RTX_CM3.lib(rt_task.o)
    0x2000009c   0x00000008   Data   RW         4807    .data               RTX_CM3.lib(rt_system.o)
    0x200000a4   0x00000004   Data   RW         5097    .data               RTX_CM3.lib(rt_time.o)
    0x200000a8   0x00000008   Data   RW         5128    .data               RTX_CM3.lib(rt_robin.o)
    0x200000b0   0x00000001   Data   RW         5207    .data               RTX_CM3.lib(hal_cm.o)
    0x200000b1   0x00000003   PAD
    0x200000b4   0x00000211   Zero   RW          452    .bss                drv_95hf.o
    0x200002c5   0x00000010   Zero   RW          749    .bss                lib_configmanager.o
    0x200002d5   0x000003a6   Zero   RW          872    .bss                lib_iso14443apcd.o
    0x2000067b   0x00000056   Zero   RW          996    .bss                lib_iso14443bpcd.o
    0x200006d1   0x00000029   Zero   RW         1284    .bss                lib_iso18092pcd.o
    0x200006fa   0x00000002   PAD
    0x200006fc   0x00000038   Zero   RW         1528    .bss                usart_stm32f10x.o
    0x20000734   0x0000002c   Zero   RW         1692    .bss                rsart_mcu.o
    0x20000760   0x000036e0   Zero   RW         1740    .bss                rtx_conf_cm.o
    0x20003e40   0x00000034   Zero   RW         4687    .bss                RTX_CM3.lib(rt_task.o)
    0x20003e74   0x00000030   Zero   RW         4937    .bss                RTX_CM3.lib(rt_list.o)
    0x20003ea4   0x00000060   Zero   RW         5265    .bss                c_w.l(libspace.o)
    0x20003f04   0x00000004   PAD
    0x20003f08   0x00000200   Zero   RW         3999    HEAP                startup_stm32f10x_md.o
    0x20004108   0x00000400   Zero   RW         3998    STACK               startup_stm32f10x_md.o

