C51 COMPILER V9.54   SPI_FAULTSET                                                          03/08/2018 16:33:08 PAGE 1   


C51 COMPILER V9.54, COMPILATION OF MODULE SPI_FAULTSET
OBJECT MODULE PLACED IN .\Objects\SPI_faultSet.obj
COMPILER INVOKED BY: D:\Keil\Software\C51\BIN\C51.EXE Hardware\SPI_faultSet.c OMF2 OPTIMIZE(8,SPEED) BROWSE INCDIR(..\fa
                    -ultSet;.\User;.\Hardware;.\StdPeriph_Driver) DEBUG PRINT(.\Listings\SPI_faultSet.lst) OBJECT(.\Objects\SPI_faultSet.obj)

line level    source

   1          #include "SPI_faultSet.h"
   2          
   3          void GPIO_SPI_Init(void){     //595通信引脚初始化
   4   1      
   5   1              GPIO_InitTypeDef gpio_SPI;
   6   1              
   7   1              gpio_SPI.Mode = GPIO_OUT_PP;
   8   1              gpio_SPI.Pin  = GPIO_Pin_3 | GPIO_Pin_4 | GPIO_Pin_5 | GPIO_Pin_6;
   9   1              
  10   1              GPIO_Inilize(GPIO_P1,&gpio_SPI);
  11   1              
  12   1              SPI_STP = 0;
  13   1              SPI_MR  = 1;
  14   1      }
  15          
  16          void  DatsIn595(u8 Dats){       //595一元赋值
  17   1      
  18   1              SPI_CLK         = 0;
  19   1              SPI_DS  = Dats & 0x01;
  20   1              SPI_CLK = 1;
  21   1              Dats            = Dats>>1;
  22   1      }
  23          
  24          void Frame595Clr(u8 length){    //595多元清零
  25   1      
  26   1              u16 loop;
  27   1              
  28   1              SPI_STP = SPI_CLK       = SPI_DS = 0;
  29   1              
  30   1              for(loop = 0; loop < length * 8; loop ++){
  31   2              
  32   2                      SPI_CLK = 1;
  33   2                      SPI_CLK = 0;
  34   2              }
  35   1              
  36   1              SPI_STP = 1;
  37   1              SPI_STP = 0;
  38   1      }
  39          
  40          void Fast595allClr(void){               //所有595快速清零
  41   1      
  42   1              SPI_MR = 0;
  43   1              delay_ms(10);
  44   1              SPI_MR = 1;
  45   1              delay_ms(10);
  46   1      }
  47          
  48          void Frame595Send(u8 Frame[],u8 length){        //595多元赋值
  49   1      
  50   1              u8 loop;
  51   1              
  52   1              SPI_STP = 0;
  53   1              for(loop = (length - 1); loop >= 0; loop++)DatsIn595(Frame[loop]);      
  54   1              SPI_STP = 1;
C51 COMPILER V9.54   SPI_FAULTSET                                                          03/08/2018 16:33:08 PAGE 2   

  55   1              SPI_STP = 0;
  56   1      }
  57          
  58          u8 byteReverse(u8 Byte){        //单字节倒序
  59   1      
  60   1              Byte = (Byte & 0x55) << 1 | (Byte & 0xaa) >> 1;
  61   1              Byte = (Byte & 0x33) << 2 | (Byte & 0xcc) >> 2;
  62   1              Byte = (Byte & 0x0f) << 4 | (Byte & 0xf0) >> 4;
  63   1              return Byte;
  64   1      }
  65          
  66          void BytesReverse(u8 datsin[],u8 datsout[],u16 num){    //多字节倒序
  67   1      
  68   1              u16 loop;
  69   1              
  70   1              for(loop = 0;loop < num;loop ++)
  71   1                      datsout[loop] = byteReverse(datsin[loop]);
  72   1      }
  73          


MODULE INFORMATION:   STATIC OVERLAYABLE
   CODE SIZE        =    230    ----
   CONSTANT SIZE    =   ----    ----
   XDATA SIZE       =   ----    ----
   PDATA SIZE       =   ----    ----
   DATA SIZE        =   ----      13
   IDATA SIZE       =   ----    ----
   BIT SIZE         =   ----    ----
   EDATA SIZE       =   ----    ----
   HDATA SIZE       =   ----    ----
   XDATA CONST SIZE =   ----    ----
   FAR CONST SIZE   =   ----    ----
END OF MODULE INFORMATION.


C51 COMPILATION COMPLETE.  0 WARNING(S),  0 ERROR(S)
