Component: ARM Compiler 5.05 update 1 (build 106) Tool: armlink [4d0efa]

==============================================================================

Section Cross References

    main.o(.text) refers to delay.o(.text) for delay_init
    main.o(.text) refers to sys.o(.text) for NVIC_Configuration
    main.o(.text) refers to timer.o(.text) for TIM2_Int_Init
    main.o(.text) refers to led.o(.text) for IO_Init
    main.o(.text) refers to usart1.o(.text) for uart1_init
    main.o(.text) refers to usart_cfg.o(.text) for uart2_init
    main.o(.text) refers to rt_memclr_w.o(.text) for __aeabi_memclr4
    main.o(.text) refers to noretval__2printf.o(.text) for __2printf
    main.o(.text) refers to usart3_zigbee.o(.text) for zigbee_SD_load_buf
    main.o(.text) refers to usart2_android.o(.text) for android_uart_fuc
    main.o(.text) refers to main.o(.bss) for MCU_UID
    main.o(.text) refers to main.o(.constdata) for .constdata
    main.o(.text) refers to main.o(.data) for join_LED_S
    system_stm32f10x.o(.text) refers to system_stm32f10x.o(.data) for SystemCoreClock
    led.o(.text) refers to stm32f10x_rcc.o(.text) for RCC_APB2PeriphClockCmd
    led.o(.text) refers to stm32f10x_gpio.o(.text) for GPIO_Init
    key.o(.text) refers to delay.o(.text) for delay_ms
    key.o(.text) refers to key.o(.data) for key_up
    dma.o(.text) refers to stm32f10x_dma.o(.text) for DMA_Cmd
    dma.o(.text) refers to dma.o(.bss) for DMA_InitStructure
    usart1.o(.text) refers (Special) to use_no_semi_2.o(.text) for __use_no_semihosting
    usart1.o(.text) refers to stm32f10x_rcc.o(.text) for RCC_APB2PeriphClockCmd
    usart1.o(.text) refers to stm32f10x_gpio.o(.text) for GPIO_Init
    usart1.o(.text) refers to misc.o(.text) for NVIC_Init
    usart1.o(.text) refers to stm32f10x_usart.o(.text) for USART_Init
    usart1.o(.text) refers to usart1.o(.data) for USART_RX_STA
    usart1.o(.text) refers to usart1.o(.bss) for USART_RX_BUF
    usart1.o(.bss) refers (Special) to use_no_semi_2.o(.text) for __use_no_semihosting
    usart1.o(.data) refers (Special) to use_no_semi_2.o(.text) for __use_no_semihosting
    gui_144.o(.text) refers to lcd_144.o(.text) for LCD_1_44_SetCursor
    gui_144.o(.text) refers to lcd_144.o(.bss) for lcd144dev
    gui_144.o(.text) refers to lcd_144.o(.data) for LCD144POINT_COLOR
    gui_144.o(.text) refers to gui_144.o(.constdata) for LCD144asc2_1206
    gui_144.o(.text) refers to strlen.o(.text) for strlen
    lcd_144.o(.text) refers to stm32f10x_rcc.o(.text) for RCC_APB2PeriphClockCmd
    lcd_144.o(.text) refers to stm32f10x_gpio.o(.text) for GPIO_Init
    lcd_144.o(.text) refers to stm32f10x_spi.o(.text) for SPI_Init
    lcd_144.o(.text) refers to delay.o(.text) for delay_ms
    lcd_144.o(.text) refers to lcd_144.o(.bss) for lcd144dev
    lcd_144.o(.text) refers to lcd_144.o(.data) for LCD144POINT_COLOR
    timer.o(.text) refers to stm32f10x_rcc.o(.text) for RCC_APB1PeriphClockCmd
    timer.o(.text) refers to stm32f10x_tim.o(.text) for TIM_TimeBaseInit
    timer.o(.text) refers to misc.o(.text) for NVIC_Init
    timer.o(.text) refers to stm32f10x_gpio.o(.text) for GPIO_Init
    timer.o(.text) refers to usart3_zigbee.o(.text) for zigbee_uart_timeout_fution
    timer.o(.text) refers to usart2_android.o(.text) for android_timeout_fution
    timer.o(.text) refers to timer.o(.data) for t_10us
    timer.o(.text) refers to main.o(.data) for motor_ck_time
    timer.o(.text) refers to main.o(.bss) for IR_CAP1
    delay.o(.text) refers to misc.o(.text) for SysTick_CLKSourceConfig
    delay.o(.text) refers to system_stm32f10x.o(.data) for SystemCoreClock
    delay.o(.text) refers to delay.o(.data) for fac_us
    sys.o(.text) refers to misc.o(.text) for NVIC_PriorityGroupConfig
    usart4_zig1.o(.text) refers to toupper.o(.text) for toupper
    usart4_zig1.o(.text) refers to rt_memcpy_v6.o(.text) for __aeabi_memcpy
    usart4_zig1.o(.text) refers to stm32f10x_usart.o(.text) for USART_GetITStatus
    usart4_zig1.o(.text) refers to stm32f10x_dma.o(.text) for DMA_ClearFlag
    usart4_zig1.o(.text) refers to rt_memclr.o(.text) for __aeabi_memclr
    usart4_zig1.o(.text) refers to dma.o(.text) for MYDMA_Config
    usart4_zig1.o(.text) refers to usart_cfg.o(.text) for disable_all_uart_interupt
    usart4_zig1.o(.text) refers to usart_cfg.o(.bss) for UART4_st
    usart_cfg.o(.text) refers to stm32f10x_rcc.o(.text) for RCC_AHBPeriphClockCmd
    usart_cfg.o(.text) refers to stm32f10x_gpio.o(.text) for GPIO_Init
    usart_cfg.o(.text) refers to stm32f10x_usart.o(.text) for USART_Init
    usart_cfg.o(.text) refers to misc.o(.text) for NVIC_Init
    usart_cfg.o(.text) refers to dma.o(.text) for MYDMA_Config
    usart_cfg.o(.text) refers to stm32f10x_dma.o(.text) for DMA_Cmd
    usart_cfg.o(.text) refers to rt_memclr.o(.text) for __aeabi_memclr
    usart_cfg.o(.text) refers to usart_cfg.o(.bss) for UART4_st
    usart3_zigbee.o(.text) refers to _printf_pad.o(.text) for _printf_pre_padding
[...]
    defsig.o(CL$$defsig) refers to defsig_rtmem_inner.o(.text) for __rt_SIGRTMEM_inner
    defsig_abrt_inner.o(.text) refers to defsig_general.o(.text) for __default_signal_display
    defsig_fpe_inner.o(.text) refers to defsig_general.o(.text) for __default_signal_display
    defsig_rtred_inner.o(.text) refers to defsig_general.o(.text) for __default_signal_display
    defsig_stak_inner.o(.text) refers to defsig_general.o(.text) for __default_signal_display
    defsig_pvfn_inner.o(.text) refers to defsig_general.o(.text) for __default_signal_display
    defsig_cppl_inner.o(.text) refers to defsig_general.o(.text) for __default_signal_display
    defsig_segv_inner.o(.text) refers to defsig_general.o(.text) for __default_signal_display
    defsig_other.o(.text) refers to defsig_general.o(.text) for __default_signal_display


==============================================================================

Removing Unused input sections from the image.

    Removing stm32f10x_it.o(.data), (4 bytes).
    Removing key.o(.text), (152 bytes).
    Removing key.o(.data), (1 bytes).
    Removing dma.o(.data), (2 bytes).
    Removing gui_144.o(.text), (2740 bytes).
    Removing gui_144.o(.constdata), (15862 bytes).
    Removing lcd_144.o(.text), (1500 bytes).
    Removing lcd_144.o(.bss), (14 bytes).
    Removing lcd_144.o(.data), (6 bytes).
    Removing core_cm3.o(.emb_text), (32 bytes).
    Removing stm32f10x_rtc.o(.text), (328 bytes).
    Removing stm32f10x_crc.o(.text), (72 bytes).
    Removing stm32f10x_bkp.o(.text), (196 bytes).
    Removing stm32f10x_spi.o(.text), (780 bytes).
    Removing stm32f10x_exti.o(.text), (284 bytes).
    Removing stm32f10x_adc.o(.text), (1102 bytes).
    Removing stm32f10x_flash.o(.text), (1468 bytes).

17 unused section(s) (total 24543 bytes) removed from the image.

==============================================================================

Image Symbol Table

    Local Symbols

    Symbol Name                              Value     Ov Type        Size  Object(Section)

    ../clib/angel/boardlib.s                 0x00000000   Number         0  boardinit3.o ABSOLUTE
    ../clib/angel/boardlib.s                 0x00000000   Number         0  boardshut.o ABSOLUTE
    ../clib/angel/boardlib.s                 0x00000000   Number         0  boardinit2.o ABSOLUTE
    ../clib/angel/boardlib.s                 0x00000000   Number         0  boardinit1.o ABSOLUTE
    ../clib/angel/handlers.s                 0x00000000   Number         0  __scatter_zi.o ABSOLUTE
    ../clib/angel/handlers.s                 0x00000000   Number         0  __scatter_copy.o ABSOLUTE
    ../clib/angel/kernel.s                   0x00000000   Number         0  __rtentry2.o ABSOLUTE
    ../clib/angel/kernel.s                   0x00000000   Number         0  __rtentry4.o ABSOLUTE
    ../clib/angel/kernel.s                   0x00000000   Number         0  rtexit2.o ABSOLUTE
    ../clib/angel/kernel.s                   0x00000000   Number         0  __rtentry.o ABSOLUTE
    ../clib/angel/kernel.s                   0x00000000   Number         0  rtexit.o ABSOLUTE
    ../clib/angel/rt.s                       0x00000000   Number         0  rt_locale_intlibspace.o ABSOLUTE
    ../clib/angel/rt.s                       0x00000000   Number         0  rt_locale.o ABSOLUTE
    ../clib/angel/rt.s                       0x00000000   Number         0  rt_raise.o ABSOLUTE
    ../clib/angel/rt.s                       0x00000000   Number         0  rt_ctype_table.o ABSOLUTE
    ../clib/angel/scatter.s                  0x00000000   Number         0  __scatter.o ABSOLUTE
    ../clib/angel/startup.s                  0x00000000   Number         0  __main.o ABSOLUTE
    ../clib/angel/sys.s                      0x00000000   Number         0  use_no_semi.o ABSOLUTE
    ../clib/angel/sys.s                      0x00000000   Number         0  indicate_semi.o ABSOLUTE
    ../clib/angel/sys.s                      0x00000000   Number         0  use_no_semi_2.o ABSOLUTE
    ../clib/angel/sys.s                      0x00000000   Number         0  libspace.o ABSOLUTE
    ../clib/angel/sys.s                      0x00000000   Number         0  sys_stackheap_outer.o ABSOLUTE
    ../clib/angel/sysapp.c                   0x00000000   Number         0  sys_wrch.o ABSOLUTE
    ../clib/angel/sysapp.c                   0x00000000   Number         0  sys_command.o ABSOLUTE
    ../clib/armsys.c                         0x00000000   Number         0  argv_veneer.o ABSOLUTE
    ../clib/armsys.c                         0x00000000   Number         0  argv_veneer.o ABSOLUTE
    ../clib/armsys.c                         0x00000000   Number         0  _get_argv_nomalloc.o ABSOLUTE
    ../clib/armsys.c                         0x00000000   Number         0  no_argv.o ABSOLUTE
    ../clib/ctype.c                          0x00000000   Number         0  toupper.o ABSOLUTE
    ../clib/heapalloc.c                      0x00000000   Number         0  hrguard.o ABSOLUTE
    ../clib/heapaux.c                        0x00000000   Number         0  heapauxi.o ABSOLUTE
    ../clib/libinit.s                        0x00000000   Number         0  libinit2.o ABSOLUTE
    ../clib/libinit.s                        0x00000000   Number         0  libinit.o ABSOLUTE
    ../clib/libinit.s                        0x00000000   Number         0  libshutdown2.o ABSOLUTE
    ../clib/libinit.s                        0x00000000   Number         0  libshutdown.o ABSOLUTE
    ../clib/locale.s                         0x00000000   Number         0  lc_ctype_c.o ABSOLUTE
    ../clib/memcpset.s                       0x00000000   Number         0  rt_memclr_w.o ABSOLUTE
    ../clib/memcpset.s                       0x00000000   Number         0  rt_memclr.o ABSOLUTE
    ../clib/memcpset.s                       0x00000000   Number         0  rt_memcpy_w.o ABSOLUTE
    ../clib/memcpset.s                       0x00000000   Number         0  strcmpv7m.o ABSOLUTE
    ../clib/memcpset.s                       0x00000000   Number         0  rt_memcpy_v6.o ABSOLUTE
    ../clib/misc.s                           0x00000000   Number         0  printf_stubs.o ABSOLUTE
    ../clib/printf.c                         0x00000000   Number         0  _printf_char_common.o ABSOLUTE
    ../clib/printf.c                         0x00000000   Number         0  __2printf.o ABSOLUTE
    ../clib/printf.c                         0x00000000   Number         0  noretval__2printf.o ABSOLUTE
    ../clib/printf.c                         0x00000000   Number         0  __printf.o ABSOLUTE
    ../clib/printf.c                         0x00000000   Number         0  _printf_pad.o ABSOLUTE
    ../clib/printf.c                         0x00000000   Number         0  _printf_hex_int.o ABSOLUTE
    ../clib/printf.c                         0x00000000   Number         0  _printf_hex_int_ll.o ABSOLUTE
    ../clib/printf.c                         0x00000000   Number         0  _printf_hex_ptr.o ABSOLUTE
    ../clib/printf.c                         0x00000000   Number         0  _printf_hex_int_ptr.o ABSOLUTE
    ../clib/printf.c                         0x00000000   Number         0  _printf_hex_ll_ptr.o ABSOLUTE
    ../clib/printf.c                         0x00000000   Number         0  _printf_hex_int_ll_ptr.o ABSOLUTE
    ../clib/printf.c                         0x00000000   Number         0  __printf_flags.o ABSOLUTE
    ../clib/printf.c                         0x00000000   Number         0  __printf_ss.o ABSOLUTE
    ../clib/printf.c                         0x00000000   Number         0  __printf_flags_ss.o ABSOLUTE
    ../clib/printf.c                         0x00000000   Number         0  __printf_wp.o ABSOLUTE
    ../clib/printf.c                         0x00000000   Number         0  _printf_char_file.o ABSOLUTE
    ../clib/printf.c                         0x00000000   Number         0  __printf_flags_wp.o ABSOLUTE
    ../clib/printf.c                         0x00000000   Number         0  __printf_ss_wp.o ABSOLUTE
    ../clib/printf.c                         0x00000000   Number         0  __printf_flags_ss_wp.o ABSOLUTE
    ../clib/printf.c                         0x00000000   Number         0  _printf_intcommon.o ABSOLUTE
    ../clib/printf.c                         0x00000000   Number         0  _printf_hex_ll.o ABSOLUTE
    ../clib/printf.c                         0x00000000   Number         0  __printf_nopercent.o ABSOLUTE
    ../clib/printf_percent.s                 0x00000000   Number         0  _printf_percent.o ABSOLUTE
    ../clib/printf_percent.s                 0x00000000   Number         0  _printf_x.o ABSOLUTE
    ../clib/printf_percent.s                 0x00000000   Number         0  _printf_percent_end.o ABSOLUTE
    ../clib/signal.c                         0x00000000   Number         0  defsig_fpe_inner.o ABSOLUTE
    ../clib/signal.c                         0x00000000   Number         0  defsig_rtmem_formal.o ABSOLUTE
    ../clib/signal.c                         0x00000000   Number         0  defsig_general.o ABSOLUTE
    ../clib/signal.c                         0x00000000   Number         0  __raise.o ABSOLUTE
    ../clib/signal.c                         0x00000000   Number         0  defsig_other.o ABSOLUTE
    ../clib/signal.c                         0x00000000   Number         0  defsig_segv_inner.o ABSOLUTE
    ../clib/signal.c                         0x00000000   Number         0  defsig_rtmem_inner.o ABSOLUTE
    ../clib/signal.c                         0x00000000   Number         0  defsig_cppl_inner.o ABSOLUTE
    ../clib/signal.c                         0x00000000   Number         0  defsig_pvfn_inner.o ABSOLUTE
    ../clib/signal.c                         0x00000000   Number         0  defsig_stak_inner.o ABSOLUTE
    ../clib/signal.c                         0x00000000   Number         0  defsig_rtred_inner.o ABSOLUTE
    ../clib/signal.c                         0x00000000   Number         0  defsig_abrt_inner.o ABSOLUTE
    ../clib/signal.c                         0x00000000   Number         0  defsig_rtmem_outer.o ABSOLUTE
    ../clib/signal.c                         0x00000000   Number         0  defsig_exit.o ABSOLUTE
    ../clib/signal.s                         0x00000000   Number         0  defsig.o ABSOLUTE
    ../clib/stdio.c                          0x00000000   Number         0  ferror.o ABSOLUTE
    ../clib/stdio.c                          0x00000000   Number         0  ferror_locked.o ABSOLUTE
    ../clib/stdlib.c                         0x00000000   Number         0  exit.o ABSOLUTE
    ../clib/string.c                         0x00000000   Number         0  strlen.o ABSOLUTE
    ../fplib/fpinit.s                        0x00000000   Number         0  fpinit.o ABSOLUTE
    ..\CORE\core_cm3.c                       0x00000000   Number         0  core_cm3.o ABSOLUTE
    ..\CORE\startup_stm32f10x_hd.s           0x00000000   Number         0  startup_stm32f10x_hd.o ABSOLUTE
    ..\HARDWARE\DMA\dma.c                    0x00000000   Number         0  dma.o ABSOLUTE
    ..\HARDWARE\KEY\key.c                    0x00000000   Number         0  key.o ABSOLUTE
    ..\HARDWARE\LCD(1.44inches)\GUI_144.c    0x00000000   Number         0  gui_144.o ABSOLUTE
    ..\HARDWARE\LCD(1.44inches)\LCD_144.c    0x00000000   Number         0  lcd_144.o ABSOLUTE
    ..\HARDWARE\LED\led.c                    0x00000000   Number         0  led.o ABSOLUTE
    ..\HARDWARE\TIMER\timer.c                0x00000000   Number         0  timer.o ABSOLUTE
    ..\HARDWARE\USMART\usart1.c              0x00000000   Number         0  usart1.o ABSOLUTE
    ..\STM32F10x_FWLib\src\misc.c            0x00000000   Number         0  misc.o ABSOLUTE
    ..\STM32F10x_FWLib\src\stm32f10x_adc.c   0x00000000   Number         0  stm32f10x_adc.o ABSOLUTE
    ..\STM32F10x_FWLib\src\stm32f10x_bkp.c   0x00000000   Number         0  stm32f10x_bkp.o ABSOLUTE
    ..\STM32F10x_FWLib\src\stm32f10x_crc.c   0x00000000   Number         0  stm32f10x_crc.o ABSOLUTE
    ..\STM32F10x_FWLib\src\stm32f10x_dma.c   0x00000000   Number         0  stm32f10x_dma.o ABSOLUTE
    ..\STM32F10x_FWLib\src\stm32f10x_exti.c  0x00000000   Number         0  stm32f10x_exti.o ABSOLUTE
    ..\STM32F10x_FWLib\src\stm32f10x_flash.c 0x00000000   Number         0  stm32f10x_flash.o ABSOLUTE
    ..\STM32F10x_FWLib\src\stm32f10x_gpio.c  0x00000000   Number         0  stm32f10x_gpio.o ABSOLUTE
    ..\STM32F10x_FWLib\src\stm32f10x_rcc.c   0x00000000   Number         0  stm32f10x_rcc.o ABSOLUTE
    ..\STM32F10x_FWLib\src\stm32f10x_rtc.c   0x00000000   Number         0  stm32f10x_rtc.o ABSOLUTE
    ..\STM32F10x_FWLib\src\stm32f10x_spi.c   0x00000000   Number         0  stm32f10x_spi.o ABSOLUTE
    ..\STM32F10x_FWLib\src\stm32f10x_tim.c   0x00000000   Number         0  stm32f10x_tim.o ABSOLUTE
    ..\STM32F10x_FWLib\src\stm32f10x_usart.c 0x00000000   Number         0  stm32f10x_usart.o ABSOLUTE
    ..\SYSTEM\delay\delay.c                  0x00000000   Number         0  delay.o ABSOLUTE
    ..\SYSTEM\sys\sys.c                      0x00000000   Number         0  sys.o ABSOLUTE
    ..\SYSTEM\usart\usart2_android.c         0x00000000   Number         0  usart2_android.o ABSOLUTE
    ..\SYSTEM\usart\usart3_zigbee.c          0x00000000   Number         0  usart3_zigbee.o ABSOLUTE
    ..\SYSTEM\usart\usart4_ZIG1.c            0x00000000   Number         0  usart4_zig1.o ABSOLUTE
    ..\SYSTEM\usart\usart_cfg.c              0x00000000   Number         0  usart_cfg.o ABSOLUTE
    ..\\CORE\\core_cm3.c                     0x00000000   Number         0  core_cm3.o ABSOLUTE
    dc.s                                     0x00000000   Number         0  dc.o ABSOLUTE
    main.c                                   0x00000000   Number         0  main.o ABSOLUTE
    stm32f10x_it.c                           0x00000000   Number         0  stm32f10x_it.o ABSOLUTE
    system_stm32f10x.c                       0x00000000   Number         0  system_stm32f10x.o ABSOLUTE
    RESET                                    0x08000000   Section      304  startup_stm32f10x_hd.o(RESET)
    !!!main                                  0x08000130   Section        8  __main.o(!!!main)
    !!!scatter                               0x08000138   Section       52  __scatter.o(!!!scatter)
    !!handler_copy                           0x0800016c   Section       26  __scatter_copy.o(!!handler_copy)
    !!handler_zi                             0x08000188   Section       28  __scatter_zi.o(!!handler_zi)
    .ARM.Collect$$_printf_percent$$00000000  0x080001a4   Section        0  _printf_percent.o(.ARM.Collect$$_printf_percent$$00000000)
    .ARM.Collect$$_printf_percent$$0000000C  0x080001a4   Section        6  _printf_x.o(.ARM.Collect$$_printf_percent$$0000000C)
    .ARM.Collect$$_printf_percent$$00000017  0x080001aa   Section        4  _printf_percent_end.o(.ARM.Collect$$_printf_percent$$00000017)
    .ARM.Collect$$libinit$$00000000          0x080001ae   Section        2  libinit.o(.ARM.Collect$$libinit$$00000000)
    .ARM.Collect$$libinit$$00000002          0x080001b0   Section        0  libinit2.o(.ARM.Collect$$libinit$$00000002)
    .ARM.Collect$$libinit$$00000004          0x080001b0   Section        0  libinit2.o(.ARM.Collect$$libinit$$00000004)
    .ARM.Collect$$libinit$$0000000A          0x080001b0   Section        0  libinit2.o(.ARM.Collect$$libinit$$0000000A)
    .ARM.Collect$$libinit$$0000000C          0x080001b0   Section        0  libinit2.o(.ARM.Collect$$libinit$$0000000C)
    .ARM.Collect$$libinit$$0000000E          0x080001b0   Section        0  libinit2.o(.ARM.Collect$$libinit$$0000000E)
    .ARM.Collect$$libinit$$0000000F          0x080001b0   Section        6  libinit2.o(.ARM.Collect$$libinit$$0000000F)
    .ARM.Collect$$libinit$$00000011          0x080001b6   Section        0  libinit2.o(.ARM.Collect$$libinit$$00000011)
    .ARM.Collect$$libinit$$00000012          0x080001b6   Section       12  libinit2.o(.ARM.Collect$$libinit$$00000012)
    .ARM.Collect$$libinit$$00000013          0x080001c2   Section        0  libinit2.o(.ARM.Collect$$libinit$$00000013)
    .ARM.Collect$$libinit$$00000015          0x080001c2   Section        0  libinit2.o(.ARM.Collect$$libinit$$00000015)
    .ARM.Collect$$libinit$$00000017          0x080001c2   Section        0  libinit2.o(.ARM.Collect$$libinit$$00000017)
    .ARM.Collect$$libinit$$00000019          0x080001c2   Section        0  libinit2.o(.ARM.Collect$$libinit$$00000019)
    .ARM.Collect$$libinit$$0000001B          0x080001c2   Section        0  libinit2.o(.ARM.Collect$$libinit$$0000001B)
    .ARM.Collect$$libinit$$0000001D          0x080001c2   Section        0  libinit2.o(.ARM.Collect$$libinit$$0000001D)
    .ARM.Collect$$libinit$$0000001F          0x080001c2   Section        0  libinit2.o(.ARM.Collect$$libinit$$0000001F)
    .ARM.Collect$$libinit$$00000021          0x080001c2   Section        0  libinit2.o(.ARM.Collect$$libinit$$00000021)
    .ARM.Collect$$libinit$$00000023          0x080001c2   Section        0  libinit2.o(.ARM.Collect$$libinit$$00000023)
    .ARM.Collect$$libinit$$00000025          0x080001c2   Section        0  libinit2.o(.ARM.Collect$$libinit$$00000025)
    .ARM.Collect$$libinit$$0000002C          0x080001c2   Section        0  libinit2.o(.ARM.Collect$$libinit$$0000002C)
    .ARM.Collect$$libinit$$0000002E          0x080001c2   Section        0  libinit2.o(.ARM.Collect$$libinit$$0000002E)
    .ARM.Collect$$libinit$$00000030          0x080001c2   Section        0  libinit2.o(.ARM.Collect$$libinit$$00000030)
    .ARM.Collect$$libinit$$00000032          0x080001c2   Section        0  libinit2.o(.ARM.Collect$$libinit$$00000032)
    .ARM.Collect$$libinit$$00000033          0x080001c2   Section        2  libinit2.o(.ARM.Collect$$libinit$$00000033)
    .ARM.Collect$$libshutdown$$00000000      0x080001c4   Section        2  libshutdown.o(.ARM.Collect$$libshutdown$$00000000)
    .ARM.Collect$$libshutdown$$00000003      0x080001c6   Section        0  libshutdown2.o(.ARM.Collect$$libshutdown$$00000003)
    .ARM.Collect$$libshutdown$$00000006      0x080001c6   Section        0  libshutdown2.o(.ARM.Collect$$libshutdown$$00000006)
    .ARM.Collect$$libshutdown$$00000009      0x080001c6   Section        0  libshutdown2.o(.ARM.Collect$$libshutdown$$00000009)
    .ARM.Collect$$libshutdown$$0000000B      0x080001c6   Section        0  libshutdown2.o(.ARM.Collect$$libshutdown$$0000000B)
    .ARM.Collect$$libshutdown$$0000000E      0x080001c6   Section        0  libshutdown2.o(.ARM.Collect$$libshutdown$$0000000E)
    .ARM.Collect$$libshutdown$$0000000F      0x080001c6   Section        2  libshutdown2.o(.ARM.Collect$$libshutdown$$0000000F)
    .ARM.Collect$$rtentry$$00000000          0x080001c8   Section        0  __rtentry.o(.ARM.Collect$$rtentry$$00000000)
    .ARM.Collect$$rtentry$$00000002          0x080001c8   Section        0  __rtentry2.o(.ARM.Collect$$rtentry$$00000002)
    .ARM.Collect$$rtentry$$00000004          0x080001c8   Section        6  __rtentry4.o(.ARM.Collect$$rtentry$$00000004)
    .ARM.Collect$$rtentry$$00000009          0x080001ce   Section        0  __rtentry2.o(.ARM.Collect$$rtentry$$00000009)
    .ARM.Collect$$rtentry$$0000000A          0x080001ce   Section        4  __rtentry2.o(.ARM.Collect$$rtentry$$0000000A)
    .ARM.Collect$$rtentry$$0000000C          0x080001d2   Section        0  __rtentry2.o(.ARM.Collect$$rtentry$$0000000C)
    .ARM.Collect$$rtentry$$0000000D          0x080001d2   Section        8  __rtentry2.o(.ARM.Collect$$rtentry$$0000000D)
    .ARM.Collect$$rtexit$$00000000           0x080001da   Section        2  rtexit.o(.ARM.Collect$$rtexit$$00000000)
    .ARM.Collect$$rtexit$$00000002           0x080001dc   Section        0  rtexit2.o(.ARM.Collect$$rtexit$$00000002)
    .ARM.Collect$$rtexit$$00000003           0x080001dc   Section        4  rtexit2.o(.ARM.Collect$$rtexit$$00000003)
    .ARM.Collect$$rtexit$$00000004           0x080001e0   Section        6  rtexit2.o(.ARM.Collect$$rtexit$$00000004)
    .text                                    0x080001e8   Section        0  main.o(.text)
    .text                                    0x08000358   Section        0  stm32f10x_it.o(.text)
    .text                                    0x08000374   Section        0  system_stm32f10x.o(.text)
    SetSysClockTo72                          0x08000375   Thumb Code   214  system_stm32f10x.o(.text)
    SetSysClock                              0x0800044b   Thumb Code     8  system_stm32f10x.o(.text)
    .text                                    0x08000554   Section        0  led.o(.text)
    .text                                    0x08000628   Section        0  dma.o(.text)
    .text                                    0x08000698   Section        0  usart1.o(.text)
    .text                                    0x080007d8   Section        0  timer.o(.text)
    .text                                    0x08000a2c   Section        0  delay.o(.text)
    .text                                    0x08000b00   Section        0  sys.o(.text)
    .text                                    0x08000b0c   Section        0  usart4_zig1.o(.text)
    .text                                    0x08001244   Section        0  usart_cfg.o(.text)
    .text                                    0x08001770   Section        0  usart3_zigbee.o(.text)
    .text                                    0x08001fec   Section        0  usart2_android.o(.text)
    .text                                    0x08002574   Section       64  startup_stm32f10x_hd.o(.text)
    .text                                    0x080025b4   Section        0  misc.o(.text)
    .text                                    0x08002690   Section        0  stm32f10x_gpio.o(.text)
    .text                                    0x080029ec   Section        0  stm32f10x_rcc.o(.text)
    .text                                    0x08002d90   Section        0  stm32f10x_usart.o(.text)
    .text                                    0x08003198   Section        0  stm32f10x_dma.o(.text)
    .text                                    0x080033ec   Section        0  stm32f10x_tim.o(.text)
    TI4_Config                               0x08003893   Thumb Code   130  stm32f10x_tim.o(.text)
    TI3_Config                               0x08003927   Thumb Code   122  stm32f10x_tim.o(.text)
    TI2_Config                               0x080039bb   Thumb Code   130  stm32f10x_tim.o(.text)
    TI1_Config                               0x08003a4f   Thumb Code   108  stm32f10x_tim.o(.text)
    .text                                    0x08004206   Section        2  use_no_semi_2.o(.text)
    .text                                    0x08004208   Section        0  toupper.o(.text)
    .text                                    0x08004228   Section        0  noretval__2printf.o(.text)
    .text                                    0x08004240   Section        0  _printf_pad.o(.text)
    .text                                    0x08004290   Section        0  _printf_hex_int.o(.text)
    .text                                    0x080042e8   Section        0  __printf_wp.o(.text)
    .text                                    0x080043f6   Section      138  rt_memcpy_v6.o(.text)
    .text                                    0x08004480   Section       68  rt_memclr.o(.text)
    .text                                    0x080044c4   Section       78  rt_memclr_w.o(.text)
    .text                                    0x08004512   Section        0  heapauxi.o(.text)
    .text                                    0x08004518   Section        2  use_no_semi.o(.text)
    .text                                    0x0800451c   Section       16  rt_ctype_table.o(.text)
    .text                                    0x0800452c   Section        0  _printf_intcommon.o(.text)
    .text                                    0x080045e0   Section        0  _printf_char_file.o(.text)
    .text                                    0x08004604   Section      100  rt_memcpy_w.o(.text)
    .text                                    0x08004668   Section        8  rt_locale_intlibspace.o(.text)
    .text                                    0x08004670   Section        0  _printf_char_common.o(.text)
    _printf_input_char                       0x08004671   Thumb Code    10  _printf_char_common.o(.text)
    .text                                    0x080046a0   Section        0  ferror.o(.text)
    .text                                    0x080046a8   Section        8  libspace.o(.text)
    .text                                    0x080046b0   Section       74  sys_stackheap_outer.o(.text)
    .text                                    0x080046fa   Section        0  exit.o(.text)
    .text                                    0x08004708   Section      128  strcmpv7m.o(.text)
    i._is_digit                              0x08004788   Section        0  __printf_wp.o(i._is_digit)
    locale$$code                             0x08004798   Section       44  lc_ctype_c.o(locale$$code)
    .constdata                               0x080047c4   Section       12  main.o(.constdata)
    .constdata                               0x080047d0   Section       40  _printf_hex_int.o(.constdata)
    uc_hextab                                0x080047d0   Data          20  _printf_hex_int.o(.constdata)
    lc_hextab                                0x080047e4   Data          20  _printf_hex_int.o(.constdata)
    locale$$data                             0x08004818   Section      272  lc_ctype_c.o(locale$$data)
    __lcctype_c_name                         0x0800481c   Data           2  lc_ctype_c.o(locale$$data)
    __lcctype_c_start                        0x08004824   Data           0  lc_ctype_c.o(locale$$data)
    __lcctype_c_end                          0x08004928   Data           0  lc_ctype_c.o(locale$$data)
    .data                                    0x20000000   Section       21  main.o(.data)
    .data                                    0x20000018   Section       20  system_stm32f10x.o(.data)
    .data                                    0x2000002c   Section        6  usart1.o(.data)
    .data                                    0x20000032   Section        4  timer.o(.data)
    t_10us                                   0x20000032   Data           2  timer.o(.data)
    t_500ms                                  0x20000034   Data           2  timer.o(.data)
    .data                                    0x20000036   Section        4  delay.o(.data)
    fac_us                                   0x20000036   Data           1  delay.o(.data)
    fac_ms                                   0x20000038   Data           2  delay.o(.data)
    .data                                    0x2000003a   Section       20  stm32f10x_rcc.o(.data)
    APBAHBPrescTable                         0x2000003a   Data          16  stm32f10x_rcc.o(.data)
    ADCPrescTable                            0x2000004a   Data           4  stm32f10x_rcc.o(.data)
    .bss                                     0x20000050   Section     2074  main.o(.bss)
    .bss                                     0x2000086c   Section       44  dma.o(.bss)
    .bss                                     0x20000898   Section      200  usart1.o(.bss)
    .bss                                     0x20000960   Section     7359  usart_cfg.o(.bss)
    .bss                                     0x2000261f   Section       32  usart2_android.o(.bss)
    .bss                                     0x20002640   Section       96  libspace.o(.bss)
    HEAP                                     0x200026a0   Section      512  startup_stm32f10x_hd.o(HEAP)
    Heap_Mem                                 0x200026a0   Data         512  startup_stm32f10x_hd.o(HEAP)
    STACK                                    0x200028a0   Section     2048  startup_stm32f10x_hd.o(STACK)
    Stack_Mem                                0x200028a0   Data        2048  startup_stm32f10x_hd.o(STACK)
    __initial_sp                             0x200030a0   Data           0  startup_stm32f10x_hd.o(STACK)

    Global Symbols

    Symbol Name                              Value     Ov Type        Size  Object(Section)

    BuildAttributes$$THM_ISAv4$P$D$K$B$S$PE$A:L22UL41UL21$X:L11$S22US41US21$IEEE1$IW$USESV6$~STKCKD$USESV7$~SHL$OSPACE$ROPI$EBA8$UX$STANDARDLIB$REQ8$PRES8$EABIv2 0x00000000   Number         0  anon$$obj.o ABSOLUTE
    __ARM_use_no_argv                        0x00000000   Number         0  main.o ABSOLUTE
    _printf_flags                            0x00000000   Number         0  printf_stubs.o ABSOLUTE
    _printf_return_value                     0x00000000   Number         0  printf_stubs.o ABSOLUTE
    _printf_sizespec                         0x00000000   Number         0  printf_stubs.o ABSOLUTE
    _printf_widthprec                        0x00000000   Number         0  printf_stubs.o ABSOLUTE
    __ARM_exceptions_init                     - Undefined Weak Reference
    __alloca_initialize                       - Undefined Weak Reference
    __arm_preinit_                            - Undefined Weak Reference
    __cpp_initialize__aeabi_                  - Undefined Weak Reference
    __cxa_finalize                            - Undefined Weak Reference
    __sigvec_lookup                           - Undefined Weak Reference
    _atexit_init                              - Undefined Weak Reference
    _call_atexit_fns                          - Undefined Weak Reference
    _clock_init                               - Undefined Weak Reference
    _fp_trap_init                             - Undefined Weak Reference
    _fp_trap_shutdown                         - Undefined Weak Reference
    _get_lc_collate                           - Undefined Weak Reference
    _get_lc_monetary                          - Undefined Weak Reference
    _get_lc_numeric                           - Undefined Weak Reference
    _get_lc_time                              - Undefined Weak Reference
    _getenv_init                              - Undefined Weak Reference
    _handle_redirection                       - Undefined Weak Reference
    _init_alloc                               - Undefined Weak Reference
    _init_user_alloc                          - Undefined Weak Reference
    _initio                                   - Undefined Weak Reference
    _mutex_acquire                            - Undefined Weak Reference
    _mutex_release                            - Undefined Weak Reference
    _printf_truncate_unsigned                 - Undefined Weak Reference
    _rand_init                                - Undefined Weak Reference
    _signal_finish                            - Undefined Weak Reference
    _signal_init                              - Undefined Weak Reference
    _terminate_alloc                          - Undefined Weak Reference
    _terminate_user_alloc                     - Undefined Weak Reference
    _terminateio                              - Undefined Weak Reference
    __Vectors_Size                           0x00000130   Number         0  startup_stm32f10x_hd.o ABSOLUTE
    __Vectors                                0x08000000   Data           4  startup_stm32f10x_hd.o(RESET)
    __Vectors_End                            0x08000130   Data           0  startup_stm32f10x_hd.o(RESET)
    __main                                   0x08000131   Thumb Code     8  __main.o(!!!main)
    __scatterload                            0x08000139   Thumb Code     0  __scatter.o(!!!scatter)
    __scatterload_rt2                        0x08000139   Thumb Code    44  __scatter.o(!!!scatter)
    __scatterload_rt2_thumb_only             0x08000139   Thumb Code     0  __scatter.o(!!!scatter)
    __scatterload_null                       0x08000147   Thumb Code     0  __scatter.o(!!!scatter)
    __scatterload_copy                       0x0800016d   Thumb Code    26  __scatter_copy.o(!!handler_copy)
    __scatterload_zeroinit                   0x08000189   Thumb Code    28  __scatter_zi.o(!!handler_zi)
    _printf_percent                          0x080001a5   Thumb Code     0  _printf_percent.o(.ARM.Collect$$_printf_percent$$00000000)
    _printf_x                                0x080001a5   Thumb Code     0  _printf_x.o(.ARM.Collect$$_printf_percent$$0000000C)
    _printf_percent_end                      0x080001ab   Thumb Code     0  _printf_percent_end.o(.ARM.Collect$$_printf_percent$$00000017)
    __rt_lib_init                            0x080001af   Thumb Code     0  libinit.o(.ARM.Collect$$libinit$$00000000)
    __rt_lib_init_fp_1                       0x080001b1   Thumb Code     0  libinit2.o(.ARM.Collect$$libinit$$00000002)
    __rt_lib_init_heap_1                     0x080001b1   Thumb Code     0  libinit2.o(.ARM.Collect$$libinit$$0000000A)
    __rt_lib_init_lc_common                  0x080001b1   Thumb Code     0  libinit2.o(.ARM.Collect$$libinit$$0000000F)
    __rt_lib_init_preinit_1                  0x080001b1   Thumb Code     0  libinit2.o(.ARM.Collect$$libinit$$00000004)
    __rt_lib_init_rand_1                     0x080001b1   Thumb Code     0  libinit2.o(.ARM.Collect$$libinit$$0000000E)
    __rt_lib_init_user_alloc_1               0x080001b1   Thumb Code     0  libinit2.o(.ARM.Collect$$libinit$$0000000C)
    __rt_lib_init_lc_collate_1               0x080001b7   Thumb Code     0  libinit2.o(.ARM.Collect$$libinit$$00000011)
    __rt_lib_init_lc_ctype_2                 0x080001b7   Thumb Code     0  libinit2.o(.ARM.Collect$$libinit$$00000012)
    __rt_lib_init_alloca_1                   0x080001c3   Thumb Code     0  libinit2.o(.ARM.Collect$$libinit$$0000002E)
    __rt_lib_init_argv_1                     0x080001c3   Thumb Code     0  libinit2.o(.ARM.Collect$$libinit$$0000002C)
    __rt_lib_init_atexit_1                   0x080001c3   Thumb Code     0  libinit2.o(.ARM.Collect$$libinit$$0000001B)
    __rt_lib_init_clock_1                    0x080001c3   Thumb Code     0  libinit2.o(.ARM.Collect$$libinit$$00000021)
    __rt_lib_init_cpp_1                      0x080001c3   Thumb Code     0  libinit2.o(.ARM.Collect$$libinit$$00000032)
    __rt_lib_init_exceptions_1               0x080001c3   Thumb Code     0  libinit2.o(.ARM.Collect$$libinit$$00000030)
    __rt_lib_init_fp_trap_1                  0x080001c3   Thumb Code     0  libinit2.o(.ARM.Collect$$libinit$$0000001F)
    __rt_lib_init_getenv_1                   0x080001c3   Thumb Code     0  libinit2.o(.ARM.Collect$$libinit$$00000023)
    __rt_lib_init_lc_ctype_1                 0x080001c3   Thumb Code     0  libinit2.o(.ARM.Collect$$libinit$$00000013)
    __rt_lib_init_lc_monetary_1              0x080001c3   Thumb Code     0  libinit2.o(.ARM.Collect$$libinit$$00000015)
    __rt_lib_init_lc_numeric_1               0x080001c3   Thumb Code     0  libinit2.o(.ARM.Collect$$libinit$$00000017)
    __rt_lib_init_lc_time_1                  0x080001c3   Thumb Code     0  libinit2.o(.ARM.Collect$$libinit$$00000019)
    __rt_lib_init_return                     0x080001c3   Thumb Code     0  libinit2.o(.ARM.Collect$$libinit$$00000033)
    __rt_lib_init_signal_1                   0x080001c3   Thumb Code     0  libinit2.o(.ARM.Collect$$libinit$$0000001D)
    __rt_lib_init_stdio_1                    0x080001c3   Thumb Code     0  libinit2.o(.ARM.Collect$$libinit$$00000025)
    __rt_lib_shutdown                        0x080001c5   Thumb Code     0  libshutdown.o(.ARM.Collect$$libshutdown$$00000000)
    __rt_lib_shutdown_fp_trap_1              0x080001c7   Thumb Code     0  libshutdown2.o(.ARM.Collect$$libshutdown$$00000006)
    __rt_lib_shutdown_heap_1                 0x080001c7   Thumb Code     0  libshutdown2.o(.ARM.Collect$$libshutdown$$0000000E)
    __rt_lib_shutdown_return                 0x080001c7   Thumb Code     0  libshutdown2.o(.ARM.Collect$$libshutdown$$0000000F)
    __rt_lib_shutdown_signal_1               0x080001c7   Thumb Code     0  libshutdown2.o(.ARM.Collect$$libshutdown$$00000009)
    __rt_lib_shutdown_stdio_1                0x080001c7   Thumb Code     0  libshutdown2.o(.ARM.Collect$$libshutdown$$00000003)
    __rt_lib_shutdown_user_alloc_1           0x080001c7   Thumb Code     0  libshutdown2.o(.ARM.Collect$$libshutdown$$0000000B)
    __rt_entry                               0x080001c9   Thumb Code     0  __rtentry.o(.ARM.Collect$$rtentry$$00000000)
    __rt_entry_presh_1                       0x080001c9   Thumb Code     0  __rtentry2.o(.ARM.Collect$$rtentry$$00000002)
    __rt_entry_sh                            0x080001c9   Thumb Code     0  __rtentry4.o(.ARM.Collect$$rtentry$$00000004)
    __rt_entry_li                            0x080001cf   Thumb Code     0  __rtentry2.o(.ARM.Collect$$rtentry$$0000000A)
    __rt_entry_postsh_1                      0x080001cf   Thumb Code     0  __rtentry2.o(.ARM.Collect$$rtentry$$00000009)
    __rt_entry_main                          0x080001d3   Thumb Code     0  __rtentry2.o(.ARM.Collect$$rtentry$$0000000D)
    __rt_entry_postli_1                      0x080001d3   Thumb Code     0  __rtentry2.o(.ARM.Collect$$rtentry$$0000000C)
    __rt_exit                                0x080001db   Thumb Code     0  rtexit.o(.ARM.Collect$$rtexit$$00000000)
    __rt_exit_ls                             0x080001dd   Thumb Code     0  rtexit2.o(.ARM.Collect$$rtexit$$00000003)
    __rt_exit_prels_1                        0x080001dd   Thumb Code     0  rtexit2.o(.ARM.Collect$$rtexit$$00000002)
    __rt_exit_exit                           0x080001e1   Thumb Code     0  rtexit2.o(.ARM.Collect$$rtexit$$00000004)
    cnt_delay                                0x080001e9   Thumb Code    28  main.o(.text)
    HAL_GetUID                               0x08000205   Thumb Code    24  main.o(.text)
    Init                                     0x0800021d   Thumb Code    54  main.o(.text)
    main                                     0x08000253   Thumb Code   196  main.o(.text)
    main_CHECK_BUF_VALID                     0x08000317   Thumb Code    28  main.o(.text)
    NMI_Handler                              0x08000359   Thumb Code     2  stm32f10x_it.o(.text)
    HardFault_Handler                        0x0800035b   Thumb Code     4  stm32f10x_it.o(.text)
    MemManage_Handler                        0x0800035f   Thumb Code     4  stm32f10x_it.o(.text)
    BusFault_Handler                         0x08000363   Thumb Code     4  stm32f10x_it.o(.text)
    UsageFault_Handler                       0x08000367   Thumb Code     4  stm32f10x_it.o(.text)
    SVC_Handler                              0x0800036b   Thumb Code     2  stm32f10x_it.o(.text)
    DebugMon_Handler                         0x0800036d   Thumb Code     2  stm32f10x_it.o(.text)
    PendSV_Handler                           0x0800036f   Thumb Code     2  stm32f10x_it.o(.text)
    SysTick_Handler                          0x08000371   Thumb Code     2  stm32f10x_it.o(.text)
    SystemInit                               0x08000453   Thumb Code    78  system_stm32f10x.o(.text)
    SystemCoreClockUpdate                    0x080004a1   Thumb Code   142  system_stm32f10x.o(.text)
    IO_Init                                  0x08000555   Thumb Code   188  led.o(.text)
    MYDMA_Config                             0x08000629   Thumb Code    84  dma.o(.text)
    MYDMATX_Enable                           0x0800067d   Thumb Code    24  dma.o(.text)
    _sys_exit                                0x08000699   Thumb Code     6  usart1.o(.text)
    fputc                                    0x0800069f   Thumb Code    24  usart1.o(.text)
    uart1_init                               0x080006b7   Thumb Code   152  usart1.o(.text)
    USART1_IRQHandler                        0x0800074f   Thumb Code   122  usart1.o(.text)
    TIM2_Int_Init                            0x080007d9   Thumb Code    90  timer.o(.text)
    TIM3_Int_Init                            0x08000833   Thumb Code    86  timer.o(.text)
    TIM8_PWM_Init                            0x08000889   Thumb Code   154  timer.o(.text)
    ENTER_critical_offtim2                   0x08000923   Thumb Code    14  timer.o(.text)
    EXTI_critical_offtim2                    0x08000931   Thumb Code    12  timer.o(.text)
    TIM2_IRQHandler                          0x0800093d   Thumb Code   168  timer.o(.text)
    TIM3_IRQHandler                          0x080009e5   Thumb Code    22  timer.o(.text)
    delay_init                               0x08000a2d   Thumb Code    50  delay.o(.text)
    delay_us                                 0x08000a5f   Thumb Code    72  delay.o(.text)
    delay_ms                                 0x08000aa7   Thumb Code    72  delay.o(.text)
    NVIC_Configuration                       0x08000b01   Thumb Code    12  sys.o(.text)
    ZIG1_StrToHex                            0x08000b0d   Thumb Code    80  usart4_zig1.o(.text)
    ZIG1_HexToStr                            0x08000b5d   Thumb Code    82  usart4_zig1.o(.text)
    ZIG1_CHECK_BUF_VALID                     0x08000baf   Thumb Code    28  usart4_zig1.o(.text)
    ZIG1_crc8                                0x08000bcb   Thumb Code    56  usart4_zig1.o(.text)
    ZIG1_CANCEL_SD_buf                       0x08000c03   Thumb Code   108  usart4_zig1.o(.text)
    ZIG1_ACK_load_buf                        0x08000c6f   Thumb Code   140  usart4_zig1.o(.text)
    ZIG1_UART_RX_load_buf                    0x08000cfb   Thumb Code   114  usart4_zig1.o(.text)
    UART4_IRQHandler                         0x08000d6d   Thumb Code   288  usart4_zig1.o(.text)
    DMA2_Channel4_5_IRQHandler               0x08000e8d   Thumb Code    34  usart4_zig1.o(.text)
    ZIG1_uart_timeout_fution                 0x08000eaf   Thumb Code    12  usart4_zig1.o(.text)
    ZIG1_dma_send_buf                        0x08000ebb   Thumb Code   418  usart4_zig1.o(.text)
    ZIG1_SD_load_buf                         0x0800105d   Thumb Code   314  usart4_zig1.o(.text)
    ZIG1_msg_process                         0x08001197   Thumb Code    76  usart4_zig1.o(.text)
    ZIG1_uart_fuc                            0x080011e3   Thumb Code    86  usart4_zig1.o(.text)
    uart4_init                               0x08001245   Thumb Code   360  usart_cfg.o(.text)
    uart3_init                               0x080013ad   Thumb Code   376  usart_cfg.o(.text)
    uart2_init                               0x08001525   Thumb Code   420  usart_cfg.o(.text)
    disable_all_uart_interupt                0x080016c9   Thumb Code    72  usart_cfg.o(.text)
    enable_all_uart_interupt                 0x08001711   Thumb Code    72  usart_cfg.o(.text)
    zigbee_StrToHex                          0x08001771   Thumb Code    80  usart3_zigbee.o(.text)
    zigbee_HexToStr                          0x080017c1   Thumb Code    82  usart3_zigbee.o(.text)
    zigbee_CHECK_BUF_VALID                   0x08001813   Thumb Code    28  usart3_zigbee.o(.text)
    zigbee_crc8                              0x0800182f   Thumb Code    56  usart3_zigbee.o(.text)
    debug_uart3_Rxbuff                       0x08001867   Thumb Code    56  usart3_zigbee.o(.text)
    zigbee_CANCEL_SD_buf                     0x0800189f   Thumb Code   114  usart3_zigbee.o(.text)
    zigbee_ACK_load_buf                      0x08001911   Thumb Code   140  usart3_zigbee.o(.text)
    zigbee_UART_RX_load_buf                  0x0800199d   Thumb Code   124  usart3_zigbee.o(.text)
    USART3_IRQHandler                        0x08001a19   Thumb Code   290  usart3_zigbee.o(.text)
    DMA1_Channel2_IRQHandler                 0x08001b3b   Thumb Code    48  usart3_zigbee.o(.text)
    zigbee_uart_timeout_fution               0x08001b6b   Thumb Code    12  usart3_zigbee.o(.text)
    debug_uart3_Sendbuff                     0x08001b77   Thumb Code    60  usart3_zigbee.o(.text)
    zigbee_dma_send_buf                      0x08001bb3   Thumb Code   472  usart3_zigbee.o(.text)
    zigbee_SD_load_buf                       0x08001d8b   Thumb Code   314  usart3_zigbee.o(.text)
    zigbee_msg_process                       0x08001ec5   Thumb Code   146  usart3_zigbee.o(.text)
    zigbee_uart_fuc                          0x08001f57   Thumb Code    92  usart3_zigbee.o(.text)
    android_CHECK_BUF_VALID                  0x08001fed   Thumb Code    28  usart2_android.o(.text)
    android_crc8                             0x08002009   Thumb Code    56  usart2_android.o(.text)
    android_RX_load_buf                      0x08002041   Thumb Code    90  usart2_android.o(.text)
    USART2_IRQHandler                        0x0800209b   Thumb Code   200  usart2_android.o(.text)
    DMA1_Channel7_IRQHandler                 0x08002163   Thumb Code    52  usart2_android.o(.text)
    android_timeout_fution                   0x08002197   Thumb Code    12  usart2_android.o(.text)
    debug_uart2_Sendbuff                     0x080021a3   Thumb Code    58  usart2_android.o(.text)
    android_dma_send_buf                     0x080021dd   Thumb Code   260  usart2_android.o(.text)
    android_SD_load_buf                      0x080022e1   Thumb Code   320  usart2_android.o(.text)
    android__msg_process                     0x08002421   Thumb Code   214  usart2_android.o(.text)
    android_uart_fuc                         0x080024f7   Thumb Code    86  usart2_android.o(.text)
    Reset_Handler                            0x08002575   Thumb Code     8  startup_stm32f10x_hd.o(.text)
    ADC1_2_IRQHandler                        0x0800258f   Thumb Code     0  startup_stm32f10x_hd.o(.text)
    ADC3_IRQHandler                          0x0800258f   Thumb Code     0  startup_stm32f10x_hd.o(.text)
    CAN1_RX1_IRQHandler                      0x0800258f   Thumb Code     0  startup_stm32f10x_hd.o(.text)
    CAN1_SCE_IRQHandler                      0x0800258f   Thumb Code     0  startup_stm32f10x_hd.o(.text)
    DMA1_Channel1_IRQHandler                 0x0800258f   Thumb Code     0  startup_stm32f10x_hd.o(.text)
    DMA1_Channel3_IRQHandler                 0x0800258f   Thumb Code     0  startup_stm32f10x_hd.o(.text)
    DMA1_Channel4_IRQHandler                 0x0800258f   Thumb Code     0  startup_stm32f10x_hd.o(.text)
    DMA1_Channel5_IRQHandler                 0x0800258f   Thumb Code     0  startup_stm32f10x_hd.o(.text)
    DMA1_Channel6_IRQHandler                 0x0800258f   Thumb Code     0  startup_stm32f10x_hd.o(.text)
    DMA2_Channel1_IRQHandler                 0x0800258f   Thumb Code     0  startup_stm32f10x_hd.o(.text)
    DMA2_Channel2_IRQHandler                 0x0800258f   Thumb Code     0  startup_stm32f10x_hd.o(.text)
    DMA2_Channel3_IRQHandler                 0x0800258f   Thumb Code     0  startup_stm32f10x_hd.o(.text)
    EXTI0_IRQHandler                         0x0800258f   Thumb Code     0  startup_stm32f10x_hd.o(.text)
    EXTI15_10_IRQHandler                     0x0800258f   Thumb Code     0  startup_stm32f10x_hd.o(.text)
    EXTI1_IRQHandler                         0x0800258f   Thumb Code     0  startup_stm32f10x_hd.o(.text)
    EXTI2_IRQHandler                         0x0800258f   Thumb Code     0  startup_stm32f10x_hd.o(.text)
    EXTI3_IRQHandler                         0x0800258f   Thumb Code     0  startup_stm32f10x_hd.o(.text)
    EXTI4_IRQHandler                         0x0800258f   Thumb Code     0  startup_stm32f10x_hd.o(.text)
    EXTI9_5_IRQHandler                       0x0800258f   Thumb Code     0  startup_stm32f10x_hd.o(.text)
    FLASH_IRQHandler                         0x0800258f   Thumb Code     0  startup_stm32f10x_hd.o(.text)
    FSMC_IRQHandler                          0x0800258f   Thumb Code     0  startup_stm32f10x_hd.o(.text)
    I2C1_ER_IRQHandler                       0x0800258f   Thumb Code     0  startup_stm32f10x_hd.o(.text)
    I2C1_EV_IRQHandler                       0x0800258f   Thumb Code     0  startup_stm32f10x_hd.o(.text)
    I2C2_ER_IRQHandler                       0x0800258f   Thumb Code     0  startup_stm32f10x_hd.o(.text)
    I2C2_EV_IRQHandler                       0x0800258f   Thumb Code     0  startup_stm32f10x_hd.o(.text)
    PVD_IRQHandler                           0x0800258f   Thumb Code     0  startup_stm32f10x_hd.o(.text)
    RCC_IRQHandler                           0x0800258f   Thumb Code     0  startup_stm32f10x_hd.o(.text)
    RTCAlarm_IRQHandler                      0x0800258f   Thumb Code     0  startup_stm32f10x_hd.o(.text)
    RTC_IRQHandler                           0x0800258f   Thumb Code     0  startup_stm32f10x_hd.o(.text)
    SDIO_IRQHandler                          0x0800258f   Thumb Code     0  startup_stm32f10x_hd.o(.text)
    SPI1_IRQHandler                          0x0800258f   Thumb Code     0  startup_stm32f10x_hd.o(.text)
    SPI2_IRQHandler                          0x0800258f   Thumb Code     0  startup_stm32f10x_hd.o(.text)
    SPI3_IRQHandler                          0x0800258f   Thumb Code     0  startup_stm32f10x_hd.o(.text)
    TAMPER_IRQHandler                        0x0800258f   Thumb Code     0  startup_stm32f10x_hd.o(.text)
    TIM1_BRK_IRQHandler                      0x0800258f   Thumb Code     0  startup_stm32f10x_hd.o(.text)
    TIM1_CC_IRQHandler                       0x0800258f   Thumb Code     0  startup_stm32f10x_hd.o(.text)
    TIM1_TRG_COM_IRQHandler                  0x0800258f   Thumb Code     0  startup_stm32f10x_hd.o(.text)
    TIM1_UP_IRQHandler                       0x0800258f   Thumb Code     0  startup_stm32f10x_hd.o(.text)
    TIM4_IRQHandler                          0x0800258f   Thumb Code     0  startup_stm32f10x_hd.o(.text)
    TIM5_IRQHandler                          0x0800258f   Thumb Code     0  startup_stm32f10x_hd.o(.text)
    TIM6_IRQHandler                          0x0800258f   Thumb Code     0  startup_stm32f10x_hd.o(.text)
    TIM7_IRQHandler                          0x0800258f   Thumb Code     0  startup_stm32f10x_hd.o(.text)
    TIM8_BRK_IRQHandler                      0x0800258f   Thumb Code     0  startup_stm32f10x_hd.o(.text)
    TIM8_CC_IRQHandler                       0x0800258f   Thumb Code     0  startup_stm32f10x_hd.o(.text)
    TIM8_TRG_COM_IRQHandler                  0x0800258f   Thumb Code     0  startup_stm32f10x_hd.o(.text)
    TIM8_UP_IRQHandler                       0x0800258f   Thumb Code     0  startup_stm32f10x_hd.o(.text)
    UART5_IRQHandler                         0x0800258f   Thumb Code     0  startup_stm32f10x_hd.o(.text)
    USBWakeUp_IRQHandler                     0x0800258f   Thumb Code     0  startup_stm32f10x_hd.o(.text)
    USB_HP_CAN1_TX_IRQHandler                0x0800258f   Thumb Code     0  startup_stm32f10x_hd.o(.text)
    USB_LP_CAN1_RX0_IRQHandler               0x0800258f   Thumb Code     0  startup_stm32f10x_hd.o(.text)
    WWDG_IRQHandler                          0x0800258f   Thumb Code     0  startup_stm32f10x_hd.o(.text)
    __user_initial_stackheap                 0x08002591   Thumb Code     0  startup_stm32f10x_hd.o(.text)
    NVIC_PriorityGroupConfig                 0x080025b5   Thumb Code    10  misc.o(.text)
    NVIC_Init                                0x080025bf   Thumb Code   100  misc.o(.text)
    NVIC_SetVectorTable                      0x08002623   Thumb Code    14  misc.o(.text)
    NVIC_SystemLPConfig                      0x08002631   Thumb Code    34  misc.o(.text)
    SysTick_CLKSourceConfig                  0x08002653   Thumb Code    40  misc.o(.text)
    GPIO_DeInit                              0x08002691   Thumb Code   172  stm32f10x_gpio.o(.text)
    GPIO_AFIODeInit                          0x0800273d   Thumb Code    20  stm32f10x_gpio.o(.text)
    GPIO_Init                                0x08002751   Thumb Code   278  stm32f10x_gpio.o(.text)
    GPIO_StructInit                          0x08002867   Thumb Code    16  stm32f10x_gpio.o(.text)
    GPIO_ReadInputDataBit                    0x08002877   Thumb Code    18  stm32f10x_gpio.o(.text)
    GPIO_ReadInputData                       0x08002889   Thumb Code     8  stm32f10x_gpio.o(.text)
    GPIO_ReadOutputDataBit                   0x08002891   Thumb Code    18  stm32f10x_gpio.o(.text)
    GPIO_ReadOutputData                      0x080028a3   Thumb Code     8  stm32f10x_gpio.o(.text)
    GPIO_SetBits                             0x080028ab   Thumb Code     4  stm32f10x_gpio.o(.text)
    GPIO_ResetBits                           0x080028af   Thumb Code     4  stm32f10x_gpio.o(.text)
    GPIO_WriteBit                            0x080028b3   Thumb Code    10  stm32f10x_gpio.o(.text)
    GPIO_Write                               0x080028bd   Thumb Code     4  stm32f10x_gpio.o(.text)
    GPIO_PinLockConfig                       0x080028c1   Thumb Code    18  stm32f10x_gpio.o(.text)
    GPIO_EventOutputConfig                   0x080028d3   Thumb Code    26  stm32f10x_gpio.o(.text)
    GPIO_EventOutputCmd                      0x080028ed   Thumb Code     6  stm32f10x_gpio.o(.text)
    GPIO_PinRemapConfig                      0x080028f3   Thumb Code   138  stm32f10x_gpio.o(.text)
    GPIO_EXTILineConfig                      0x0800297d   Thumb Code    66  stm32f10x_gpio.o(.text)
    GPIO_ETH_MediaInterfaceConfig            0x080029bf   Thumb Code     8  stm32f10x_gpio.o(.text)
    RCC_DeInit                               0x080029ed   Thumb Code    64  stm32f10x_rcc.o(.text)
    RCC_HSEConfig                            0x08002a2d   Thumb Code    70  stm32f10x_rcc.o(.text)
    RCC_GetFlagStatus                        0x08002a73   Thumb Code    56  stm32f10x_rcc.o(.text)
    RCC_WaitForHSEStartUp                    0x08002aab   Thumb Code    56  stm32f10x_rcc.o(.text)
    RCC_AdjustHSICalibrationValue            0x08002ae3   Thumb Code    20  stm32f10x_rcc.o(.text)
    RCC_HSICmd                               0x08002af7   Thumb Code     6  stm32f10x_rcc.o(.text)
    RCC_PLLConfig                            0x08002afd   Thumb Code    24  stm32f10x_rcc.o(.text)
    RCC_PLLCmd                               0x08002b15   Thumb Code     6  stm32f10x_rcc.o(.text)
    RCC_SYSCLKConfig                         0x08002b1b   Thumb Code    18  stm32f10x_rcc.o(.text)
    RCC_GetSYSCLKSource                      0x08002b2d   Thumb Code    10  stm32f10x_rcc.o(.text)
    RCC_HCLKConfig                           0x08002b37   Thumb Code    18  stm32f10x_rcc.o(.text)
    RCC_PCLK1Config                          0x08002b49   Thumb Code    18  stm32f10x_rcc.o(.text)
    RCC_PCLK2Config                          0x08002b5b   Thumb Code    20  stm32f10x_rcc.o(.text)
    RCC_ITConfig                             0x08002b6f   Thumb Code    26  stm32f10x_rcc.o(.text)
    RCC_USBCLKConfig                         0x08002b89   Thumb Code     8  stm32f10x_rcc.o(.text)
    RCC_ADCCLKConfig                         0x08002b91   Thumb Code    18  stm32f10x_rcc.o(.text)
    RCC_LSEConfig                            0x08002ba3   Thumb Code    50  stm32f10x_rcc.o(.text)
    RCC_LSICmd                               0x08002bd5   Thumb Code     6  stm32f10x_rcc.o(.text)
    RCC_RTCCLKConfig                         0x08002bdb   Thumb Code    12  stm32f10x_rcc.o(.text)
    RCC_RTCCLKCmd                            0x08002be7   Thumb Code     8  stm32f10x_rcc.o(.text)
    RCC_GetClocksFreq                        0x08002bef   Thumb Code   192  stm32f10x_rcc.o(.text)
    RCC_AHBPeriphClockCmd                    0x08002caf   Thumb Code    26  stm32f10x_rcc.o(.text)
    RCC_APB2PeriphClockCmd                   0x08002cc9   Thumb Code    26  stm32f10x_rcc.o(.text)
    RCC_APB1PeriphClockCmd                   0x08002ce3   Thumb Code    26  stm32f10x_rcc.o(.text)
    RCC_APB2PeriphResetCmd                   0x08002cfd   Thumb Code    26  stm32f10x_rcc.o(.text)
    RCC_APB1PeriphResetCmd                   0x08002d17   Thumb Code    26  stm32f10x_rcc.o(.text)
    RCC_BackupResetCmd                       0x08002d31   Thumb Code     8  stm32f10x_rcc.o(.text)
    RCC_ClockSecuritySystemCmd               0x08002d39   Thumb Code     6  stm32f10x_rcc.o(.text)
    RCC_MCOConfig                            0x08002d3f   Thumb Code     6  stm32f10x_rcc.o(.text)
    RCC_ClearFlag                            0x08002d45   Thumb Code    14  stm32f10x_rcc.o(.text)
    RCC_GetITStatus                          0x08002d53   Thumb Code    20  stm32f10x_rcc.o(.text)
    RCC_ClearITPendingBit                    0x08002d67   Thumb Code     6  stm32f10x_rcc.o(.text)
    USART_DeInit                             0x08002d91   Thumb Code   134  stm32f10x_usart.o(.text)
    USART_Init                               0x08002e17   Thumb Code   210  stm32f10x_usart.o(.text)
    USART_StructInit                         0x08002ee9   Thumb Code    24  stm32f10x_usart.o(.text)
    USART_ClockInit                          0x08002f01   Thumb Code    34  stm32f10x_usart.o(.text)
    USART_ClockStructInit                    0x08002f23   Thumb Code    12  stm32f10x_usart.o(.text)
    USART_Cmd                                0x08002f2f   Thumb Code    24  stm32f10x_usart.o(.text)
    USART_ITConfig                           0x08002f47   Thumb Code    74  stm32f10x_usart.o(.text)
    USART_DMACmd                             0x08002f91   Thumb Code    18  stm32f10x_usart.o(.text)
    USART_SetAddress                         0x08002fa3   Thumb Code    18  stm32f10x_usart.o(.text)
    USART_WakeUpConfig                       0x08002fb5   Thumb Code    18  stm32f10x_usart.o(.text)
    USART_ReceiverWakeUpCmd                  0x08002fc7   Thumb Code    24  stm32f10x_usart.o(.text)
    USART_LINBreakDetectLengthConfig         0x08002fdf   Thumb Code    18  stm32f10x_usart.o(.text)
    USART_LINCmd                             0x08002ff1   Thumb Code    24  stm32f10x_usart.o(.text)
    USART_SendData                           0x08003009   Thumb Code     8  stm32f10x_usart.o(.text)
    USART_ReceiveData                        0x08003011   Thumb Code    10  stm32f10x_usart.o(.text)
    USART_SendBreak                          0x0800301b   Thumb Code    10  stm32f10x_usart.o(.text)
    USART_SetGuardTime                       0x08003025   Thumb Code    16  stm32f10x_usart.o(.text)
    USART_SetPrescaler                       0x08003035   Thumb Code    16  stm32f10x_usart.o(.text)
    USART_SmartCardCmd                       0x08003045   Thumb Code    24  stm32f10x_usart.o(.text)
    USART_SmartCardNACKCmd                   0x0800305d   Thumb Code    24  stm32f10x_usart.o(.text)
    USART_HalfDuplexCmd                      0x08003075   Thumb Code    24  stm32f10x_usart.o(.text)
    USART_OverSampling8Cmd                   0x0800308d   Thumb Code    22  stm32f10x_usart.o(.text)
    USART_OneBitMethodCmd                    0x080030a3   Thumb Code    24  stm32f10x_usart.o(.text)
    USART_IrDAConfig                         0x080030bb   Thumb Code    18  stm32f10x_usart.o(.text)
    USART_IrDACmd                            0x080030cd   Thumb Code    24  stm32f10x_usart.o(.text)
    USART_GetFlagStatus                      0x080030e5   Thumb Code    26  stm32f10x_usart.o(.text)
    USART_ClearFlag                          0x080030ff   Thumb Code    18  stm32f10x_usart.o(.text)
    USART_GetITStatus                        0x08003111   Thumb Code    84  stm32f10x_usart.o(.text)
    USART_ClearITPendingBit                  0x08003165   Thumb Code    52  stm32f10x_usart.o(.text)
    DMA_DeInit                               0x08003199   Thumb Code   324  stm32f10x_dma.o(.text)
    DMA_Init                                 0x080032dd   Thumb Code    60  stm32f10x_dma.o(.text)
    DMA_StructInit                           0x08003319   Thumb Code    26  stm32f10x_dma.o(.text)
    DMA_Cmd                                  0x08003333   Thumb Code    24  stm32f10x_dma.o(.text)
    DMA_ITConfig                             0x0800334b   Thumb Code    18  stm32f10x_dma.o(.text)
    DMA_SetCurrDataCounter                   0x0800335d   Thumb Code     4  stm32f10x_dma.o(.text)
    DMA_GetCurrDataCounter                   0x08003361   Thumb Code     8  stm32f10x_dma.o(.text)
    DMA_GetFlagStatus                        0x08003369   Thumb Code    40  stm32f10x_dma.o(.text)
    DMA_ClearFlag                            0x08003391   Thumb Code    22  stm32f10x_dma.o(.text)
    DMA_GetITStatus                          0x080033a7   Thumb Code    40  stm32f10x_dma.o(.text)
    DMA_ClearITPendingBit                    0x080033cf   Thumb Code    22  stm32f10x_dma.o(.text)
    TIM_DeInit                               0x080033ed   Thumb Code   424  stm32f10x_tim.o(.text)
    TIM_TimeBaseInit                         0x08003595   Thumb Code   122  stm32f10x_tim.o(.text)
    TIM_OC1Init                              0x0800360f   Thumb Code   132  stm32f10x_tim.o(.text)
    TIM_OC2Init                              0x08003693   Thumb Code   154  stm32f10x_tim.o(.text)
    TIM_OC3Init                              0x0800372d   Thumb Code   150  stm32f10x_tim.o(.text)
    TIM_OC4Init                              0x080037c3   Thumb Code   182  stm32f10x_tim.o(.text)
    TIM_SetIC4Prescaler                      0x08003879   Thumb Code    26  stm32f10x_tim.o(.text)
    TIM_SetIC3Prescaler                      0x08003915   Thumb Code    18  stm32f10x_tim.o(.text)
    TIM_SetIC2Prescaler                      0x080039a1   Thumb Code    26  stm32f10x_tim.o(.text)
    TIM_SetIC1Prescaler                      0x08003a3d   Thumb Code    18  stm32f10x_tim.o(.text)
    TIM_ICInit                               0x08003abb   Thumb Code   150  stm32f10x_tim.o(.text)
    TIM_PWMIConfig                           0x08003b51   Thumb Code   124  stm32f10x_tim.o(.text)
    TIM_BDTRConfig                           0x08003bcd   Thumb Code    32  stm32f10x_tim.o(.text)
    TIM_TimeBaseStructInit                   0x08003bed   Thumb Code    18  stm32f10x_tim.o(.text)
    TIM_OCStructInit                         0x08003bff   Thumb Code    20  stm32f10x_tim.o(.text)
    TIM_ICStructInit                         0x08003c13   Thumb Code    18  stm32f10x_tim.o(.text)
    TIM_BDTRStructInit                       0x08003c25   Thumb Code    40  stm32f10x_tim.o(.text)
    TIM_Cmd                                  0x08003c4d   Thumb Code    24  stm32f10x_tim.o(.text)
    TIM_CtrlPWMOutputs                       0x08003c65   Thumb Code    30  stm32f10x_tim.o(.text)
    TIM_ITConfig                             0x08003c83   Thumb Code    18  stm32f10x_tim.o(.text)
    TIM_GenerateEvent                        0x08003c95   Thumb Code     4  stm32f10x_tim.o(.text)
    TIM_DMAConfig                            0x08003c99   Thumb Code    10  stm32f10x_tim.o(.text)
    TIM_DMACmd                               0x08003ca3   Thumb Code    18  stm32f10x_tim.o(.text)
    TIM_InternalClockConfig                  0x08003cb5   Thumb Code    12  stm32f10x_tim.o(.text)
    TIM_SelectInputTrigger                   0x08003cc1   Thumb Code    18  stm32f10x_tim.o(.text)
    TIM_ITRxExternalClockConfig              0x08003cd3   Thumb Code    24  stm32f10x_tim.o(.text)
    TIM_TIxExternalClockConfig               0x08003ceb   Thumb Code    62  stm32f10x_tim.o(.text)
    TIM_ETRConfig                            0x08003d29   Thumb Code    28  stm32f10x_tim.o(.text)
    TIM_ETRClockMode1Config                  0x08003d45   Thumb Code    54  stm32f10x_tim.o(.text)
    TIM_ETRClockMode2Config                  0x08003d7b   Thumb Code    32  stm32f10x_tim.o(.text)
    TIM_PrescalerConfig                      0x08003d9b   Thumb Code     6  stm32f10x_tim.o(.text)
    TIM_CounterModeConfig                    0x08003da1   Thumb Code    18  stm32f10x_tim.o(.text)
    TIM_EncoderInterfaceConfig               0x08003db3   Thumb Code    66  stm32f10x_tim.o(.text)
    TIM_ForcedOC1Config                      0x08003df5   Thumb Code    18  stm32f10x_tim.o(.text)
    TIM_ForcedOC2Config                      0x08003e07   Thumb Code    26  stm32f10x_tim.o(.text)
    TIM_ForcedOC3Config                      0x08003e21   Thumb Code    18  stm32f10x_tim.o(.text)
    TIM_ForcedOC4Config                      0x08003e33   Thumb Code    26  stm32f10x_tim.o(.text)
    TIM_ARRPreloadConfig                     0x08003e4d   Thumb Code    24  stm32f10x_tim.o(.text)
    TIM_SelectCOM                            0x08003e65   Thumb Code    24  stm32f10x_tim.o(.text)
    TIM_SelectCCDMA                          0x08003e7d   Thumb Code    24  stm32f10x_tim.o(.text)
    TIM_CCPreloadControl                     0x08003e95   Thumb Code    24  stm32f10x_tim.o(.text)
    TIM_OC1PreloadConfig                     0x08003ead   Thumb Code    18  stm32f10x_tim.o(.text)
    TIM_OC2PreloadConfig                     0x08003ebf   Thumb Code    26  stm32f10x_tim.o(.text)
    TIM_OC3PreloadConfig                     0x08003ed9   Thumb Code    18  stm32f10x_tim.o(.text)
    TIM_OC4PreloadConfig                     0x08003eeb   Thumb Code    26  stm32f10x_tim.o(.text)
    TIM_OC1FastConfig                        0x08003f05   Thumb Code    18  stm32f10x_tim.o(.text)
    TIM_OC2FastConfig                        0x08003f17   Thumb Code    26  stm32f10x_tim.o(.text)
    TIM_OC3FastConfig                        0x08003f31   Thumb Code    18  stm32f10x_tim.o(.text)
    TIM_OC4FastConfig                        0x08003f43   Thumb Code    26  stm32f10x_tim.o(.text)
    TIM_ClearOC1Ref                          0x08003f5d   Thumb Code    18  stm32f10x_tim.o(.text)
    TIM_ClearOC2Ref                          0x08003f6f   Thumb Code    24  stm32f10x_tim.o(.text)
    TIM_ClearOC3Ref                          0x08003f87   Thumb Code    18  stm32f10x_tim.o(.text)
    TIM_ClearOC4Ref                          0x08003f99   Thumb Code    24  stm32f10x_tim.o(.text)
    TIM_OC1PolarityConfig                    0x08003fb1   Thumb Code    18  stm32f10x_tim.o(.text)
    TIM_OC1NPolarityConfig                   0x08003fc3   Thumb Code    18  stm32f10x_tim.o(.text)
    TIM_OC2PolarityConfig                    0x08003fd5   Thumb Code    26  stm32f10x_tim.o(.text)
    TIM_OC2NPolarityConfig                   0x08003fef   Thumb Code    26  stm32f10x_tim.o(.text)
    TIM_OC3PolarityConfig                    0x08004009   Thumb Code    26  stm32f10x_tim.o(.text)
    TIM_OC3NPolarityConfig                   0x08004023   Thumb Code    26  stm32f10x_tim.o(.text)
    TIM_OC4PolarityConfig                    0x0800403d   Thumb Code    26  stm32f10x_tim.o(.text)
    TIM_CCxCmd                               0x08004057   Thumb Code    30  stm32f10x_tim.o(.text)
    TIM_CCxNCmd                              0x08004075   Thumb Code    30  stm32f10x_tim.o(.text)
    TIM_SelectOCxM                           0x08004093   Thumb Code    82  stm32f10x_tim.o(.text)
    TIM_UpdateDisableConfig                  0x080040e5   Thumb Code    24  stm32f10x_tim.o(.text)
    TIM_UpdateRequestConfig                  0x080040fd   Thumb Code    24  stm32f10x_tim.o(.text)
    TIM_SelectHallSensor                     0x08004115   Thumb Code    24  stm32f10x_tim.o(.text)
    TIM_SelectOnePulseMode                   0x0800412d   Thumb Code    18  stm32f10x_tim.o(.text)
    TIM_SelectOutputTrigger                  0x0800413f   Thumb Code    18  stm32f10x_tim.o(.text)
    TIM_SelectSlaveMode                      0x08004151   Thumb Code    18  stm32f10x_tim.o(.text)
    TIM_SelectMasterSlaveMode                0x08004163   Thumb Code    18  stm32f10x_tim.o(.text)
    TIM_SetCounter                           0x08004175   Thumb Code     4  stm32f10x_tim.o(.text)
    TIM_SetAutoreload                        0x08004179   Thumb Code     4  stm32f10x_tim.o(.text)
    TIM_SetCompare1                          0x0800417d   Thumb Code     4  stm32f10x_tim.o(.text)
    TIM_SetCompare2                          0x08004181   Thumb Code     4  stm32f10x_tim.o(.text)
    TIM_SetCompare3                          0x08004185   Thumb Code     4  stm32f10x_tim.o(.text)
    TIM_SetCompare4                          0x08004189   Thumb Code     6  stm32f10x_tim.o(.text)
    TIM_SetClockDivision                     0x0800418f   Thumb Code    18  stm32f10x_tim.o(.text)
    TIM_GetCapture1                          0x080041a1   Thumb Code     6  stm32f10x_tim.o(.text)
    TIM_GetCapture2                          0x080041a7   Thumb Code     6  stm32f10x_tim.o(.text)
    TIM_GetCapture3                          0x080041ad   Thumb Code     6  stm32f10x_tim.o(.text)
    TIM_GetCapture4                          0x080041b3   Thumb Code     8  stm32f10x_tim.o(.text)
    TIM_GetCounter                           0x080041bb   Thumb Code     6  stm32f10x_tim.o(.text)
    TIM_GetPrescaler                         0x080041c1   Thumb Code     6  stm32f10x_tim.o(.text)
    TIM_GetFlagStatus                        0x080041c7   Thumb Code    18  stm32f10x_tim.o(.text)
    TIM_ClearFlag                            0x080041d9   Thumb Code     6  stm32f10x_tim.o(.text)
    TIM_GetITStatus                          0x080041df   Thumb Code    34  stm32f10x_tim.o(.text)
    TIM_ClearITPendingBit                    0x08004201   Thumb Code     6  stm32f10x_tim.o(.text)
    __use_no_semihosting                     0x08004207   Thumb Code     2  use_no_semi_2.o(.text)
    toupper                                  0x08004209   Thumb Code    30  toupper.o(.text)
    __2printf                                0x08004229   Thumb Code    20  noretval__2printf.o(.text)
    _printf_pre_padding                      0x08004241   Thumb Code    44  _printf_pad.o(.text)
    _printf_post_padding                     0x0800426d   Thumb Code    34  _printf_pad.o(.text)
    _printf_int_hex                          0x08004291   Thumb Code    84  _printf_hex_int.o(.text)
    _printf_longlong_hex                     0x08004291   Thumb Code     0  _printf_hex_int.o(.text)
    __printf                                 0x080042e9   Thumb Code   270  __printf_wp.o(.text)
    __aeabi_memcpy                           0x080043f7   Thumb Code     0  rt_memcpy_v6.o(.text)
    __rt_memcpy                              0x080043f7   Thumb Code   138  rt_memcpy_v6.o(.text)
    _memcpy_lastbytes                        0x0800445d   Thumb Code     0  rt_memcpy_v6.o(.text)
    __aeabi_memclr                           0x08004481   Thumb Code     0  rt_memclr.o(.text)
    __rt_memclr                              0x08004481   Thumb Code    68  rt_memclr.o(.text)
    _memset                                  0x08004485   Thumb Code     0  rt_memclr.o(.text)
    __aeabi_memclr4                          0x080044c5   Thumb Code     0  rt_memclr_w.o(.text)
    __aeabi_memclr8                          0x080044c5   Thumb Code     0  rt_memclr_w.o(.text)
    __rt_memclr_w                            0x080044c5   Thumb Code    78  rt_memclr_w.o(.text)
    _memset_w                                0x080044c9   Thumb Code     0  rt_memclr_w.o(.text)
    __use_two_region_memory                  0x08004513   Thumb Code     2  heapauxi.o(.text)
    __rt_heap_escrow$2region                 0x08004515   Thumb Code     2  heapauxi.o(.text)
    __rt_heap_expand$2region                 0x08004517   Thumb Code     2  heapauxi.o(.text)
    __I$use$semihosting                      0x08004519   Thumb Code     0  use_no_semi.o(.text)
    __use_no_semihosting_swi                 0x08004519   Thumb Code     2  use_no_semi.o(.text)
    __rt_ctype_table                         0x0800451d   Thumb Code    16  rt_ctype_table.o(.text)
    _printf_int_common                       0x0800452d   Thumb Code   178  _printf_intcommon.o(.text)
    _printf_char_file                        0x080045e1   Thumb Code    32  _printf_char_file.o(.text)
    __aeabi_memcpy4                          0x08004605   Thumb Code     0  rt_memcpy_w.o(.text)
    __aeabi_memcpy8                          0x08004605   Thumb Code     0  rt_memcpy_w.o(.text)
    __rt_memcpy_w                            0x08004605   Thumb Code   100  rt_memcpy_w.o(.text)
    _memcpy_lastbytes_aligned                0x0800464d   Thumb Code     0  rt_memcpy_w.o(.text)
    __rt_locale                              0x08004669   Thumb Code     8  rt_locale_intlibspace.o(.text)
    _printf_char_common                      0x0800467b   Thumb Code    32  _printf_char_common.o(.text)
    ferror                                   0x080046a1   Thumb Code     8  ferror.o(.text)
    __user_libspace                          0x080046a9   Thumb Code     8  libspace.o(.text)
    __user_perproc_libspace                  0x080046a9   Thumb Code     0  libspace.o(.text)
    __user_perthread_libspace                0x080046a9   Thumb Code     0  libspace.o(.text)
    __user_setup_stackheap                   0x080046b1   Thumb Code    74  sys_stackheap_outer.o(.text)
    exit                                     0x080046fb   Thumb Code    12  exit.o(.text)
    strcmp                                   0x08004709   Thumb Code   128  strcmpv7m.o(.text)
    _is_digit                                0x08004789   Thumb Code    14  __printf_wp.o(i._is_digit)
    _get_lc_ctype                            0x08004799   Thumb Code    44  lc_ctype_c.o(locale$$code)
    Region$$Table$$Base                      0x080047f8   Number         0  anon$$obj.o(Region$$Table)
    Region$$Table$$Limit                     0x08004818   Number         0  anon$$obj.o(Region$$Table)
    __ctype                                  0x08004825   Data           0  lc_ctype_c.o(locale$$data)
    ANDROID_DEST_ADDR                        0x20000000   Data           4  main.o(.data)
    motor_ck_time                            0x20000004   Data           2  main.o(.data)
    alarm_time                               0x20000006   Data           2  main.o(.data)
    global_mode                              0x20000008   Data           1  main.o(.data)
    IR_CAP_START_FLG                         0x20000009   Data           1  main.o(.data)
    m_mode                                   0x2000000a   Data           1  main.o(.data)
    join_LED_S                               0x2000000c   Data           2  main.o(.data)
    send_urt_time                            0x2000000e   Data           2  main.o(.data)
    JDQ_NOW_STATUS                           0x20000010   Data           1  main.o(.data)
    JDQ_WILL_STATUS                          0x20000011   Data           1  main.o(.data)
    JDQ_time                                 0x20000012   Data           2  main.o(.data)
    PC_KEY_FLAG                              0x20000014   Data           1  main.o(.data)
    SystemCoreClock                          0x20000018   Data           4  system_stm32f10x.o(.data)
    AHBPrescTable                            0x2000001c   Data          16  system_stm32f10x.o(.data)
    __stdout                                 0x2000002c   Data           4  usart1.o(.data)
    USART_RX_STA                             0x20000030   Data           2  usart1.o(.data)
    MCU_UID                                  0x20000050   Data          12  main.o(.bss)
    IR_CAP1                                  0x2000005c   Data        2062  main.o(.bss)
    DMA_InitStructure                        0x2000086c   Data          44  dma.o(.bss)
    USART_RX_BUF                             0x20000898   Data         200  usart1.o(.bss)
    UART3_zigbee_st                          0x20000960   Data        2453  usart_cfg.o(.bss)
    UART4_st                                 0x200012f5   Data        2453  usart_cfg.o(.bss)
    UART2_android_st                         0x20001c8a   Data        2453  usart_cfg.o(.bss)
    android_TRAN_info                        0x2000261f   Data          14  usart2_android.o(.bss)
    gb_dat                                   0x2000262d   Data          18  usart2_android.o(.bss)
    __libspace_start                         0x20002640   Data          96  libspace.o(.bss)
    __temporary_stack_top$libspace           0x200026a0   Data           0  libspace.o(.bss)



==============================================================================

Memory Map of the image

  Image Entry point : 0x08000131

  Load Region LR_IROM1 (Base: 0x08000000, Size: 0x00004978, Max: 0x00040000, ABSOLUTE)

    Execution Region ER_IROM1 (Base: 0x08000000, Size: 0x00004928, Max: 0x00040000, ABSOLUTE)

    Base Addr    Size         Type   Attr      Idx    E Section Name        Object

    0x08000000   0x00000130   Data   RO          432    RESET               startup_stm32f10x_hd.o
    0x08000130   0x00000008   Code   RO          671  * !!!main             c_w.l(__main.o)
    0x08000138   0x00000034   Code   RO          852    !!!scatter          c_w.l(__scatter.o)
    0x0800016c   0x0000001a   Code   RO          854    !!handler_copy      c_w.l(__scatter_copy.o)
    0x08000186   0x00000002   PAD
    0x08000188   0x0000001c   Code   RO          856    !!handler_zi        c_w.l(__scatter_zi.o)
    0x080001a4   0x00000000   Code   RO          660    .ARM.Collect$$_printf_percent$$00000000  c_w.l(_printf_percent.o)
    0x080001a4   0x00000006   Code   RO          659    .ARM.Collect$$_printf_percent$$0000000C  c_w.l(_printf_x.o)
    0x080001aa   0x00000004   Code   RO          682    .ARM.Collect$$_printf_percent$$00000017  c_w.l(_printf_percent_end.o)
    0x080001ae   0x00000002   Code   RO          730    .ARM.Collect$$libinit$$00000000  c_w.l(libinit.o)
    0x080001b0   0x00000000   Code   RO          732    .ARM.Collect$$libinit$$00000002  c_w.l(libinit2.o)
    0x080001b0   0x00000000   Code   RO          734    .ARM.Collect$$libinit$$00000004  c_w.l(libinit2.o)
    0x080001b0   0x00000000   Code   RO          737    .ARM.Collect$$libinit$$0000000A  c_w.l(libinit2.o)
    0x080001b0   0x00000000   Code   RO          739    .ARM.Collect$$libinit$$0000000C  c_w.l(libinit2.o)
    0x080001b0   0x00000000   Code   RO          741    .ARM.Collect$$libinit$$0000000E  c_w.l(libinit2.o)
    0x080001b0   0x00000006   Code   RO          742    .ARM.Collect$$libinit$$0000000F  c_w.l(libinit2.o)
    0x080001b6   0x00000000   Code   RO          744    .ARM.Collect$$libinit$$00000011  c_w.l(libinit2.o)
    0x080001b6   0x0000000c   Code   RO          745    .ARM.Collect$$libinit$$00000012  c_w.l(libinit2.o)
    0x080001c2   0x00000000   Code   RO          746    .ARM.Collect$$libinit$$00000013  c_w.l(libinit2.o)
    0x080001c2   0x00000000   Code   RO          748    .ARM.Collect$$libinit$$00000015  c_w.l(libinit2.o)
    0x080001c2   0x00000000   Code   RO          750    .ARM.Collect$$libinit$$00000017  c_w.l(libinit2.o)
    0x080001c2   0x00000000   Code   RO          752    .ARM.Collect$$libinit$$00000019  c_w.l(libinit2.o)
    0x080001c2   0x00000000   Code   RO          754    .ARM.Collect$$libinit$$0000001B  c_w.l(libinit2.o)
    0x080001c2   0x00000000   Code   RO          756    .ARM.Collect$$libinit$$0000001D  c_w.l(libinit2.o)
    0x080001c2   0x00000000   Code   RO          758    .ARM.Collect$$libinit$$0000001F  c_w.l(libinit2.o)
    0x080001c2   0x00000000   Code   RO          760    .ARM.Collect$$libinit$$00000021  c_w.l(libinit2.o)
    0x080001c2   0x00000000   Code   RO          762    .ARM.Collect$$libinit$$00000023  c_w.l(libinit2.o)
    0x080001c2   0x00000000   Code   RO          764    .ARM.Collect$$libinit$$00000025  c_w.l(libinit2.o)
    0x080001c2   0x00000000   Code   RO          768    .ARM.Collect$$libinit$$0000002C  c_w.l(libinit2.o)
    0x080001c2   0x00000000   Code   RO          770    .ARM.Collect$$libinit$$0000002E  c_w.l(libinit2.o)
    0x080001c2   0x00000000   Code   RO          772    .ARM.Collect$$libinit$$00000030  c_w.l(libinit2.o)
    0x080001c2   0x00000000   Code   RO          774    .ARM.Collect$$libinit$$00000032  c_w.l(libinit2.o)
    0x080001c2   0x00000002   Code   RO          775    .ARM.Collect$$libinit$$00000033  c_w.l(libinit2.o)
    0x080001c4   0x00000002   Code   RO          803    .ARM.Collect$$libshutdown$$00000000  c_w.l(libshutdown.o)
    0x080001c6   0x00000000   Code   RO          813    .ARM.Collect$$libshutdown$$00000003  c_w.l(libshutdown2.o)
    0x080001c6   0x00000000   Code   RO          816    .ARM.Collect$$libshutdown$$00000006  c_w.l(libshutdown2.o)
    0x080001c6   0x00000000   Code   RO          819    .ARM.Collect$$libshutdown$$00000009  c_w.l(libshutdown2.o)
    0x080001c6   0x00000000   Code   RO          821    .ARM.Collect$$libshutdown$$0000000B  c_w.l(libshutdown2.o)
    0x080001c6   0x00000000   Code   RO          824    .ARM.Collect$$libshutdown$$0000000E  c_w.l(libshutdown2.o)
    0x080001c6   0x00000002   Code   RO          825    .ARM.Collect$$libshutdown$$0000000F  c_w.l(libshutdown2.o)
    0x080001c8   0x00000000   Code   RO          675    .ARM.Collect$$rtentry$$00000000  c_w.l(__rtentry.o)
    0x080001c8   0x00000000   Code   RO          686    .ARM.Collect$$rtentry$$00000002  c_w.l(__rtentry2.o)
    0x080001c8   0x00000006   Code   RO          698    .ARM.Collect$$rtentry$$00000004  c_w.l(__rtentry4.o)
    0x080001ce   0x00000000   Code   RO          688    .ARM.Collect$$rtentry$$00000009  c_w.l(__rtentry2.o)
    0x080001ce   0x00000004   Code   RO          689    .ARM.Collect$$rtentry$$0000000A  c_w.l(__rtentry2.o)
    0x080001d2   0x00000000   Code   RO          691    .ARM.Collect$$rtentry$$0000000C  c_w.l(__rtentry2.o)
    0x080001d2   0x00000008   Code   RO          692    .ARM.Collect$$rtentry$$0000000D  c_w.l(__rtentry2.o)
    0x080001da   0x00000002   Code   RO          776    .ARM.Collect$$rtexit$$00000000  c_w.l(rtexit.o)
    0x080001dc   0x00000000   Code   RO          783    .ARM.Collect$$rtexit$$00000002  c_w.l(rtexit2.o)
    0x080001dc   0x00000004   Code   RO          784    .ARM.Collect$$rtexit$$00000003  c_w.l(rtexit2.o)
    0x080001e0   0x00000006   Code   RO          785    .ARM.Collect$$rtexit$$00000004  c_w.l(rtexit2.o)
    0x080001e6   0x00000002   PAD
    0x080001e8   0x00000170   Code   RO            1    .text               main.o
    0x08000358   0x0000001a   Code   RO          142    .text               stm32f10x_it.o
    0x08000372   0x00000002   PAD
    0x08000374   0x000001e0   Code   RO          181    .text               system_stm32f10x.o
    0x08000554   0x000000d4   Code   RO          199    .text               led.o
    0x08000628   0x00000070   Code   RO          224    .text               dma.o
    0x08000698   0x00000140   Code   RO          240    .text               usart1.o
    0x080007d8   0x00000254   Code   RO          312    .text               timer.o
    0x08000a2c   0x000000d4   Code   RO          333    .text               delay.o
    0x08000b00   0x0000000c   Code   RO          347    .text               sys.o
    0x08000b0c   0x00000738   Code   RO          359    .text               usart4_zig1.o
    0x08001244   0x0000052c   Code   RO          371    .text               usart_cfg.o
    0x08001770   0x0000087c   Code   RO          389    .text               usart3_zigbee.o
    0x08001fec   0x00000588   Code   RO          401    .text               usart2_android.o
    0x08002574   0x00000040   Code   RO          433    .text               startup_stm32f10x_hd.o
    0x080025b4   0x000000dc   Code   RO          437    .text               misc.o
    0x08002690   0x0000035c   Code   RO          449    .text               stm32f10x_gpio.o
    0x080029ec   0x000003a4   Code   RO          461    .text               stm32f10x_rcc.o
    0x08002d90   0x00000408   Code   RO          475    .text               stm32f10x_usart.o
    0x08003198   0x00000254   Code   RO          487    .text               stm32f10x_dma.o
    0x080033ec   0x00000e1a   Code   RO          544    .text               stm32f10x_tim.o
    0x08004206   0x00000002   Code   RO          606    .text               c_w.l(use_no_semi_2.o)
    0x08004208   0x0000001e   Code   RO          608    .text               c_w.l(toupper.o)
    0x08004226   0x00000002   PAD
    0x08004228   0x00000018   Code   RO          612    .text               c_w.l(noretval__2printf.o)
    0x08004240   0x0000004e   Code   RO          616    .text               c_w.l(_printf_pad.o)
    0x0800428e   0x00000002   PAD
    0x08004290   0x00000058   Code   RO          621    .text               c_w.l(_printf_hex_int.o)
    0x080042e8   0x0000010e   Code   RO          647    .text               c_w.l(__printf_wp.o)
    0x080043f6   0x0000008a   Code   RO          663    .text               c_w.l(rt_memcpy_v6.o)
    0x08004480   0x00000044   Code   RO          665    .text               c_w.l(rt_memclr.o)
    0x080044c4   0x0000004e   Code   RO          667    .text               c_w.l(rt_memclr_w.o)
    0x08004512   0x00000006   Code   RO          669    .text               c_w.l(heapauxi.o)
    0x08004518   0x00000002   Code   RO          673    .text               c_w.l(use_no_semi.o)
    0x0800451a   0x00000002   PAD
    0x0800451c   0x00000010   Code   RO          676    .text               c_w.l(rt_ctype_table.o)
    0x0800452c   0x000000b2   Code   RO          678    .text               c_w.l(_printf_intcommon.o)
    0x080045de   0x00000002   PAD
    0x080045e0   0x00000024   Code   RO          680    .text               c_w.l(_printf_char_file.o)
    0x08004604   0x00000064   Code   RO          683    .text               c_w.l(rt_memcpy_w.o)
    0x08004668   0x00000008   Code   RO          703    .text               c_w.l(rt_locale_intlibspace.o)
    0x08004670   0x00000030   Code   RO          705    .text               c_w.l(_printf_char_common.o)
    0x080046a0   0x00000008   Code   RO          707    .text               c_w.l(ferror.o)
    0x080046a8   0x00000008   Code   RO          714    .text               c_w.l(libspace.o)
    0x080046b0   0x0000004a   Code   RO          717    .text               c_w.l(sys_stackheap_outer.o)
    0x080046fa   0x0000000c   Code   RO          721    .text               c_w.l(exit.o)
    0x08004706   0x00000002   PAD
    0x08004708   0x00000080   Code   RO          723    .text               c_w.l(strcmpv7m.o)
    0x08004788   0x0000000e   Code   RO          649    i._is_digit         c_w.l(__printf_wp.o)
    0x08004796   0x00000002   PAD
    0x08004798   0x0000002c   Code   RO          712    locale$$code        c_w.l(lc_ctype_c.o)
    0x080047c4   0x0000000c   Data   RO            3    .constdata          main.o
    0x080047d0   0x00000028   Data   RO          622    .constdata          c_w.l(_printf_hex_int.o)
    0x080047f8   0x00000020   Data   RO          850    Region$$Table       anon$$obj.o
    0x08004818   0x00000110   Data   RO          711    locale$$data        c_w.l(lc_ctype_c.o)


    Execution Region RW_IRAM1 (Base: 0x20000000, Size: 0x000030a0, Max: 0x0000c000, ABSOLUTE)

    Base Addr    Size         Type   Attr      Idx    E Section Name        Object

    0x20000000   0x00000015   Data   RW            4    .data               main.o
    0x20000015   0x00000003   PAD
    0x20000018   0x00000014   Data   RW          182    .data               system_stm32f10x.o
    0x2000002c   0x00000006   Data   RW          242    .data               usart1.o
    0x20000032   0x00000004   Data   RW          313    .data               timer.o
    0x20000036   0x00000004   Data   RW          334    .data               delay.o
    0x2000003a   0x00000014   Data   RW          462    .data               stm32f10x_rcc.o
    0x2000004e   0x00000002   PAD
    0x20000050   0x0000081a   Zero   RW            2    .bss                main.o
    0x2000086a   0x00000002   PAD
    0x2000086c   0x0000002c   Zero   RW          225    .bss                dma.o
    0x20000898   0x000000c8   Zero   RW          241    .bss                usart1.o
    0x20000960   0x00001cbf   Zero   RW          372    .bss                usart_cfg.o
    0x2000261f   0x00000020   Zero   RW          402    .bss                usart2_android.o
    0x2000263f   0x00000001   PAD
    0x20002640   0x00000060   Zero   RW          715    .bss                c_w.l(libspace.o)
    0x200026a0   0x00000200   Zero   RW          431    HEAP                startup_stm32f10x_hd.o
    0x200028a0   0x00000800   Zero   RW          430    STACK               startup_stm32f10x_hd.o


==============================================================================

Image component sizes


      Code (inc. data)   RO Data    RW Data    ZI Data      Debug   Object Name

         0          0          0          0          0         32   core_cm3.o
       212         18          0          4          0       1027   delay.o
       112          4          0          0         44       1495   dma.o
       212         24          0          0          0        562   led.o
       368         38         12         21       2074     266526   main.o
       220         22          0          0          0       1801   misc.o
        64         26        304          0       2560        792   startup_stm32f10x_hd.o
       596          8          0          0          0       4330   stm32f10x_dma.o
       860         38          0          0          0       5649   stm32f10x_gpio.o
        26          0          0          0          0       1182   stm32f10x_it.o
       932         36          0         20          0       8824   stm32f10x_rcc.o
      3610         88          0          0          0      22132   stm32f10x_tim.o
      1032         22          0          0          0       8372   stm32f10x_usart.o
        12          0          0          0          0        453   sys.o
       480         38          0         20          0       1743   system_stm32f10x.o
       596         50          0          4          0       3898   timer.o
       320         16          0          6        200       3179   usart1.o
      1416         98          0          0         32       4336   usart2_android.o
      2172        134          0          0          0       5998   usart3_zigbee.o
      1848         44          0          0          0       5411   usart4_zig1.o
      1324         80          0          0       7359       3374   usart_cfg.o

    ----------------------------------------------------------------------
     16414        784        348         80      12272     351116   Object Totals
         0          0         32          0          0          0   (incl. Generated)
         2          0          0          5          3          0   (incl. Padding)

    ----------------------------------------------------------------------

      Code (inc. data)   RO Data    RW Data    ZI Data      Debug   Library Member Name

         8          0          0          0          0         68   __main.o
       284          0          0          0          0        156   __printf_wp.o
         0          0          0          0          0          0   __rtentry.o
        12          0          0          0          0          0   __rtentry2.o
         6          0          0          0          0          0   __rtentry4.o
        52          8          0          0          0          0   __scatter.o
        26          0          0          0          0          0   __scatter_copy.o
        28          0          0          0          0          0   __scatter_zi.o
        48          6          0          0          0         96   _printf_char_common.o
        36          4          0          0          0         80   _printf_char_file.o
        88          4         40          0          0         88   _printf_hex_int.o
       178          0          0          0          0         88   _printf_intcommon.o
        78          0          0          0          0        108   _printf_pad.o
         0          0          0          0          0          0   _printf_percent.o
         4          0          0          0          0          0   _printf_percent_end.o
         6          0          0          0          0          0   _printf_x.o
        12          0          0          0          0         72   exit.o
         8          0          0          0          0         68   ferror.o
         6          0          0          0          0        152   heapauxi.o
        44         10        272          0          0         76   lc_ctype_c.o
         2          0          0          0          0          0   libinit.o
        20          0          0          0          0          0   libinit2.o
         2          0          0          0          0          0   libshutdown.o
         2          0          0          0          0          0   libshutdown2.o
         8          4          0          0         96         68   libspace.o
        24          4          0          0          0         84   noretval__2printf.o
        16          4          0          0          0         76   rt_ctype_table.o
         8          4          0          0          0         68   rt_locale_intlibspace.o
        68          0          0          0          0         68   rt_memclr.o
        78          0          0          0          0         80   rt_memclr_w.o
       138          0          0          0          0         68   rt_memcpy_v6.o
       100          0          0          0          0         80   rt_memcpy_w.o
         2          0          0          0          0          0   rtexit.o
        10          0          0          0          0          0   rtexit2.o
       128          0          0          0          0         68   strcmpv7m.o
        74          0          0          0          0         80   sys_stackheap_outer.o
        30          0          0          0          0         76   toupper.o
         2          0          0          0          0         68   use_no_semi.o
         2          0          0          0          0         68   use_no_semi_2.o

    ----------------------------------------------------------------------
      1654         48        312          0         96       2004   Library Totals
        16          0          0          0          0          0   (incl. Padding)

    ----------------------------------------------------------------------

      Code (inc. data)   RO Data    RW Data    ZI Data      Debug   Library Name

      1638         48        312          0         96       2004   c_w.l

    ----------------------------------------------------------------------
      1654         48        312          0         96       2004   Library Totals

    ----------------------------------------------------------------------

==============================================================================


      Code (inc. data)   RO Data    RW Data    ZI Data      Debug   

     18068        832        660         80      12368     350204   Grand Totals
     18068        832        660         80      12368     350204   ELF Image Totals
     18068        832        660         80          0          0   ROM Totals

==============================================================================

    Total RO  Size (Code + RO Data)                18728 (  18.29kB)
    Total RW  Size (RW Data + ZI Data)             12448 (  12.16kB)
    Total ROM Size (Code + RO Data + RW Data)      18808 (  18.37kB)

==============================================================================

